
Memory Configuration

Name             Origin             Length             Attributes
*default*        0x0000000000000000 0xffffffffffffffff

Linker script and memory map


.text           0x0000000000000000       0xa0
 *(.text)
 .text          0x0000000000000000       0x34 user.o
                0x0000000000000000                user_ipc_test
 .text          0x0000000000000034        0x0 user_sys.o
 .text          0x0000000000000034       0x6c user_sys_ipc.o
                0x0000000000000034                call_send_msg

.iplt           0x00000000000000a0        0x0
 .iplt          0x00000000000000a0        0x0 user.o

.text.user      0x00000000000000a0       0xf8
 .text.user     0x00000000000000a0       0xf8 user_sys.o
                0x00000000000000a0                user_delay
                0x00000000000000ac                call_sys_write
                0x00000000000000b8                call_sys_write_int
                0x00000000000000c4                call_sys_exit
                0x00000000000000d0                call_sys_fork
                0x00000000000000dc                call_sys_led
                0x00000000000000e8                call_sys_read
                0x00000000000000f4                thread_create
                0x0000000000000100                thread_self
                0x000000000000010c                thread_join
                0x0000000000000118                thread_signal
                0x0000000000000124                call_sys_list
                0x0000000000000130                call_sys_cd
                0x000000000000013c                call_sys_dump
                0x0000000000000148                call_sys_root
                0x0000000000000154                call_sys_mod
                0x0000000000000160                call_sys_send
                0x000000000000016c                thread_mutex_lock
                0x0000000000000180                thread_equal

.rodata         0x0000000000000198       0x38
 *(.rodata)
 .rodata        0x0000000000000198       0x38 user.o

.rela.dyn       0x00000000000001d0        0x0
 .rela.iplt     0x00000000000001d0        0x0 user.o

.data           0x00000000000001d0        0x0
 *(.data)
 .data          0x00000000000001d0        0x0 user.o
 .data          0x00000000000001d0        0x0 user_sys.o
 .data          0x00000000000001d0        0x0 user_sys_ipc.o

.igot.plt       0x00000000000001d0        0x0
 .igot.plt      0x00000000000001d0        0x0 user.o

.bss            0x00000000000001d0        0x0
 *(.bss*)
 .bss           0x00000000000001d0        0x0 user.o
 .bss           0x00000000000001d0        0x0 user_sys.o
 .bss           0x00000000000001d0        0x0 user_sys_ipc.o
LOAD user.o
LOAD user_sys.o
LOAD user_sys_ipc.o
OUTPUT(test.elf elf64-littleaarch64)

.comment        0x0000000000000000       0x3b
 .comment       0x0000000000000000       0x3b user.o
                                         0x3c (size before relaxing)
 .comment       0x000000000000003b       0x3c user_sys_ipc.o

.note.GNU-stack
                0x0000000000000000        0x0
 .note.GNU-stack
                0x0000000000000000        0x0 user.o
 .note.GNU-stack
                0x0000000000000000        0x0 user_sys_ipc.o
