
Allocating common symbols
Common symbol       size              file

prev_childregs      0x8               build/proc_manager/sched_c.o
origin              0x8               build/file_system/fs_c.o
page_prev           0x8               build/proc_manager/sched_c.o
fat_addr            0x4               build/kernel/kernel_c.o
user_page_start     0x8               build/kernel/kernel_c.o
prev_real_regs      0x8               build/proc_manager/sched_c.o
page_next           0x8               build/proc_manager/sched_c.o
next_real_regs      0x8               build/proc_manager/sched_c.o
sd_ocr              0x8               build/device/sd_c.o
sd_err              0x8               build/device/sd_c.o
mail                0x300             build/proc_manager/pm_deamon_c.o
prev_real           0x8               build/proc_manager/sched_c.o
sd_rca              0x8               build/device/sd_c.o
next_real           0x8               build/proc_manager/sched_c.o
sd_scr              0x10              build/device/sd_c.o
prev                0x8               build/proc_manager/sched_c.o
file_dir            0x280             build/file_system/fs_c.o
dir                 0x8               build/file_system/fat_c.o
init_page           0x8               build/proc_manager/sched_c.o
next_childregs      0x8               build/proc_manager/sched_c.o
sd_hv               0x8               build/device/sd_c.o

Memory Configuration

Name             Origin             Length             Attributes
*default*        0x0000000000000000 0xffffffffffffffff

Linker script and memory map

                0xffff000000000000                . = 0xffff000000000000

.text.boot      0xffff000000000000      0x1a0
 *(.text.boot)
 .text.boot     0xffff000000000000      0x1a0 build/kernel/boot_s.o
                0xffff000000000000                _start
                0xffff000000001000                . = ALIGN (0x1000)
                0xffff000000001000                user_begin = .

.text.user      0xffff000000001000      0x5f4
 build/user*(.text)
 .text          0xffff000000001000      0x1f8 build/user_testcode/user_c.o
                0xffff000000001000                loop
                0xffff000000001078                add
                0xffff0000000010dc                user_process_1
 .text          0xffff0000000011f8      0x348 build/user_testcode/terminal_c.o
                0xffff0000000011f8                shell_user_process
 .text.user     0xffff000000001540       0xb4 build/app/user_sys_s.o
                0xffff000000001540                user_delay
                0xffff00000000154c                call_sys_write
                0xffff000000001558                call_sys_write_int
                0xffff000000001564                call_sys_exit
                0xffff000000001570                call_sys_fork
                0xffff00000000157c                call_sys_led
                0xffff000000001588                call_sys_read
                0xffff000000001594                thread_create
                0xffff0000000015a0                thread_self
                0xffff0000000015ac                thread_join
                0xffff0000000015b8                thread_signal
                0xffff0000000015c4                call_sys_list
                0xffff0000000015d0                call_sys_cd
                0xffff0000000015dc                thread_equal

.rodata.user    0xffff0000000015f8      0x154
 build/user*(.rodata)
 .rodata        0xffff0000000015f8       0xae build/user_testcode/user_c.o
 *fill*         0xffff0000000016a6        0x2 
 .rodata        0xffff0000000016a8       0xa4 build/user_testcode/terminal_c.o

.data.user      0xffff00000000174c        0x0
 build/user*(.data)
 .data          0xffff00000000174c        0x0 build/user_testcode/user_c.o
 .data          0xffff00000000174c        0x0 build/user_testcode/terminal_c.o

.bss.user       0xffff00000000174c       0x10
 build/user*(.bss)
 .bss           0xffff00000000174c        0xc build/user_testcode/user_c.o
                0xffff00000000174c                t
                0xffff000000001750                thread
                0xffff000000001754                thread_2
 .bss           0xffff000000001758        0x4 build/user_testcode/terminal_c.o
                0xffff00000000175c                user_end = .

.text           0xffff000000001800     0x6188
 *(.text)
 .text          0xffff000000001800      0x69c build/file_system/fat_c.o
                0xffff000000001800                fat_getpartition
                0xffff0000000019dc                fat_getcluster
                0xffff000000001b78                fat_readfile
                0xffff000000001db8                fat_listdirectory
 .text          0xffff000000001e9c      0x488 build/file_system/fs_c.o
                0xffff000000001e9c                build_root
                0xffff000000001ebc                search_file
                0xffff000000001ff8                list
                0xffff0000000021f0                cd
                0xffff00000000226c                fs_daemon
 .text          0xffff000000002324      0x26c build/proc_manager/pm_deamon_c.o
                0xffff000000002324                pm_daemon
                0xffff0000000024c0                send_pm_daemon
 .text          0xffff000000002590       0xb8 build/proc_manager/irq_c.o
                0xffff000000002590                enable_interrupt_controller
                0xffff0000000025b8                show_invalid_entry_message
                0xffff0000000025fc                handle_irq
 .text          0xffff000000002648       0x28 build/proc_manager/ipc_c.o
                0xffff000000002648                recieve
                0xffff000000002658                send
 .text          0xffff000000002670      0x554 build/proc_manager/sched_c.o
                0xffff000000002670                preempt_disable
                0xffff0000000026a4                preempt_enable
                0xffff0000000026d8                _schedule
                0xffff000000002934                schedule
                0xffff000000002960                switch_to
                0xffff000000002ad8                schedule_tail
                0xffff000000002af0                timer_tick
                0xffff000000002b7c                timer3_tick
                0xffff000000002b84                exit_process
 .text          0xffff000000002bc4      0x64c build/proc_manager/thread_c.o
                0xffff000000002bc4                thread_end
                0xffff000000002be4                pthread_exit
                0xffff000000002bf8                error
                0xffff000000002c28                add_thread
                0xffff000000002ebc                thread_id_self
                0xffff000000002ed0                hi
                0xffff000000002ef0                signal
                0xffff000000002f24                _thread_join
                0xffff000000002fc4                __pthread_mutex_lock
                0xffff00000000317c                thread_cond_timedwait_internal
                0xffff0000000031b8                thread_block
                0xffff0000000031e8                thread_cond_wait
 .text          0xffff000000003210      0x1cc build/proc_manager/timer_c.o
                0xffff000000003210                timer_init
                0xffff000000003288                handle_timer_irq
                0xffff0000000032f8                get_system_timer
                0xffff000000003390                wait_msec_st
 .text          0xffff0000000033dc      0x724 build/memory_manager/mm_c.o
                0xffff0000000033dc                allocate_kernel_page
                0xffff000000003414                allocate_pcb_space
                0xffff0000000034d8                allocate_user_page
                0xffff000000003528                get_free_page
                0xffff0000000035c0                free_page
                0xffff0000000035ec                map_table_entry
                0xffff000000003648                map_table
                0xffff000000003704                map_page
                0xffff000000003938                copy_virt_memory
                0xffff000000003a40                do_mem_abort
 .text          0xffff000000003b00      0x978 build/kernel/printf_c.o
                0xffff000000003e8c                tfp_format
                0xffff0000000042d4                init_printf
                0xffff00000000430c                tfp_printf
                0xffff0000000043e0                tfp_sprintf
 .text          0xffff000000004478      0x230 build/kernel/kernel_c.o
                0xffff000000004478                kernel_process
                0xffff0000000044fc                kernel_main
 .text          0xffff0000000046a8      0x638 build/device/mini_uart_c.o
                0xffff0000000046a8                uart_send
                0xffff0000000046fc                uart_recv
                0xffff000000004744                uart_send_string
                0xffff00000000479c                uart_init
                0xffff0000000048e0                set_gpio
                0xffff00000000495c                uart_puts
                0xffff0000000049b4                uart_hex
                0xffff000000004a34                uart_dump
                0xffff000000004be0                putc
                0xffff000000004c04                pr_int
                0xffff000000004cc4                pr_T
 .text          0xffff000000004ce0       0xb4 build/device/delays_c.o
                0xffff000000004ce0                wait_cycles
                0xffff000000004d1c                wait_msec
 .text          0xffff000000004d94       0x64 build/device/led_blink_c.o
                0xffff000000004d94                led_blink
 .text          0xffff000000004df8     0x1380 build/device/sd_c.o
                0xffff000000004df8                sd_status
                0xffff000000004eb8                sd_int
                0xffff000000004fd4                sd_cmd
                0xffff000000005318                sd_readblock
                0xffff0000000055d4                sd_clk
                0xffff0000000058f8                sd_init
 .text          0xffff000000006178      0x184 build/app/sys_c.o
                0xffff000000006178                sys_write
                0xffff000000006198                sys_write_int
                0xffff0000000061b8                sys_fork
                0xffff0000000061d8                sys_exit
                0xffff0000000061f0                sys_led
                0xffff000000006208                sys_read
                0xffff000000006220                sys_create_thread
                0xffff000000006254                sys_thread_self
                0xffff000000006268                sys_thread_join
                0xffff000000006290                sys_thread_exit
                0xffff0000000062a4                sys_thread_signal
                0xffff0000000062c4                sys_list_file
                0xffff0000000062dc                sys_cd_folder
 .text          0xffff0000000062fc      0x44c build/app/fork_c.o
                0xffff0000000062fc                copy_process
                0xffff000000006660                move_to_user_mode
                0xffff000000006728                task_pt_regs
 .text          0xffff000000006748       0x1c build/proc_manager/irq_s.o
                0xffff000000006748                irq_vector_init
                0xffff000000006754                enable_irq
                0xffff00000000675c                disable_irq
 .text          0xffff000000006764       0x50 build/proc_manager/sched_s.o
                0xffff000000006764                cpu_switch_to
 .text          0xffff0000000067b4       0x4c build/memory_manager/mm_s.o
                0xffff0000000067b4                memcpy
                0xffff0000000067c8                memcmp
                0xffff0000000067f0                memzero
 .text          0xffff000000006800     0x1134 build/kernel/entry_s.o
                0xffff000000006800                vectors
                0xffff0000000078c4                ret_from_fork
                0xffff000000007930                err_hang
 .text          0xffff000000007934        0x0 build/kernel/boot_s.o
 .text          0xffff000000007934       0x54 build/device/utils_s.o
                0xffff000000007934                get_el
                0xffff000000007940                put32
                0xffff000000007948                get32
                0xffff000000007950                delay
                0xffff00000000795c                set_pgd
                0xffff000000007970                get_pgd
 .text          0xffff000000007988        0x0 build/app/user_sys_s.o

.iplt           0xffff000000007988        0x0
 .iplt          0xffff000000007988        0x0 build/file_system/fat_c.o

.rodata         0xffff000000007988      0x7f7
 *(.rodata)
 .rodata        0xffff000000007988       0xce build/file_system/fat_c.o
 *fill*         0xffff000000007a56        0x2 
 .rodata        0xffff000000007a58       0x94 build/file_system/fs_c.o
 *fill*         0xffff000000007aec        0x4 
 .rodata        0xffff000000007af0       0x58 build/proc_manager/pm_deamon_c.o
 .rodata        0xffff000000007b48      0x1da build/proc_manager/irq_c.o
 *fill*         0xffff000000007d22        0x6 
 .rodata        0xffff000000007d28       0x9d build/proc_manager/thread_c.o
                0xffff000000007d28                __pthread_default_mutexattr
                0xffff000000007d38                __pthread_errorcheck_mutexattr
                0xffff000000007d48                __pthread_recursive_mutexattr
 *fill*         0xffff000000007dc5        0x3 
 .rodata        0xffff000000007dc8        0x4 build/proc_manager/timer_c.o
                0xffff000000007dc8                interval
 *fill*         0xffff000000007dcc        0x4 
 .rodata        0xffff000000007dd0       0x55 build/memory_manager/mm_c.o
 *fill*         0xffff000000007e25        0x3 
 .rodata        0xffff000000007e28       0x99 build/kernel/kernel_c.o
 *fill*         0xffff000000007ec1        0x7 
 .rodata        0xffff000000007ec8        0x3 build/device/mini_uart_c.o
 *fill*         0xffff000000007ecb        0x5 
 .rodata        0xffff000000007ed0      0x1fc build/device/sd_c.o
 *fill*         0xffff0000000080cc        0x4 
 .rodata        0xffff0000000080d0       0x68 build/app/sys_c.o
                0xffff0000000080d0                sys_call_table
 .rodata        0xffff000000008138       0x47 build/app/fork_c.o

.rela.dyn       0xffff000000008180        0x0
 .rela.iplt     0xffff000000008180        0x0 build/file_system/fat_c.o

.data           0xffff000000008180      0x390
 *(.data)
 .data          0xffff000000008180        0x0 build/file_system/fat_c.o
 .data          0xffff000000008180        0x0 build/file_system/fs_c.o
 .data          0xffff000000008180        0x0 build/proc_manager/pm_deamon_c.o
 .data          0xffff000000008180       0x90 build/proc_manager/irq_c.o
                0xffff000000008180                entry_error_messages
 .data          0xffff000000008210        0x0 build/proc_manager/ipc_c.o
 .data          0xffff000000008210      0x2fc build/proc_manager/sched_c.o
                0xffff000000008210                init_priority
                0xffff000000008218                init_flags
                0xffff000000008220                init_task_0
                0xffff0000000082c8                init_task_1
                0xffff000000008370                init_task_2
                0xffff000000008418                init_task_3
                0xffff0000000084c0                current
                0xffff0000000084c8                task_prio_table
                0xffff0000000084e8                head
                0xffff000000008508                nr_tasks
 .data          0xffff00000000850c        0x0 build/proc_manager/thread_c.o
 .data          0xffff00000000850c        0x0 build/proc_manager/timer_c.o
 .data          0xffff00000000850c        0x4 build/memory_manager/mm_c.o
 .data          0xffff000000008510        0x0 build/kernel/printf_c.o
 .data          0xffff000000008510        0x0 build/kernel/kernel_c.o
 .data          0xffff000000008510        0x0 build/device/mini_uart_c.o
 .data          0xffff000000008510        0x0 build/device/delays_c.o
 .data          0xffff000000008510        0x0 build/device/led_blink_c.o
 .data          0xffff000000008510        0x0 build/device/sd_c.o
 .data          0xffff000000008510        0x0 build/app/sys_c.o
 .data          0xffff000000008510        0x0 build/app/fork_c.o
 .data          0xffff000000008510        0x0 build/proc_manager/irq_s.o
 .data          0xffff000000008510        0x0 build/proc_manager/sched_s.o
 .data          0xffff000000008510        0x0 build/memory_manager/mm_s.o
 .data          0xffff000000008510        0x0 build/kernel/entry_s.o
 .data          0xffff000000008510        0x0 build/kernel/boot_s.o
 .data          0xffff000000008510        0x0 build/device/utils_s.o
 .data          0xffff000000008510        0x0 build/app/user_sys_s.o

.igot.plt       0xffff000000008510        0x0
 .igot.plt      0xffff000000008510        0x0 build/file_system/fat_c.o
                0xffff000000008510                . = ALIGN (0x8)
                0xffff000000008510                bss_begin = .

.bss            0xffff000000008510    0x86180
 *(.bss*)
 .bss           0xffff000000008510        0x4 build/file_system/fat_c.o
 *fill*         0xffff000000008514        0x4 
 .bss           0xffff000000008518      0x104 build/file_system/fs_c.o
                0xffff000000008518                fs_mail
 .bss           0xffff00000000861c        0x8 build/proc_manager/pm_deamon_c.o
 .bss           0xffff000000008624        0x0 build/proc_manager/irq_c.o
 .bss           0xffff000000008624        0x4 build/proc_manager/ipc_c.o
 .bss           0xffff000000008628      0x224 build/proc_manager/sched_c.o
                0xffff000000008628                init_cpu
                0xffff000000008690                init_state
                0xffff000000008698                init_counter
                0xffff0000000086a0                init_preempt_count
                0xffff0000000086a8                init_mm
                0xffff000000008840                next
 *fill*         0xffff00000000884c        0x4 
 .bss           0xffff000000008850     0x8004 build/proc_manager/thread_c.o
                0xffff000000008850                thread_id_table
 .bss           0xffff000000010854        0x4 build/proc_manager/timer_c.o
                0xffff000000010854                curVal
 .bss           0xffff000000010858    0x7d808 build/memory_manager/mm_c.o
 .bss           0xffff00000008e060       0x10 build/kernel/printf_c.o
 .bss           0xffff00000008e070        0x0 build/kernel/kernel_c.o
 .bss           0xffff00000008e070        0x0 build/device/mini_uart_c.o
 .bss           0xffff00000008e070        0x0 build/device/delays_c.o
 .bss           0xffff00000008e070        0x0 build/device/led_blink_c.o
 .bss           0xffff00000008e070        0x0 build/device/sd_c.o
 .bss           0xffff00000008e070        0x0 build/app/sys_c.o
 .bss           0xffff00000008e070        0x0 build/app/fork_c.o
 .bss           0xffff00000008e070        0x0 build/proc_manager/irq_s.o
 .bss           0xffff00000008e070        0x0 build/proc_manager/sched_s.o
 .bss           0xffff00000008e070        0x0 build/memory_manager/mm_s.o
 .bss           0xffff00000008e070        0x0 build/kernel/entry_s.o
 .bss           0xffff00000008e070        0x0 build/kernel/boot_s.o
 .bss           0xffff00000008e070        0x0 build/device/utils_s.o
 .bss           0xffff00000008e070        0x0 build/app/user_sys_s.o
 COMMON         0xffff00000008e070        0x8 build/file_system/fat_c.o
                0xffff00000008e070                dir
 COMMON         0xffff00000008e078      0x288 build/file_system/fs_c.o
                0xffff00000008e078                origin
                0xffff00000008e080                file_dir
 COMMON         0xffff00000008e300      0x300 build/proc_manager/pm_deamon_c.o
                0xffff00000008e300                mail
 COMMON         0xffff00000008e600       0x50 build/proc_manager/sched_c.o
                0xffff00000008e600                prev_childregs
                0xffff00000008e608                page_prev
                0xffff00000008e610                prev_real_regs
                0xffff00000008e618                page_next
                0xffff00000008e620                next_real_regs
                0xffff00000008e628                prev_real
                0xffff00000008e630                next_real
                0xffff00000008e638                prev
                0xffff00000008e640                init_page
                0xffff00000008e648                next_childregs
 COMMON         0xffff00000008e650       0x10 build/kernel/kernel_c.o
                0xffff00000008e650                fat_addr
                0xffff00000008e658                user_page_start
 COMMON         0xffff00000008e660       0x30 build/device/sd_c.o
                0xffff00000008e660                sd_ocr
                0xffff00000008e668                sd_err
                0xffff00000008e670                sd_rca
                0xffff00000008e678                sd_scr
                0xffff00000008e688                sd_hv
                0xffff00000008e690                bss_end = .
                0xffff00000008f000                . = ALIGN (0x1000)
                0xffff00000008f000                pg_dir = .

.data.pgd       0xffff00000008f000     0x3000
                0xffff000000092000                . = (. + 0x3000)
 *fill*         0xffff00000008f000     0x3000 
                0xffff000000092000                _end = .
LOAD build/file_system/fat_c.o
LOAD build/file_system/fs_c.o
LOAD build/user_testcode/user_c.o
LOAD build/user_testcode/terminal_c.o
LOAD build/proc_manager/pm_deamon_c.o
LOAD build/proc_manager/irq_c.o
LOAD build/proc_manager/ipc_c.o
LOAD build/proc_manager/sched_c.o
LOAD build/proc_manager/thread_c.o
LOAD build/proc_manager/timer_c.o
LOAD build/memory_manager/mm_c.o
LOAD build/kernel/printf_c.o
LOAD build/kernel/kernel_c.o
LOAD build/device/mini_uart_c.o
LOAD build/device/delays_c.o
LOAD build/device/led_blink_c.o
LOAD build/device/sd_c.o
LOAD build/app/sys_c.o
LOAD build/app/fork_c.o
LOAD build/proc_manager/irq_s.o
LOAD build/proc_manager/sched_s.o
LOAD build/memory_manager/mm_s.o
LOAD build/kernel/entry_s.o
LOAD build/kernel/boot_s.o
LOAD build/device/utils_s.o
LOAD build/app/user_sys_s.o
OUTPUT(build/kernel8.elf elf64-littleaarch64)

.comment        0x0000000000000000       0x3b
 .comment       0x0000000000000000       0x3b build/file_system/fat_c.o
                                         0x3c (size before relaxing)
 .comment       0x000000000000003b       0x3c build/file_system/fs_c.o
 .comment       0x000000000000003b       0x3c build/user_testcode/user_c.o
 .comment       0x000000000000003b       0x3c build/user_testcode/terminal_c.o
 .comment       0x000000000000003b       0x3c build/proc_manager/pm_deamon_c.o
 .comment       0x000000000000003b       0x3c build/proc_manager/irq_c.o
 .comment       0x000000000000003b       0x3c build/proc_manager/ipc_c.o
 .comment       0x000000000000003b       0x3c build/proc_manager/sched_c.o
 .comment       0x000000000000003b       0x3c build/proc_manager/thread_c.o
 .comment       0x000000000000003b       0x3c build/proc_manager/timer_c.o
 .comment       0x000000000000003b       0x3c build/memory_manager/mm_c.o
 .comment       0x000000000000003b       0x3c build/kernel/printf_c.o
 .comment       0x000000000000003b       0x3c build/kernel/kernel_c.o
 .comment       0x000000000000003b       0x3c build/device/mini_uart_c.o
 .comment       0x000000000000003b       0x3c build/device/delays_c.o
 .comment       0x000000000000003b       0x3c build/device/led_blink_c.o
 .comment       0x000000000000003b       0x3c build/device/sd_c.o
 .comment       0x000000000000003b       0x3c build/app/sys_c.o
 .comment       0x000000000000003b       0x3c build/app/fork_c.o

.note.GNU-stack
                0x0000000000000000        0x0
 .note.GNU-stack
                0x0000000000000000        0x0 build/file_system/fat_c.o
 .note.GNU-stack
                0x0000000000000000        0x0 build/file_system/fs_c.o
 .note.GNU-stack
                0x0000000000000000        0x0 build/user_testcode/user_c.o
 .note.GNU-stack
                0x0000000000000000        0x0 build/user_testcode/terminal_c.o
 .note.GNU-stack
                0x0000000000000000        0x0 build/proc_manager/pm_deamon_c.o
 .note.GNU-stack
                0x0000000000000000        0x0 build/proc_manager/irq_c.o
 .note.GNU-stack
                0x0000000000000000        0x0 build/proc_manager/ipc_c.o
 .note.GNU-stack
                0x0000000000000000        0x0 build/proc_manager/sched_c.o
 .note.GNU-stack
                0x0000000000000000        0x0 build/proc_manager/thread_c.o
 .note.GNU-stack
                0x0000000000000000        0x0 build/proc_manager/timer_c.o
 .note.GNU-stack
                0x0000000000000000        0x0 build/memory_manager/mm_c.o
 .note.GNU-stack
                0x0000000000000000        0x0 build/kernel/printf_c.o
 .note.GNU-stack
                0x0000000000000000        0x0 build/kernel/kernel_c.o
 .note.GNU-stack
                0x0000000000000000        0x0 build/device/mini_uart_c.o
 .note.GNU-stack
                0x0000000000000000        0x0 build/device/delays_c.o
 .note.GNU-stack
                0x0000000000000000        0x0 build/device/led_blink_c.o
 .note.GNU-stack
                0x0000000000000000        0x0 build/device/sd_c.o
 .note.GNU-stack
                0x0000000000000000        0x0 build/app/sys_c.o
 .note.GNU-stack
                0x0000000000000000        0x0 build/app/fork_c.o
