
Allocating common symbols
Common symbol       size              file

prev_childregs      0x8               build/proc_manager/sched_c.o
page_prev           0x8               build/proc_manager/sched_c.o
user_page_start     0x8               build/kernel/kernel_c.o
prev_real_regs      0x8               build/proc_manager/sched_c.o
page_next           0x8               build/proc_manager/sched_c.o
next_real_regs      0x8               build/proc_manager/sched_c.o
sd_ocr              0x8               build/device/sd_c.o
sd_err              0x8               build/device/sd_c.o
prev_real           0x8               build/proc_manager/sched_c.o
sd_rca              0x8               build/device/sd_c.o
next_real           0x8               build/proc_manager/sched_c.o
sd_scr              0x10              build/device/sd_c.o
prev                0x8               build/proc_manager/sched_c.o
init_page           0x8               build/proc_manager/sched_c.o
next_childregs      0x8               build/proc_manager/sched_c.o
sd_hv               0x8               build/device/sd_c.o

Memory Configuration

Name             Origin             Length             Attributes
*default*        0x0000000000000000 0xffffffffffffffff

Linker script and memory map

                0xffff000000000000                . = 0xffff000000000000

.text.boot      0xffff000000000000      0x1a0
 *(.text.boot)
 .text.boot     0xffff000000000000      0x1a0 build/kernel/boot_s.o
                0xffff000000000000                _start
                0xffff000000001000                . = ALIGN (0x1000)
                0xffff000000001000                user_begin = .

.text.user      0xffff000000001000      0x204
 build/user*(.text)
 .text          0xffff000000001000      0x1a4 build/user_testcode/user_c.o
                0xffff000000001000                loop
                0xffff000000001078                add
                0xffff0000000010c0                user_process
 .text.user     0xffff0000000011a4       0x60 build/app/user_sys_s.o
                0xffff0000000011a4                user_delay
                0xffff0000000011b0                call_sys_write
                0xffff0000000011bc                call_sys_write_int
                0xffff0000000011c8                call_sys_exit
                0xffff0000000011d4                call_sys_fork
                0xffff0000000011e0                call_sys_led
                0xffff0000000011ec                call_sys_read
                0xffff0000000011f8                create_thread

.rodata.user    0xffff000000001208       0x7e
 build/user*(.rodata)
 .rodata        0xffff000000001208       0x7e build/user_testcode/user_c.o

.data.user      0xffff000000001286        0x0
 build/user*(.data)
 .data          0xffff000000001286        0x0 build/user_testcode/user_c.o

.bss.user       0xffff000000001288        0x4
 build/user*(.bss)
 .bss           0xffff000000001288        0x4 build/user_testcode/user_c.o
                0xffff000000001288                t
                0xffff00000000128c                user_end = .

.text           0xffff000000001800     0x5988
 *(.text)
 .text          0xffff000000001800      0xa98 build/file_system/fat_c.o
                0xffff000000001800                fat_getpartition
                0xffff0000000019dc                fat_getcluster
                0xffff000000001cf4                fat_readfile
                0xffff000000001ffc                fat_listdirectory
 .text          0xffff000000002298       0xb8 build/proc_manager/irq_c.o
                0xffff000000002298                enable_interrupt_controller
                0xffff0000000022c0                show_invalid_entry_message
                0xffff000000002304                handle_irq
 .text          0xffff000000002350      0x4b0 build/proc_manager/sched_c.o
                0xffff000000002350                preempt_disable
                0xffff000000002384                preempt_enable
                0xffff0000000023b8                _schedule
                0xffff000000002514                schedule
                0xffff000000002540                switch_to
                0xffff0000000026d0                schedule_tail
                0xffff0000000026e8                timer_tick
                0xffff000000002774                timer3_tick
                0xffff00000000277c                exit_process
 .text          0xffff000000002800       0xe8 build/proc_manager/timer_c.o
                0xffff000000002800                timer_init
                0xffff000000002878                handle_timer_irq
 .text          0xffff0000000028e8      0x724 build/memory_manager/mm_c.o
                0xffff0000000028e8                allocate_kernel_page
                0xffff000000002920                allocate_pcb_space
                0xffff0000000029e4                allocate_user_page
                0xffff000000002a34                get_free_page
                0xffff000000002acc                free_page
                0xffff000000002af8                map_table_entry
                0xffff000000002b54                map_table
                0xffff000000002c10                map_page
                0xffff000000002e44                copy_virt_memory
                0xffff000000002f4c                do_mem_abort
 .text          0xffff00000000300c      0x978 build/kernel/printf_c.o
                0xffff000000003398                tfp_format
                0xffff0000000037e0                init_printf
                0xffff000000003818                tfp_printf
                0xffff0000000038ec                tfp_sprintf
 .text          0xffff000000003984       0xfc build/kernel/kernel_c.o
                0xffff000000003984                kernel_process
                0xffff000000003a08                kernel_main
 .text          0xffff000000003a80      0x638 build/device/mini_uart_c.o
                0xffff000000003a80                uart_send
                0xffff000000003ad4                uart_recv
                0xffff000000003b1c                uart_send_string
                0xffff000000003b74                uart_init
                0xffff000000003cb8                set_gpio
                0xffff000000003d34                uart_puts
                0xffff000000003d8c                uart_hex
                0xffff000000003e0c                uart_dump
                0xffff000000003fb8                putc
                0xffff000000003fdc                pr_int
                0xffff00000000409c                pr_T
 .text          0xffff0000000040b8      0x190 build/device/delays_c.o
                0xffff0000000040b8                wait_cycles
                0xffff0000000040f4                wait_msec
                0xffff00000000416c                get_system_timer
                0xffff0000000041fc                wait_msec_st
 .text          0xffff000000004248       0x64 build/device/led_blink_c.o
                0xffff000000004248                led_blink
 .text          0xffff0000000042ac     0x1414 build/device/sd_c.o
                0xffff0000000042ac                sd_status
                0xffff00000000436c                sd_int
                0xffff000000004488                sd_cmd
                0xffff0000000047f8                sd_readblock
                0xffff000000004ae8                sd_clk
                0xffff000000004e40                sd_init
 .text          0xffff0000000056c0      0x2bc build/app/sys_c.o
                0xffff0000000056c0                sys_write
                0xffff0000000056e0                sys_write_int
                0xffff000000005700                sys_fork
                0xffff000000005720                sys_exit
                0xffff000000005738                sys_led
                0xffff000000005750                sys_read
                0xffff000000005768                thread_end
                0xffff000000005780                sys_create_thread
 .text          0xffff00000000597c      0x2f4 build/app/fork_c.o
                0xffff00000000597c                copy_process
                0xffff000000005b88                move_to_user_mode
                0xffff000000005c50                task_pt_regs
 .text          0xffff000000005c70       0x1c build/proc_manager/irq_s.o
                0xffff000000005c70                irq_vector_init
                0xffff000000005c7c                enable_irq
                0xffff000000005c84                disable_irq
 .text          0xffff000000005c8c       0x50 build/proc_manager/sched_s.o
                0xffff000000005c8c                cpu_switch_to
 .text          0xffff000000005cdc       0x4c build/memory_manager/mm_s.o
                0xffff000000005cdc                memcpy
                0xffff000000005cf0                memcmp
                0xffff000000005d18                memzero
 *fill*         0xffff000000005d28      0x2d8 
 .text          0xffff000000006000     0x1134 build/kernel/entry_s.o
                0xffff000000006000                vectors
                0xffff0000000070c4                ret_from_fork
                0xffff000000007130                err_hang
 .text          0xffff000000007134        0x0 build/kernel/boot_s.o
 .text          0xffff000000007134       0x54 build/device/utils_s.o
                0xffff000000007134                get_el
                0xffff000000007140                put32
                0xffff000000007148                get32
                0xffff000000007150                delay
                0xffff00000000715c                set_pgd
                0xffff000000007170                get_pgd
 .text          0xffff000000007188        0x0 build/app/user_sys_s.o

.iplt           0xffff000000007188        0x0
 .iplt          0xffff000000007188        0x0 build/file_system/fat_c.o

.rodata         0xffff000000007188      0x7d7
 *(.rodata)
 .rodata        0xffff000000007188      0x210 build/file_system/fat_c.o
 .rodata        0xffff000000007398      0x1da build/proc_manager/irq_c.o
 *fill*         0xffff000000007572        0x6 
 .rodata        0xffff000000007578       0x32 build/proc_manager/sched_c.o
 *fill*         0xffff0000000075aa        0x2 
 .rodata        0xffff0000000075ac        0x4 build/proc_manager/timer_c.o
                0xffff0000000075ac                interval
 .rodata        0xffff0000000075b0       0x55 build/memory_manager/mm_c.o
 *fill*         0xffff000000007605        0x3 
 .rodata        0xffff000000007608       0x44 build/kernel/kernel_c.o
 *fill*         0xffff00000000764c        0x4 
 .rodata        0xffff000000007650        0x3 build/device/mini_uart_c.o
 *fill*         0xffff000000007653        0x5 
 .rodata        0xffff000000007658      0x25c build/device/sd_c.o
 *fill*         0xffff0000000078b4        0x4 
 .rodata        0xffff0000000078b8       0x78 build/app/sys_c.o
                0xffff0000000078f8                sys_call_table
 .rodata        0xffff000000007930       0x2f build/app/fork_c.o

.rela.dyn       0xffff000000007960        0x0
 .rela.iplt     0xffff000000007960        0x0 build/file_system/fat_c.o

.data           0xffff000000007960      0x2e8
 *(.data)
 .data          0xffff000000007960        0x0 build/file_system/fat_c.o
 .data          0xffff000000007960       0x90 build/proc_manager/irq_c.o
                0xffff000000007960                entry_error_messages
 .data          0xffff0000000079f0      0x254 build/proc_manager/sched_c.o
                0xffff0000000079f0                init_priority
                0xffff0000000079f8                init_flags
                0xffff000000007a00                init_task
                0xffff000000007a38                current
                0xffff000000007a40                task
                0xffff000000007c40                nr_tasks
 .data          0xffff000000007c44        0x0 build/proc_manager/timer_c.o
 .data          0xffff000000007c44        0x4 build/memory_manager/mm_c.o
 .data          0xffff000000007c48        0x0 build/kernel/printf_c.o
 .data          0xffff000000007c48        0x0 build/kernel/kernel_c.o
 .data          0xffff000000007c48        0x0 build/device/mini_uart_c.o
 .data          0xffff000000007c48        0x0 build/device/delays_c.o
 .data          0xffff000000007c48        0x0 build/device/led_blink_c.o
 .data          0xffff000000007c48        0x0 build/device/sd_c.o
 .data          0xffff000000007c48        0x0 build/app/sys_c.o
 .data          0xffff000000007c48        0x0 build/app/fork_c.o
 .data          0xffff000000007c48        0x0 build/proc_manager/irq_s.o
 .data          0xffff000000007c48        0x0 build/proc_manager/sched_s.o
 .data          0xffff000000007c48        0x0 build/memory_manager/mm_s.o
 .data          0xffff000000007c48        0x0 build/kernel/entry_s.o
 .data          0xffff000000007c48        0x0 build/kernel/boot_s.o
 .data          0xffff000000007c48        0x0 build/device/utils_s.o
 .data          0xffff000000007c48        0x0 build/app/user_sys_s.o

.igot.plt       0xffff000000007c48        0x0
 .igot.plt      0xffff000000007c48        0x0 build/file_system/fat_c.o
                0xffff000000007c48                . = ALIGN (0x8)
                0xffff000000007c48                bss_begin = .

.bss            0xffff000000007c48    0x7dac8
 *(.bss*)
 .bss           0xffff000000007c48        0x4 build/file_system/fat_c.o
 .bss           0xffff000000007c4c        0x0 build/proc_manager/irq_c.o
 *fill*         0xffff000000007c4c        0x4 
 .bss           0xffff000000007c50      0x21c build/proc_manager/sched_c.o
                0xffff000000007c50                init_cpu
                0xffff000000007cb8                init_state
                0xffff000000007cc0                init_counter
                0xffff000000007cc8                init_preempt_count
                0xffff000000007cd0                init_mm
 .bss           0xffff000000007e6c        0x4 build/proc_manager/timer_c.o
                0xffff000000007e6c                curVal
 .bss           0xffff000000007e70    0x7d808 build/memory_manager/mm_c.o
 .bss           0xffff000000085678       0x10 build/kernel/printf_c.o
 .bss           0xffff000000085688        0x0 build/kernel/kernel_c.o
 .bss           0xffff000000085688        0x0 build/device/mini_uart_c.o
 .bss           0xffff000000085688        0x0 build/device/delays_c.o
 .bss           0xffff000000085688        0x0 build/device/led_blink_c.o
 .bss           0xffff000000085688        0x0 build/device/sd_c.o
 .bss           0xffff000000085688        0x0 build/app/sys_c.o
 .bss           0xffff000000085688        0x0 build/app/fork_c.o
 .bss           0xffff000000085688        0x0 build/proc_manager/irq_s.o
 .bss           0xffff000000085688        0x0 build/proc_manager/sched_s.o
 .bss           0xffff000000085688        0x0 build/memory_manager/mm_s.o
 .bss           0xffff000000085688        0x0 build/kernel/entry_s.o
 .bss           0xffff000000085688        0x0 build/kernel/boot_s.o
 .bss           0xffff000000085688        0x0 build/device/utils_s.o
 .bss           0xffff000000085688        0x0 build/app/user_sys_s.o
 COMMON         0xffff000000085688       0x50 build/proc_manager/sched_c.o
                0xffff000000085688                prev_childregs
                0xffff000000085690                page_prev
                0xffff000000085698                prev_real_regs
                0xffff0000000856a0                page_next
                0xffff0000000856a8                next_real_regs
                0xffff0000000856b0                prev_real
                0xffff0000000856b8                next_real
                0xffff0000000856c0                prev
                0xffff0000000856c8                init_page
                0xffff0000000856d0                next_childregs
 COMMON         0xffff0000000856d8        0x8 build/kernel/kernel_c.o
                0xffff0000000856d8                user_page_start
 COMMON         0xffff0000000856e0       0x30 build/device/sd_c.o
                0xffff0000000856e0                sd_ocr
                0xffff0000000856e8                sd_err
                0xffff0000000856f0                sd_rca
                0xffff0000000856f8                sd_scr
                0xffff000000085708                sd_hv
                0xffff000000085710                bss_end = .
                0xffff000000086000                . = ALIGN (0x1000)
                0xffff000000086000                pg_dir = .

.data.pgd       0xffff000000086000     0x3000
                0xffff000000089000                . = (. + 0x3000)
 *fill*         0xffff000000086000     0x3000 
                0xffff000000089000                _end = .
LOAD build/file_system/fat_c.o
LOAD build/user_testcode/user_c.o
LOAD build/proc_manager/irq_c.o
LOAD build/proc_manager/sched_c.o
LOAD build/proc_manager/timer_c.o
LOAD build/memory_manager/mm_c.o
LOAD build/kernel/printf_c.o
LOAD build/kernel/kernel_c.o
LOAD build/device/mini_uart_c.o
LOAD build/device/delays_c.o
LOAD build/device/led_blink_c.o
LOAD build/device/sd_c.o
LOAD build/app/sys_c.o
LOAD build/app/fork_c.o
LOAD build/proc_manager/irq_s.o
LOAD build/proc_manager/sched_s.o
LOAD build/memory_manager/mm_s.o
LOAD build/kernel/entry_s.o
LOAD build/kernel/boot_s.o
LOAD build/device/utils_s.o
LOAD build/app/user_sys_s.o
OUTPUT(build/kernel8.elf elf64-littleaarch64)

.comment        0x0000000000000000       0x3b
 .comment       0x0000000000000000       0x3b build/file_system/fat_c.o
                                         0x3c (size before relaxing)
 .comment       0x000000000000003b       0x3c build/user_testcode/user_c.o
 .comment       0x000000000000003b       0x3c build/proc_manager/irq_c.o
 .comment       0x000000000000003b       0x3c build/proc_manager/sched_c.o
 .comment       0x000000000000003b       0x3c build/proc_manager/timer_c.o
 .comment       0x000000000000003b       0x3c build/memory_manager/mm_c.o
 .comment       0x000000000000003b       0x3c build/kernel/printf_c.o
 .comment       0x000000000000003b       0x3c build/kernel/kernel_c.o
 .comment       0x000000000000003b       0x3c build/device/mini_uart_c.o
 .comment       0x000000000000003b       0x3c build/device/delays_c.o
 .comment       0x000000000000003b       0x3c build/device/led_blink_c.o
 .comment       0x000000000000003b       0x3c build/device/sd_c.o
 .comment       0x000000000000003b       0x3c build/app/sys_c.o
 .comment       0x000000000000003b       0x3c build/app/fork_c.o

.note.GNU-stack
                0x0000000000000000        0x0
 .note.GNU-stack
                0x0000000000000000        0x0 build/file_system/fat_c.o
 .note.GNU-stack
                0x0000000000000000        0x0 build/user_testcode/user_c.o
 .note.GNU-stack
                0x0000000000000000        0x0 build/proc_manager/irq_c.o
 .note.GNU-stack
                0x0000000000000000        0x0 build/proc_manager/sched_c.o
 .note.GNU-stack
                0x0000000000000000        0x0 build/proc_manager/timer_c.o
 .note.GNU-stack
                0x0000000000000000        0x0 build/memory_manager/mm_c.o
 .note.GNU-stack
                0x0000000000000000        0x0 build/kernel/printf_c.o
 .note.GNU-stack
                0x0000000000000000        0x0 build/kernel/kernel_c.o
 .note.GNU-stack
                0x0000000000000000        0x0 build/device/mini_uart_c.o
 .note.GNU-stack
                0x0000000000000000        0x0 build/device/delays_c.o
 .note.GNU-stack
                0x0000000000000000        0x0 build/device/led_blink_c.o
 .note.GNU-stack
                0x0000000000000000        0x0 build/device/sd_c.o
 .note.GNU-stack
                0x0000000000000000        0x0 build/app/sys_c.o
 .note.GNU-stack
                0x0000000000000000        0x0 build/app/fork_c.o
