
Allocating common symbols
Common symbol       size              file

prev_childregs      0x8               build/proc_manager/sched_c.o
page_prev           0x8               build/proc_manager/sched_c.o
user_page_start     0x8               build/kernel/kernel_c.o
prev_real_regs      0x8               build/proc_manager/sched_c.o
page_next           0x8               build/proc_manager/sched_c.o
next_real_regs      0x8               build/proc_manager/sched_c.o
sd_ocr              0x8               build/device/sd_c.o
sd_err              0x8               build/device/sd_c.o
prev_real           0x8               build/proc_manager/sched_c.o
sd_rca              0x8               build/device/sd_c.o
next_real           0x8               build/proc_manager/sched_c.o
sd_scr              0x10              build/device/sd_c.o
prev                0x8               build/proc_manager/sched_c.o
init_page           0x8               build/proc_manager/sched_c.o
next_childregs      0x8               build/proc_manager/sched_c.o
sd_hv               0x8               build/device/sd_c.o

Memory Configuration

Name             Origin             Length             Attributes
*default*        0x0000000000000000 0xffffffffffffffff

Linker script and memory map

                0xffff000000000000                . = 0xffff000000000000

.text.boot      0xffff000000000000      0x1a0
 *(.text.boot)
 .text.boot     0xffff000000000000      0x1a0 build/kernel/boot_s.o
                0xffff000000000000                _start
                0xffff000000001000                . = ALIGN (0x1000)
                0xffff000000001000                user_begin = .

.text.user      0xffff000000001000      0x2cc
 build/user*(.text)
 .text          0xffff000000001000      0x23c build/user_testcode/user_c.o
                0xffff000000001000                loop
                0xffff000000001078                add
                0xffff000000001128                user_process
 .text.user     0xffff00000000123c       0x90 build/app/user_sys_s.o
                0xffff00000000123c                user_delay
                0xffff000000001248                call_sys_write
                0xffff000000001254                call_sys_write_int
                0xffff000000001260                call_sys_exit
                0xffff00000000126c                call_sys_fork
                0xffff000000001278                call_sys_led
                0xffff000000001284                call_sys_read
                0xffff000000001290                thread_create
                0xffff00000000129c                thread_self
                0xffff0000000012a8                thread_join
                0xffff0000000012b4                thread_equal

.rodata.user    0xffff0000000012d0       0xb6
 build/user*(.rodata)
 .rodata        0xffff0000000012d0       0xb6 build/user_testcode/user_c.o

.data.user      0xffff000000001386        0x0
 build/user*(.data)
 .data          0xffff000000001386        0x0 build/user_testcode/user_c.o

.bss.user       0xffff000000001388        0x4
 build/user*(.bss)
 .bss           0xffff000000001388        0x4 build/user_testcode/user_c.o
                0xffff000000001388                t
                0xffff00000000138c                user_end = .

.text           0xffff000000001800     0x5988
 *(.text)
 .text          0xffff000000001800      0xa98 build/file_system/fat_c.o
                0xffff000000001800                fat_getpartition
                0xffff0000000019dc                fat_getcluster
                0xffff000000001cf4                fat_readfile
                0xffff000000001ffc                fat_listdirectory
 .text          0xffff000000002298       0xb8 build/proc_manager/irq_c.o
                0xffff000000002298                enable_interrupt_controller
                0xffff0000000022c0                show_invalid_entry_message
                0xffff000000002304                handle_irq
 .text          0xffff000000002350      0x4d4 build/proc_manager/sched_c.o
                0xffff000000002350                preempt_disable
                0xffff000000002384                preempt_enable
                0xffff0000000023b8                _schedule
                0xffff000000002538                schedule
                0xffff000000002564                switch_to
                0xffff0000000026f4                schedule_tail
                0xffff00000000270c                timer_tick
                0xffff000000002798                timer3_tick
                0xffff0000000027a0                exit_process
 .text          0xffff000000002824       0xe8 build/proc_manager/timer_c.o
                0xffff000000002824                timer_init
                0xffff00000000289c                handle_timer_irq
 .text          0xffff00000000290c      0x724 build/memory_manager/mm_c.o
                0xffff00000000290c                allocate_kernel_page
                0xffff000000002944                allocate_pcb_space
                0xffff000000002a08                allocate_user_page
                0xffff000000002a58                get_free_page
                0xffff000000002af0                free_page
                0xffff000000002b1c                map_table_entry
                0xffff000000002b78                map_table
                0xffff000000002c34                map_page
                0xffff000000002e68                copy_virt_memory
                0xffff000000002f70                do_mem_abort
 .text          0xffff000000003030      0x978 build/kernel/printf_c.o
                0xffff0000000033bc                tfp_format
                0xffff000000003804                init_printf
                0xffff00000000383c                tfp_printf
                0xffff000000003910                tfp_sprintf
 .text          0xffff0000000039a8       0xfc build/kernel/kernel_c.o
                0xffff0000000039a8                kernel_process
                0xffff000000003a2c                kernel_main
 .text          0xffff000000003aa4      0x638 build/device/mini_uart_c.o
                0xffff000000003aa4                uart_send
                0xffff000000003af8                uart_recv
                0xffff000000003b40                uart_send_string
                0xffff000000003b98                uart_init
                0xffff000000003cdc                set_gpio
                0xffff000000003d58                uart_puts
                0xffff000000003db0                uart_hex
                0xffff000000003e30                uart_dump
                0xffff000000003fdc                putc
                0xffff000000004000                pr_int
                0xffff0000000040c0                pr_T
 .text          0xffff0000000040dc      0x190 build/device/delays_c.o
                0xffff0000000040dc                wait_cycles
                0xffff000000004118                wait_msec
                0xffff000000004190                get_system_timer
                0xffff000000004220                wait_msec_st
 .text          0xffff00000000426c       0x64 build/device/led_blink_c.o
                0xffff00000000426c                led_blink
 .text          0xffff0000000042d0     0x1414 build/device/sd_c.o
                0xffff0000000042d0                sd_status
                0xffff000000004390                sd_int
                0xffff0000000044ac                sd_cmd
                0xffff00000000481c                sd_readblock
                0xffff000000004b0c                sd_clk
                0xffff000000004e64                sd_init
 .text          0xffff0000000056e4      0x12c build/app/sys_c.o
                0xffff0000000056e4                sys_write
                0xffff000000005704                sys_write_int
                0xffff000000005724                sys_fork
                0xffff000000005744                sys_exit
                0xffff00000000575c                sys_led
                0xffff000000005774                sys_read
                0xffff00000000578c                sys_create_thread
                0xffff0000000057c0                sys_thread_self
                0xffff0000000057d4                sys_thread_join
                0xffff0000000057fc                sys_pthread_exit
 .text          0xffff000000005810      0x2f4 build/app/fork_c.o
                0xffff000000005810                copy_process
                0xffff000000005a1c                move_to_user_mode
                0xffff000000005ae4                task_pt_regs
 .text          0xffff000000005b04      0x3f4 build/app/thread_c.o
                0xffff000000005b04                thread_end
                0xffff000000005b24                pthread_exit
                0xffff000000005b38                error
                0xffff000000005b68                add_thread
                0xffff000000005dd0                thread_id_self
                0xffff000000005de4                recieve
                0xffff000000005df4                send
                0xffff000000005e0c                _thread_join
 .text          0xffff000000005ef8       0x1c build/proc_manager/irq_s.o
                0xffff000000005ef8                irq_vector_init
                0xffff000000005f04                enable_irq
                0xffff000000005f0c                disable_irq
 .text          0xffff000000005f14       0x50 build/proc_manager/sched_s.o
                0xffff000000005f14                cpu_switch_to
 .text          0xffff000000005f64       0x4c build/memory_manager/mm_s.o
                0xffff000000005f64                memcpy
                0xffff000000005f78                memcmp
                0xffff000000005fa0                memzero
 *fill*         0xffff000000005fb0       0x50 
 .text          0xffff000000006000     0x1134 build/kernel/entry_s.o
                0xffff000000006000                vectors
                0xffff0000000070c4                ret_from_fork
                0xffff000000007130                err_hang
 .text          0xffff000000007134        0x0 build/kernel/boot_s.o
 .text          0xffff000000007134       0x54 build/device/utils_s.o
                0xffff000000007134                get_el
                0xffff000000007140                put32
                0xffff000000007148                get32
                0xffff000000007150                delay
                0xffff00000000715c                set_pgd
                0xffff000000007170                get_pgd
 .text          0xffff000000007188        0x0 build/app/user_sys_s.o

.iplt           0xffff000000007188        0x0
 .iplt          0xffff000000007188        0x0 build/file_system/fat_c.o

.rodata         0xffff000000007188      0x81b
 *(.rodata)
 .rodata        0xffff000000007188      0x210 build/file_system/fat_c.o
 .rodata        0xffff000000007398      0x1da build/proc_manager/irq_c.o
 *fill*         0xffff000000007572        0x6 
 .rodata        0xffff000000007578       0x32 build/proc_manager/sched_c.o
 *fill*         0xffff0000000075aa        0x2 
 .rodata        0xffff0000000075ac        0x4 build/proc_manager/timer_c.o
                0xffff0000000075ac                interval
 .rodata        0xffff0000000075b0       0x55 build/memory_manager/mm_c.o
 *fill*         0xffff000000007605        0x3 
 .rodata        0xffff000000007608       0x44 build/kernel/kernel_c.o
 *fill*         0xffff00000000764c        0x4 
 .rodata        0xffff000000007650        0x3 build/device/mini_uart_c.o
 *fill*         0xffff000000007653        0x5 
 .rodata        0xffff000000007658      0x25c build/device/sd_c.o
 *fill*         0xffff0000000078b4        0x4 
 .rodata        0xffff0000000078b8       0x50 build/app/sys_c.o
                0xffff0000000078b8                sys_call_table
 .rodata        0xffff000000007908       0x2f build/app/fork_c.o
 *fill*         0xffff000000007937        0x1 
 .rodata        0xffff000000007938       0x6b build/app/thread_c.o

.rela.dyn       0xffff0000000079a8        0x0
 .rela.iplt     0xffff0000000079a8        0x0 build/file_system/fat_c.o

.data           0xffff0000000079a8     0x42f8
 *(.data)
 .data          0xffff0000000079a8        0x0 build/file_system/fat_c.o
 .data          0xffff0000000079a8       0x90 build/proc_manager/irq_c.o
                0xffff0000000079a8                entry_error_messages
 .data          0xffff000000007a38      0x264 build/proc_manager/sched_c.o
                0xffff000000007a38                init_priority
                0xffff000000007a40                init_flags
                0xffff000000007a48                init_task
                0xffff000000007a90                current
                0xffff000000007a98                task
                0xffff000000007c98                nr_tasks
 .data          0xffff000000007c9c        0x0 build/proc_manager/timer_c.o
 .data          0xffff000000007c9c        0x4 build/memory_manager/mm_c.o
 .data          0xffff000000007ca0        0x0 build/kernel/printf_c.o
 .data          0xffff000000007ca0        0x0 build/kernel/kernel_c.o
 .data          0xffff000000007ca0        0x0 build/device/mini_uart_c.o
 .data          0xffff000000007ca0        0x0 build/device/delays_c.o
 .data          0xffff000000007ca0        0x0 build/device/led_blink_c.o
 .data          0xffff000000007ca0        0x0 build/device/sd_c.o
 .data          0xffff000000007ca0        0x0 build/app/sys_c.o
 .data          0xffff000000007ca0        0x0 build/app/fork_c.o
 .data          0xffff000000007ca0     0x4000 build/app/thread_c.o
                0xffff000000007ca0                thread_id_table
 .data          0xffff00000000bca0        0x0 build/proc_manager/irq_s.o
 .data          0xffff00000000bca0        0x0 build/proc_manager/sched_s.o
 .data          0xffff00000000bca0        0x0 build/memory_manager/mm_s.o
 .data          0xffff00000000bca0        0x0 build/kernel/entry_s.o
 .data          0xffff00000000bca0        0x0 build/kernel/boot_s.o
 .data          0xffff00000000bca0        0x0 build/device/utils_s.o
 .data          0xffff00000000bca0        0x0 build/app/user_sys_s.o

.igot.plt       0xffff00000000bca0        0x0
 .igot.plt      0xffff00000000bca0        0x0 build/file_system/fat_c.o
                0xffff00000000bca0                . = ALIGN (0x8)
                0xffff00000000bca0                bss_begin = .

.bss            0xffff00000000bca0    0x7dad8
 *(.bss*)
 .bss           0xffff00000000bca0        0x4 build/file_system/fat_c.o
 .bss           0xffff00000000bca4        0x0 build/proc_manager/irq_c.o
 *fill*         0xffff00000000bca4        0x4 
 .bss           0xffff00000000bca8      0x220 build/proc_manager/sched_c.o
                0xffff00000000bca8                init_cpu
                0xffff00000000bd10                init_state
                0xffff00000000bd18                init_counter
                0xffff00000000bd20                init_preempt_count
                0xffff00000000bd28                init_mm
                0xffff00000000bec0                next
 .bss           0xffff00000000bec8        0x4 build/proc_manager/timer_c.o
                0xffff00000000bec8                curVal
 *fill*         0xffff00000000becc        0x4 
 .bss           0xffff00000000bed0    0x7d808 build/memory_manager/mm_c.o
 .bss           0xffff0000000896d8       0x10 build/kernel/printf_c.o
 .bss           0xffff0000000896e8        0x0 build/kernel/kernel_c.o
 .bss           0xffff0000000896e8        0x0 build/device/mini_uart_c.o
 .bss           0xffff0000000896e8        0x0 build/device/delays_c.o
 .bss           0xffff0000000896e8        0x0 build/device/led_blink_c.o
 .bss           0xffff0000000896e8        0x0 build/device/sd_c.o
 .bss           0xffff0000000896e8        0x0 build/app/sys_c.o
 .bss           0xffff0000000896e8        0x0 build/app/fork_c.o
 .bss           0xffff0000000896e8        0x4 build/app/thread_c.o
 .bss           0xffff0000000896ec        0x0 build/proc_manager/irq_s.o
 .bss           0xffff0000000896ec        0x0 build/proc_manager/sched_s.o
 .bss           0xffff0000000896ec        0x0 build/memory_manager/mm_s.o
 .bss           0xffff0000000896ec        0x0 build/kernel/entry_s.o
 .bss           0xffff0000000896ec        0x0 build/kernel/boot_s.o
 .bss           0xffff0000000896ec        0x0 build/device/utils_s.o
 .bss           0xffff0000000896ec        0x0 build/app/user_sys_s.o
 *fill*         0xffff0000000896ec        0x4 
 COMMON         0xffff0000000896f0       0x50 build/proc_manager/sched_c.o
                0xffff0000000896f0                prev_childregs
                0xffff0000000896f8                page_prev
                0xffff000000089700                prev_real_regs
                0xffff000000089708                page_next
                0xffff000000089710                next_real_regs
                0xffff000000089718                prev_real
                0xffff000000089720                next_real
                0xffff000000089728                prev
                0xffff000000089730                init_page
                0xffff000000089738                next_childregs
 COMMON         0xffff000000089740        0x8 build/kernel/kernel_c.o
                0xffff000000089740                user_page_start
 COMMON         0xffff000000089748       0x30 build/device/sd_c.o
                0xffff000000089748                sd_ocr
                0xffff000000089750                sd_err
                0xffff000000089758                sd_rca
                0xffff000000089760                sd_scr
                0xffff000000089770                sd_hv
                0xffff000000089778                bss_end = .
                0xffff00000008a000                . = ALIGN (0x1000)
                0xffff00000008a000                pg_dir = .

.data.pgd       0xffff00000008a000     0x3000
                0xffff00000008d000                . = (. + 0x3000)
 *fill*         0xffff00000008a000     0x3000 
                0xffff00000008d000                _end = .
LOAD build/file_system/fat_c.o
LOAD build/user_testcode/user_c.o
LOAD build/proc_manager/irq_c.o
LOAD build/proc_manager/sched_c.o
LOAD build/proc_manager/timer_c.o
LOAD build/memory_manager/mm_c.o
LOAD build/kernel/printf_c.o
LOAD build/kernel/kernel_c.o
LOAD build/device/mini_uart_c.o
LOAD build/device/delays_c.o
LOAD build/device/led_blink_c.o
LOAD build/device/sd_c.o
LOAD build/app/sys_c.o
LOAD build/app/fork_c.o
LOAD build/app/thread_c.o
LOAD build/proc_manager/irq_s.o
LOAD build/proc_manager/sched_s.o
LOAD build/memory_manager/mm_s.o
LOAD build/kernel/entry_s.o
LOAD build/kernel/boot_s.o
LOAD build/device/utils_s.o
LOAD build/app/user_sys_s.o
OUTPUT(build/kernel8.elf elf64-littleaarch64)

.comment        0x0000000000000000       0x3b
 .comment       0x0000000000000000       0x3b build/file_system/fat_c.o
                                         0x3c (size before relaxing)
 .comment       0x000000000000003b       0x3c build/user_testcode/user_c.o
 .comment       0x000000000000003b       0x3c build/proc_manager/irq_c.o
 .comment       0x000000000000003b       0x3c build/proc_manager/sched_c.o
 .comment       0x000000000000003b       0x3c build/proc_manager/timer_c.o
 .comment       0x000000000000003b       0x3c build/memory_manager/mm_c.o
 .comment       0x000000000000003b       0x3c build/kernel/printf_c.o
 .comment       0x000000000000003b       0x3c build/kernel/kernel_c.o
 .comment       0x000000000000003b       0x3c build/device/mini_uart_c.o
 .comment       0x000000000000003b       0x3c build/device/delays_c.o
 .comment       0x000000000000003b       0x3c build/device/led_blink_c.o
 .comment       0x000000000000003b       0x3c build/device/sd_c.o
 .comment       0x000000000000003b       0x3c build/app/sys_c.o
 .comment       0x000000000000003b       0x3c build/app/fork_c.o
 .comment       0x000000000000003b       0x3c build/app/thread_c.o

.note.GNU-stack
                0x0000000000000000        0x0
 .note.GNU-stack
                0x0000000000000000        0x0 build/file_system/fat_c.o
 .note.GNU-stack
                0x0000000000000000        0x0 build/user_testcode/user_c.o
 .note.GNU-stack
                0x0000000000000000        0x0 build/proc_manager/irq_c.o
 .note.GNU-stack
                0x0000000000000000        0x0 build/proc_manager/sched_c.o
 .note.GNU-stack
                0x0000000000000000        0x0 build/proc_manager/timer_c.o
 .note.GNU-stack
                0x0000000000000000        0x0 build/memory_manager/mm_c.o
 .note.GNU-stack
                0x0000000000000000        0x0 build/kernel/printf_c.o
 .note.GNU-stack
                0x0000000000000000        0x0 build/kernel/kernel_c.o
 .note.GNU-stack
                0x0000000000000000        0x0 build/device/mini_uart_c.o
 .note.GNU-stack
                0x0000000000000000        0x0 build/device/delays_c.o
 .note.GNU-stack
                0x0000000000000000        0x0 build/device/led_blink_c.o
 .note.GNU-stack
                0x0000000000000000        0x0 build/device/sd_c.o
 .note.GNU-stack
                0x0000000000000000        0x0 build/app/sys_c.o
 .note.GNU-stack
                0x0000000000000000        0x0 build/app/fork_c.o
 .note.GNU-stack
                0x0000000000000000        0x0 build/app/thread_c.o
