
Allocating common symbols
Common symbol       size              file

prev_childregs      0x8               build/proc_manager/sched_c.o
page_prev           0x8               build/proc_manager/sched_c.o
user_page_start     0x8               build/kernel/kernel_c.o
prev_real_regs      0x8               build/proc_manager/sched_c.o
page_next           0x8               build/proc_manager/sched_c.o
next_real_regs      0x8               build/proc_manager/sched_c.o
sd_ocr              0x8               build/device/sd_c.o
sd_err              0x8               build/device/sd_c.o
prev_real           0x8               build/proc_manager/sched_c.o
sd_rca              0x8               build/device/sd_c.o
next_real           0x8               build/proc_manager/sched_c.o
sd_scr              0x10              build/device/sd_c.o
prev                0x8               build/proc_manager/sched_c.o
init_page           0x8               build/proc_manager/sched_c.o
next_childregs      0x8               build/proc_manager/sched_c.o
sd_hv               0x8               build/device/sd_c.o

Memory Configuration

Name             Origin             Length             Attributes
*default*        0x0000000000000000 0xffffffffffffffff

Linker script and memory map

                0xffff000000000000                . = 0xffff000000000000

.text.boot      0xffff000000000000      0x1a0
 *(.text.boot)
 .text.boot     0xffff000000000000      0x1a0 build/kernel/boot_s.o
                0xffff000000000000                _start
                0xffff000000001000                . = ALIGN (0x1000)
                0xffff000000001000                user_begin = .

.text.user      0xffff000000001000      0x294
 build/user*(.text)
 .text          0xffff000000001000      0x1f8 build/user_testcode/user_c.o
                0xffff000000001000                loop
                0xffff000000001078                add
                0xffff0000000010dc                user_process
 .text.user     0xffff0000000011f8       0x9c build/app/user_sys_s.o
                0xffff0000000011f8                user_delay
                0xffff000000001204                call_sys_write
                0xffff000000001210                call_sys_write_int
                0xffff00000000121c                call_sys_exit
                0xffff000000001228                call_sys_fork
                0xffff000000001234                call_sys_led
                0xffff000000001240                call_sys_read
                0xffff00000000124c                thread_create
                0xffff000000001258                thread_self
                0xffff000000001264                thread_join
                0xffff000000001270                thread_signal
                0xffff00000000127c                thread_equal

.rodata.user    0xffff000000001298       0xae
 build/user*(.rodata)
 .rodata        0xffff000000001298       0xae build/user_testcode/user_c.o

.data.user      0xffff000000001346        0x0
 build/user*(.data)
 .data          0xffff000000001346        0x0 build/user_testcode/user_c.o

.bss.user       0xffff000000001348        0xc
 build/user*(.bss)
 .bss           0xffff000000001348        0xc build/user_testcode/user_c.o
                0xffff000000001348                t
                0xffff00000000134c                thread
                0xffff000000001350                thread_2
                0xffff000000001354                user_end = .

.text           0xffff000000001800     0x6188
 *(.text)
 .text          0xffff000000001800      0xa98 build/file_system/fat_c.o
                0xffff000000001800                fat_getpartition
                0xffff0000000019dc                fat_getcluster
                0xffff000000001cf4                fat_readfile
                0xffff000000001ffc                fat_listdirectory
 .text          0xffff000000002298       0xb8 build/proc_manager/irq_c.o
                0xffff000000002298                enable_interrupt_controller
                0xffff0000000022c0                show_invalid_entry_message
                0xffff000000002304                handle_irq
 .text          0xffff000000002350       0x24 build/proc_manager/pm_c.o
                0xffff000000002350                pm_daemon
 .text          0xffff000000002374      0x5a8 build/proc_manager/sched_c.o
                0xffff000000002374                preempt_disable
                0xffff0000000023a8                preempt_enable
                0xffff0000000023dc                _schedule
                0xffff000000002674                schedule
                0xffff0000000026a0                switch_to
                0xffff000000002830                schedule_tail
                0xffff000000002848                timer_tick
                0xffff0000000028d4                timer3_tick
                0xffff0000000028dc                exit_process
 .text          0xffff00000000291c      0x7ac build/proc_manager/thread_c.o
                0xffff00000000291c                thread_end
                0xffff00000000293c                pthread_exit
                0xffff000000002950                error
                0xffff000000002980                add_thread
                0xffff000000002c14                thread_id_self
                0xffff000000002c28                recieve
                0xffff000000002d70                send
                0xffff000000002d88                hi
                0xffff000000002da8                signal
                0xffff000000002ddc                _thread_join
                0xffff000000002e7c                __pthread_mutex_lock
                0xffff000000003034                thread_cond_timedwait_internal
                0xffff000000003070                thread_block
                0xffff0000000030a0                thread_cond_wait
 .text          0xffff0000000030c8      0x1cc build/proc_manager/timer_c.o
                0xffff0000000030c8                timer_init
                0xffff000000003140                handle_timer_irq
                0xffff0000000031b0                get_system_timer
                0xffff000000003248                wait_msec_st
 .text          0xffff000000003294      0x724 build/memory_manager/mm_c.o
                0xffff000000003294                allocate_kernel_page
                0xffff0000000032cc                allocate_pcb_space
                0xffff000000003390                allocate_user_page
                0xffff0000000033e0                get_free_page
                0xffff000000003478                free_page
                0xffff0000000034a4                map_table_entry
                0xffff000000003500                map_table
                0xffff0000000035bc                map_page
                0xffff0000000037f0                copy_virt_memory
                0xffff0000000038f8                do_mem_abort
 .text          0xffff0000000039b8      0x978 build/kernel/printf_c.o
                0xffff000000003d44                tfp_format
                0xffff00000000418c                init_printf
                0xffff0000000041c4                tfp_printf
                0xffff000000004298                tfp_sprintf
 .text          0xffff000000004330      0x134 build/kernel/kernel_c.o
                0xffff000000004330                kernel_process
                0xffff0000000043b4                kernel_main
 .text          0xffff000000004464      0x638 build/device/mini_uart_c.o
                0xffff000000004464                uart_send
                0xffff0000000044b8                uart_recv
                0xffff000000004500                uart_send_string
                0xffff000000004558                uart_init
                0xffff00000000469c                set_gpio
                0xffff000000004718                uart_puts
                0xffff000000004770                uart_hex
                0xffff0000000047f0                uart_dump
                0xffff00000000499c                putc
                0xffff0000000049c0                pr_int
                0xffff000000004a80                pr_T
 .text          0xffff000000004a9c       0xb4 build/device/delays_c.o
                0xffff000000004a9c                wait_cycles
                0xffff000000004ad8                wait_msec
 .text          0xffff000000004b50       0x64 build/device/led_blink_c.o
                0xffff000000004b50                led_blink
 .text          0xffff000000004bb4     0x1414 build/device/sd_c.o
                0xffff000000004bb4                sd_status
                0xffff000000004c74                sd_int
                0xffff000000004d90                sd_cmd
                0xffff000000005100                sd_readblock
                0xffff0000000053f0                sd_clk
                0xffff000000005748                sd_init
 .text          0xffff000000005fc8      0x14c build/app/sys_c.o
                0xffff000000005fc8                sys_write
                0xffff000000005fe8                sys_write_int
                0xffff000000006008                sys_fork
                0xffff000000006028                sys_exit
                0xffff000000006040                sys_led
                0xffff000000006058                sys_read
                0xffff000000006070                sys_create_thread
                0xffff0000000060a4                sys_thread_self
                0xffff0000000060b8                sys_thread_join
                0xffff0000000060e0                sys_thread_exit
                0xffff0000000060f4                sys_thread_signal
 .text          0xffff000000006114      0x41c build/app/fork_c.o
                0xffff000000006114                copy_process
                0xffff000000006448                move_to_user_mode
                0xffff000000006510                task_pt_regs
 .text          0xffff000000006530       0x1c build/proc_manager/irq_s.o
                0xffff000000006530                irq_vector_init
                0xffff00000000653c                enable_irq
                0xffff000000006544                disable_irq
 .text          0xffff00000000654c       0x50 build/proc_manager/sched_s.o
                0xffff00000000654c                cpu_switch_to
 .text          0xffff00000000659c       0x4c build/memory_manager/mm_s.o
                0xffff00000000659c                memcpy
                0xffff0000000065b0                memcmp
                0xffff0000000065d8                memzero
 *fill*         0xffff0000000065e8      0x218 
 .text          0xffff000000006800     0x1134 build/kernel/entry_s.o
                0xffff000000006800                vectors
                0xffff0000000078c4                ret_from_fork
                0xffff000000007930                err_hang
 .text          0xffff000000007934        0x0 build/kernel/boot_s.o
 .text          0xffff000000007934       0x54 build/device/utils_s.o
                0xffff000000007934                get_el
                0xffff000000007940                put32
                0xffff000000007948                get32
                0xffff000000007950                delay
                0xffff00000000795c                set_pgd
                0xffff000000007970                get_pgd
 .text          0xffff000000007988        0x0 build/app/user_sys_s.o

.iplt           0xffff000000007988        0x0
 .iplt          0xffff000000007988        0x0 build/file_system/fat_c.o

.rodata         0xffff000000007988      0x8ff
 *(.rodata)
 .rodata        0xffff000000007988      0x210 build/file_system/fat_c.o
 .rodata        0xffff000000007b98      0x1da build/proc_manager/irq_c.o
 *fill*         0xffff000000007d72        0x6 
 .rodata        0xffff000000007d78       0x58 build/proc_manager/pm_c.o
 .rodata        0xffff000000007dd0       0x3a build/proc_manager/sched_c.o
 *fill*         0xffff000000007e0a        0x6 
 .rodata        0xffff000000007e10       0x9d build/proc_manager/thread_c.o
                0xffff000000007e10                __pthread_default_mutexattr
                0xffff000000007e20                __pthread_errorcheck_mutexattr
                0xffff000000007e30                __pthread_recursive_mutexattr
 *fill*         0xffff000000007ead        0x3 
 .rodata        0xffff000000007eb0        0x4 build/proc_manager/timer_c.o
                0xffff000000007eb0                interval
 *fill*         0xffff000000007eb4        0x4 
 .rodata        0xffff000000007eb8       0x55 build/memory_manager/mm_c.o
 *fill*         0xffff000000007f0d        0x3 
 .rodata        0xffff000000007f10       0x6e build/kernel/kernel_c.o
 *fill*         0xffff000000007f7e        0x2 
 .rodata        0xffff000000007f80        0x3 build/device/mini_uart_c.o
 *fill*         0xffff000000007f83        0x5 
 .rodata        0xffff000000007f88      0x25c build/device/sd_c.o
 *fill*         0xffff0000000081e4        0x4 
 .rodata        0xffff0000000081e8       0x58 build/app/sys_c.o
                0xffff0000000081e8                sys_call_table
 .rodata        0xffff000000008240       0x47 build/app/fork_c.o

.rela.dyn       0xffff000000008288        0x0
 .rela.iplt     0xffff000000008288        0x0 build/file_system/fat_c.o

.data           0xffff000000008288      0x750
 *(.data)
 .data          0xffff000000008288        0x0 build/file_system/fat_c.o
 .data          0xffff000000008288       0x90 build/proc_manager/irq_c.o
                0xffff000000008288                entry_error_messages
 .data          0xffff000000008318        0x0 build/proc_manager/pm_c.o
 .data          0xffff000000008318      0x6bc build/proc_manager/sched_c.o
                0xffff000000008318                init_priority
                0xffff000000008320                init_flags
                0xffff000000008328                init_task_0
                0xffff0000000084c0                init_task_1
                0xffff000000008658                init_task_2
                0xffff0000000087f0                init_task_3
                0xffff000000008988                current
                0xffff000000008990                task_prio_table
                0xffff0000000089b0                head
                0xffff0000000089d0                nr_tasks
 .data          0xffff0000000089d4        0x0 build/proc_manager/thread_c.o
 .data          0xffff0000000089d4        0x0 build/proc_manager/timer_c.o
 .data          0xffff0000000089d4        0x4 build/memory_manager/mm_c.o
 .data          0xffff0000000089d8        0x0 build/kernel/printf_c.o
 .data          0xffff0000000089d8        0x0 build/kernel/kernel_c.o
 .data          0xffff0000000089d8        0x0 build/device/mini_uart_c.o
 .data          0xffff0000000089d8        0x0 build/device/delays_c.o
 .data          0xffff0000000089d8        0x0 build/device/led_blink_c.o
 .data          0xffff0000000089d8        0x0 build/device/sd_c.o
 .data          0xffff0000000089d8        0x0 build/app/sys_c.o
 .data          0xffff0000000089d8        0x0 build/app/fork_c.o
 .data          0xffff0000000089d8        0x0 build/proc_manager/irq_s.o
 .data          0xffff0000000089d8        0x0 build/proc_manager/sched_s.o
 .data          0xffff0000000089d8        0x0 build/memory_manager/mm_s.o
 .data          0xffff0000000089d8        0x0 build/kernel/entry_s.o
 .data          0xffff0000000089d8        0x0 build/kernel/boot_s.o
 .data          0xffff0000000089d8        0x0 build/device/utils_s.o
 .data          0xffff0000000089d8        0x0 build/app/user_sys_s.o

.igot.plt       0xffff0000000089d8        0x0
 .igot.plt      0xffff0000000089d8        0x0 build/file_system/fat_c.o
                0xffff0000000089d8                . = ALIGN (0x8)
                0xffff0000000089d8                bss_begin = .

.bss            0xffff0000000089d8    0x85ae0
 *(.bss*)
 .bss           0xffff0000000089d8        0x4 build/file_system/fat_c.o
 .bss           0xffff0000000089dc        0x0 build/proc_manager/irq_c.o
 .bss           0xffff0000000089dc        0x0 build/proc_manager/pm_c.o
 *fill*         0xffff0000000089dc        0x4 
 .bss           0xffff0000000089e0      0x224 build/proc_manager/sched_c.o
                0xffff0000000089e0                init_cpu
                0xffff000000008a48                init_state
                0xffff000000008a50                init_counter
                0xffff000000008a58                init_preempt_count
                0xffff000000008a60                init_mm
                0xffff000000008bf8                next
 *fill*         0xffff000000008c04        0x4 
 .bss           0xffff000000008c08     0x8008 build/proc_manager/thread_c.o
                0xffff000000008c08                thread_id_table
 .bss           0xffff000000010c10        0x4 build/proc_manager/timer_c.o
                0xffff000000010c10                curVal
 *fill*         0xffff000000010c14        0x4 
 .bss           0xffff000000010c18    0x7d808 build/memory_manager/mm_c.o
 .bss           0xffff00000008e420       0x10 build/kernel/printf_c.o
 .bss           0xffff00000008e430        0x0 build/kernel/kernel_c.o
 .bss           0xffff00000008e430        0x0 build/device/mini_uart_c.o
 .bss           0xffff00000008e430        0x0 build/device/delays_c.o
 .bss           0xffff00000008e430        0x0 build/device/led_blink_c.o
 .bss           0xffff00000008e430        0x0 build/device/sd_c.o
 .bss           0xffff00000008e430        0x0 build/app/sys_c.o
 .bss           0xffff00000008e430        0x0 build/app/fork_c.o
 .bss           0xffff00000008e430        0x0 build/proc_manager/irq_s.o
 .bss           0xffff00000008e430        0x0 build/proc_manager/sched_s.o
 .bss           0xffff00000008e430        0x0 build/memory_manager/mm_s.o
 .bss           0xffff00000008e430        0x0 build/kernel/entry_s.o
 .bss           0xffff00000008e430        0x0 build/kernel/boot_s.o
 .bss           0xffff00000008e430        0x0 build/device/utils_s.o
 .bss           0xffff00000008e430        0x0 build/app/user_sys_s.o
 COMMON         0xffff00000008e430       0x50 build/proc_manager/sched_c.o
                0xffff00000008e430                prev_childregs
                0xffff00000008e438                page_prev
                0xffff00000008e440                prev_real_regs
                0xffff00000008e448                page_next
                0xffff00000008e450                next_real_regs
                0xffff00000008e458                prev_real
                0xffff00000008e460                next_real
                0xffff00000008e468                prev
                0xffff00000008e470                init_page
                0xffff00000008e478                next_childregs
 COMMON         0xffff00000008e480        0x8 build/kernel/kernel_c.o
                0xffff00000008e480                user_page_start
 COMMON         0xffff00000008e488       0x30 build/device/sd_c.o
                0xffff00000008e488                sd_ocr
                0xffff00000008e490                sd_err
                0xffff00000008e498                sd_rca
                0xffff00000008e4a0                sd_scr
                0xffff00000008e4b0                sd_hv
                0xffff00000008e4b8                bss_end = .
                0xffff00000008f000                . = ALIGN (0x1000)
                0xffff00000008f000                pg_dir = .

.data.pgd       0xffff00000008f000     0x3000
                0xffff000000092000                . = (. + 0x3000)
 *fill*         0xffff00000008f000     0x3000 
                0xffff000000092000                _end = .
LOAD build/file_system/fat_c.o
LOAD build/user_testcode/user_c.o
LOAD build/proc_manager/irq_c.o
LOAD build/proc_manager/pm_c.o
LOAD build/proc_manager/sched_c.o
LOAD build/proc_manager/thread_c.o
LOAD build/proc_manager/timer_c.o
LOAD build/memory_manager/mm_c.o
LOAD build/kernel/printf_c.o
LOAD build/kernel/kernel_c.o
LOAD build/device/mini_uart_c.o
LOAD build/device/delays_c.o
LOAD build/device/led_blink_c.o
LOAD build/device/sd_c.o
LOAD build/app/sys_c.o
LOAD build/app/fork_c.o
LOAD build/proc_manager/irq_s.o
LOAD build/proc_manager/sched_s.o
LOAD build/memory_manager/mm_s.o
LOAD build/kernel/entry_s.o
LOAD build/kernel/boot_s.o
LOAD build/device/utils_s.o
LOAD build/app/user_sys_s.o
OUTPUT(build/kernel8.elf elf64-littleaarch64)

.comment        0x0000000000000000       0x3b
 .comment       0x0000000000000000       0x3b build/file_system/fat_c.o
                                         0x3c (size before relaxing)
 .comment       0x000000000000003b       0x3c build/user_testcode/user_c.o
 .comment       0x000000000000003b       0x3c build/proc_manager/irq_c.o
 .comment       0x000000000000003b       0x3c build/proc_manager/pm_c.o
 .comment       0x000000000000003b       0x3c build/proc_manager/sched_c.o
 .comment       0x000000000000003b       0x3c build/proc_manager/thread_c.o
 .comment       0x000000000000003b       0x3c build/proc_manager/timer_c.o
 .comment       0x000000000000003b       0x3c build/memory_manager/mm_c.o
 .comment       0x000000000000003b       0x3c build/kernel/printf_c.o
 .comment       0x000000000000003b       0x3c build/kernel/kernel_c.o
 .comment       0x000000000000003b       0x3c build/device/mini_uart_c.o
 .comment       0x000000000000003b       0x3c build/device/delays_c.o
 .comment       0x000000000000003b       0x3c build/device/led_blink_c.o
 .comment       0x000000000000003b       0x3c build/device/sd_c.o
 .comment       0x000000000000003b       0x3c build/app/sys_c.o
 .comment       0x000000000000003b       0x3c build/app/fork_c.o

.note.GNU-stack
                0x0000000000000000        0x0
 .note.GNU-stack
                0x0000000000000000        0x0 build/file_system/fat_c.o
 .note.GNU-stack
                0x0000000000000000        0x0 build/user_testcode/user_c.o
 .note.GNU-stack
                0x0000000000000000        0x0 build/proc_manager/irq_c.o
 .note.GNU-stack
                0x0000000000000000        0x0 build/proc_manager/pm_c.o
 .note.GNU-stack
                0x0000000000000000        0x0 build/proc_manager/sched_c.o
 .note.GNU-stack
                0x0000000000000000        0x0 build/proc_manager/thread_c.o
 .note.GNU-stack
                0x0000000000000000        0x0 build/proc_manager/timer_c.o
 .note.GNU-stack
                0x0000000000000000        0x0 build/memory_manager/mm_c.o
 .note.GNU-stack
                0x0000000000000000        0x0 build/kernel/printf_c.o
 .note.GNU-stack
                0x0000000000000000        0x0 build/kernel/kernel_c.o
 .note.GNU-stack
                0x0000000000000000        0x0 build/device/mini_uart_c.o
 .note.GNU-stack
                0x0000000000000000        0x0 build/device/delays_c.o
 .note.GNU-stack
                0x0000000000000000        0x0 build/device/led_blink_c.o
 .note.GNU-stack
                0x0000000000000000        0x0 build/device/sd_c.o
 .note.GNU-stack
                0x0000000000000000        0x0 build/app/sys_c.o
 .note.GNU-stack
                0x0000000000000000        0x0 build/app/fork_c.o
