
Allocating common symbols
Common symbol       size              file

prev_childregs      0x8               build/proc_manager/sched_c.o
page_prev           0x8               build/proc_manager/sched_c.o
user_page_start     0x8               build/kernel/kernel_c.o
prev_real_regs      0x8               build/proc_manager/sched_c.o
page_next           0x8               build/proc_manager/sched_c.o
next_real_regs      0x8               build/proc_manager/sched_c.o
sd_ocr              0x8               build/device/sd_c.o
sd_err              0x8               build/device/sd_c.o
prev_real           0x8               build/proc_manager/sched_c.o
sd_rca              0x8               build/device/sd_c.o
next_real           0x8               build/proc_manager/sched_c.o
sd_scr              0x10              build/device/sd_c.o
prev                0x8               build/proc_manager/sched_c.o
init_page           0x8               build/proc_manager/sched_c.o
next_childregs      0x8               build/proc_manager/sched_c.o
sd_hv               0x8               build/device/sd_c.o

Memory Configuration

Name             Origin             Length             Attributes
*default*        0x0000000000000000 0xffffffffffffffff

Linker script and memory map

                0xffff000000000000                . = 0xffff000000000000

.text.boot      0xffff000000000000      0x1a0
 *(.text.boot)
 .text.boot     0xffff000000000000      0x1a0 build/kernel/boot_s.o
                0xffff000000000000                _start
                0xffff000000001000                . = ALIGN (0x1000)
                0xffff000000001000                user_begin = .

.text.user      0xffff000000001000      0x1e4
 build/user*(.text)
 .text          0xffff000000001000      0x184 build/user_testcode/user_c.o
                0xffff000000001000                loop
                0xffff000000001068                add_1
                0xffff000000001090                add
                0xffff0000000010d0                user_process
 .text.user     0xffff000000001184       0x60 build/app/user_sys_s.o
                0xffff000000001184                user_delay
                0xffff000000001190                call_sys_write
                0xffff00000000119c                call_sys_write_int
                0xffff0000000011a8                call_sys_exit
                0xffff0000000011b4                call_sys_fork
                0xffff0000000011c0                call_sys_led
                0xffff0000000011cc                call_sys_read
                0xffff0000000011d8                create_thread

.rodata.user    0xffff0000000011e8       0x4e
 build/user*(.rodata)
 .rodata        0xffff0000000011e8       0x4e build/user_testcode/user_c.o

.data.user      0xffff000000001236        0x0
 build/user*(.data)
 .data          0xffff000000001236        0x0 build/user_testcode/user_c.o

.bss.user       0xffff000000001238        0x4
 build/user*(.bss)
 .bss           0xffff000000001238        0x4 build/user_testcode/user_c.o
                0xffff000000001238                t
                0xffff00000000123c                user_end = .

.text           0xffff000000001800     0x59a0
 *(.text)
 .text          0xffff000000001800      0xa98 build/file_system/fat_c.o
                0xffff000000001800                fat_getpartition
                0xffff0000000019dc                fat_getcluster
                0xffff000000001cf4                fat_readfile
                0xffff000000001ffc                fat_listdirectory
 .text          0xffff000000002298       0xb8 build/proc_manager/irq_c.o
                0xffff000000002298                enable_interrupt_controller
                0xffff0000000022c0                show_invalid_entry_message
                0xffff000000002304                handle_irq
 .text          0xffff000000002350      0x51c build/proc_manager/sched_c.o
                0xffff000000002350                preempt_disable
                0xffff000000002384                preempt_enable
                0xffff0000000023b8                _schedule
                0xffff000000002514                schedule
                0xffff000000002540                switch_to
                0xffff00000000273c                schedule_tail
                0xffff000000002754                timer_tick
                0xffff0000000027e0                timer3_tick
                0xffff0000000027e8                exit_process
 .text          0xffff00000000286c       0xe8 build/proc_manager/timer_c.o
                0xffff00000000286c                timer_init
                0xffff0000000028e4                handle_timer_irq
 .text          0xffff000000002954      0x6d8 build/memory_manager/mm_c.o
                0xffff000000002954                allocate_kernel_page
                0xffff00000000298c                allocate_pcb_space
                0xffff000000002a50                allocate_user_page
                0xffff000000002aa0                get_free_page
                0xffff000000002b38                free_page
                0xffff000000002b64                map_table_entry
                0xffff000000002bc0                map_table
                0xffff000000002c7c                map_page
                0xffff000000002eb0                copy_virt_memory
                0xffff000000002f6c                do_mem_abort
 .text          0xffff00000000302c      0x978 build/kernel/printf_c.o
                0xffff0000000033b8                tfp_format
                0xffff000000003800                init_printf
                0xffff000000003838                tfp_printf
                0xffff00000000390c                tfp_sprintf
 .text          0xffff0000000039a4      0x120 build/kernel/kernel_c.o
                0xffff0000000039a4                kernel_process
                0xffff000000003a28                kernel_main
 .text          0xffff000000003ac4      0x638 build/device/mini_uart_c.o
                0xffff000000003ac4                uart_send
                0xffff000000003b18                uart_recv
                0xffff000000003b60                uart_send_string
                0xffff000000003bb8                uart_init
                0xffff000000003cfc                set_gpio
                0xffff000000003d78                uart_puts
                0xffff000000003dd0                uart_hex
                0xffff000000003e50                uart_dump
                0xffff000000003ffc                putc
                0xffff000000004020                pr_int
                0xffff0000000040e0                pr_T
 .text          0xffff0000000040fc      0x190 build/device/delays_c.o
                0xffff0000000040fc                wait_cycles
                0xffff000000004138                wait_msec
                0xffff0000000041b0                get_system_timer
                0xffff000000004240                wait_msec_st
 .text          0xffff00000000428c       0x64 build/device/led_blink_c.o
                0xffff00000000428c                led_blink
 .text          0xffff0000000042f0     0x1414 build/device/sd_c.o
                0xffff0000000042f0                sd_status
                0xffff0000000043b0                sd_int
                0xffff0000000044cc                sd_cmd
                0xffff00000000483c                sd_readblock
                0xffff000000004b2c                sd_clk
                0xffff000000004e84                sd_init
 .text          0xffff000000005704      0x20c build/app/sys_c.o
                0xffff000000005704                sys_write
                0xffff000000005724                sys_write_int
                0xffff000000005744                sys_fork
                0xffff000000005764                sys_exit
                0xffff00000000577c                sys_led
                0xffff000000005794                sys_read
                0xffff0000000057ac                sys_create_thread
                0xffff000000005820                __thread_create_internal
 .text          0xffff000000005910      0x32c build/app/fork_c.o
                0xffff000000005910                copy_process
                0xffff000000005b1c                add_thread
                0xffff000000005b54                move_to_user_mode
                0xffff000000005c1c                task_pt_regs
 .text          0xffff000000005c3c       0x1c build/proc_manager/irq_s.o
                0xffff000000005c3c                irq_vector_init
                0xffff000000005c48                enable_irq
                0xffff000000005c50                disable_irq
 .text          0xffff000000005c58       0x50 build/proc_manager/sched_s.o
                0xffff000000005c58                cpu_switch_to
 .text          0xffff000000005ca8       0x4c build/memory_manager/mm_s.o
                0xffff000000005ca8                memcpy
                0xffff000000005cbc                memcmp
                0xffff000000005ce4                memzero
 *fill*         0xffff000000005cf4      0x30c 
 .text          0xffff000000006000     0x114c build/kernel/entry_s.o
                0xffff000000006000                vectors
                0xffff0000000070c4                ret_from_fork
                0xffff000000007130                jump_thread
                0xffff000000007148                err_hang
 .text          0xffff00000000714c        0x0 build/kernel/boot_s.o
 .text          0xffff00000000714c       0x54 build/device/utils_s.o
                0xffff00000000714c                get_el
                0xffff000000007158                put32
                0xffff000000007160                get32
                0xffff000000007168                delay
                0xffff000000007174                set_pgd
                0xffff000000007188                get_pgd
 .text          0xffff0000000071a0        0x0 build/app/user_sys_s.o

.iplt           0xffff0000000071a0        0x0
 .iplt          0xffff0000000071a0        0x0 build/file_system/fat_c.o

.rodata         0xffff0000000071a0      0x7df
 *(.rodata)
 .rodata        0xffff0000000071a0      0x210 build/file_system/fat_c.o
 .rodata        0xffff0000000073b0      0x1da build/proc_manager/irq_c.o
 *fill*         0xffff00000000758a        0x6 
 .rodata        0xffff000000007590       0x87 build/proc_manager/sched_c.o
 *fill*         0xffff000000007617        0x1 
 .rodata        0xffff000000007618        0x4 build/proc_manager/timer_c.o
                0xffff000000007618                interval
 *fill*         0xffff00000000761c        0x4 
 .rodata        0xffff000000007620       0x70 build/kernel/kernel_c.o
 .rodata        0xffff000000007690        0x3 build/device/mini_uart_c.o
 *fill*         0xffff000000007693        0x5 
 .rodata        0xffff000000007698      0x25c build/device/sd_c.o
 *fill*         0xffff0000000078f4        0x4 
 .rodata        0xffff0000000078f8       0x58 build/app/sys_c.o
                0xffff000000007918                sys_call_table
 .rodata        0xffff000000007950       0x2f build/app/fork_c.o

.rela.dyn       0xffff000000007980        0x0
 .rela.iplt     0xffff000000007980        0x0 build/file_system/fat_c.o

.data           0xffff000000007980      0x2e8
 *(.data)
 .data          0xffff000000007980        0x0 build/file_system/fat_c.o
 .data          0xffff000000007980       0x90 build/proc_manager/irq_c.o
                0xffff000000007980                entry_error_messages
 .data          0xffff000000007a10      0x254 build/proc_manager/sched_c.o
                0xffff000000007a10                init_priority
                0xffff000000007a18                init_flags
                0xffff000000007a20                init_task
                0xffff000000007a58                current
                0xffff000000007a60                task
                0xffff000000007c60                nr_tasks
 .data          0xffff000000007c64        0x0 build/proc_manager/timer_c.o
 .data          0xffff000000007c64        0x4 build/memory_manager/mm_c.o
 .data          0xffff000000007c68        0x0 build/kernel/printf_c.o
 .data          0xffff000000007c68        0x0 build/kernel/kernel_c.o
 .data          0xffff000000007c68        0x0 build/device/mini_uart_c.o
 .data          0xffff000000007c68        0x0 build/device/delays_c.o
 .data          0xffff000000007c68        0x0 build/device/led_blink_c.o
 .data          0xffff000000007c68        0x0 build/device/sd_c.o
 .data          0xffff000000007c68        0x0 build/app/sys_c.o
 .data          0xffff000000007c68        0x0 build/app/fork_c.o
 .data          0xffff000000007c68        0x0 build/proc_manager/irq_s.o
 .data          0xffff000000007c68        0x0 build/proc_manager/sched_s.o
 .data          0xffff000000007c68        0x0 build/memory_manager/mm_s.o
 .data          0xffff000000007c68        0x0 build/kernel/entry_s.o
 .data          0xffff000000007c68        0x0 build/kernel/boot_s.o
 .data          0xffff000000007c68        0x0 build/device/utils_s.o
 .data          0xffff000000007c68        0x0 build/app/user_sys_s.o

.igot.plt       0xffff000000007c68        0x0
 .igot.plt      0xffff000000007c68        0x0 build/file_system/fat_c.o
                0xffff000000007c68                . = ALIGN (0x8)
                0xffff000000007c68                bss_begin = .

.bss            0xffff000000007c68    0x7dad0
 *(.bss*)
 .bss           0xffff000000007c68        0x4 build/file_system/fat_c.o
 .bss           0xffff000000007c6c        0x0 build/proc_manager/irq_c.o
 *fill*         0xffff000000007c6c        0x4 
 .bss           0xffff000000007c70      0x21c build/proc_manager/sched_c.o
                0xffff000000007c70                init_cpu
                0xffff000000007cd8                init_state
                0xffff000000007ce0                init_counter
                0xffff000000007ce8                init_preempt_count
                0xffff000000007cf0                init_mm
 .bss           0xffff000000007e8c        0x4 build/proc_manager/timer_c.o
                0xffff000000007e8c                curVal
 .bss           0xffff000000007e90    0x7d808 build/memory_manager/mm_c.o
 .bss           0xffff000000085698       0x10 build/kernel/printf_c.o
 .bss           0xffff0000000856a8        0x0 build/kernel/kernel_c.o
 .bss           0xffff0000000856a8        0x0 build/device/mini_uart_c.o
 .bss           0xffff0000000856a8        0x0 build/device/delays_c.o
 .bss           0xffff0000000856a8        0x0 build/device/led_blink_c.o
 .bss           0xffff0000000856a8        0x0 build/device/sd_c.o
 .bss           0xffff0000000856a8        0x4 build/app/sys_c.o
 .bss           0xffff0000000856ac        0x0 build/app/fork_c.o
 .bss           0xffff0000000856ac        0x0 build/proc_manager/irq_s.o
 .bss           0xffff0000000856ac        0x0 build/proc_manager/sched_s.o
 .bss           0xffff0000000856ac        0x0 build/memory_manager/mm_s.o
 .bss           0xffff0000000856ac        0x0 build/kernel/entry_s.o
 .bss           0xffff0000000856ac        0x0 build/kernel/boot_s.o
 .bss           0xffff0000000856ac        0x0 build/device/utils_s.o
 .bss           0xffff0000000856ac        0x0 build/app/user_sys_s.o
 *fill*         0xffff0000000856ac        0x4 
 COMMON         0xffff0000000856b0       0x50 build/proc_manager/sched_c.o
                0xffff0000000856b0                prev_childregs
                0xffff0000000856b8                page_prev
                0xffff0000000856c0                prev_real_regs
                0xffff0000000856c8                page_next
                0xffff0000000856d0                next_real_regs
                0xffff0000000856d8                prev_real
                0xffff0000000856e0                next_real
                0xffff0000000856e8                prev
                0xffff0000000856f0                init_page
                0xffff0000000856f8                next_childregs
 COMMON         0xffff000000085700        0x8 build/kernel/kernel_c.o
                0xffff000000085700                user_page_start
 COMMON         0xffff000000085708       0x30 build/device/sd_c.o
                0xffff000000085708                sd_ocr
                0xffff000000085710                sd_err
                0xffff000000085718                sd_rca
                0xffff000000085720                sd_scr
                0xffff000000085730                sd_hv
                0xffff000000085738                bss_end = .
                0xffff000000086000                . = ALIGN (0x1000)
                0xffff000000086000                pg_dir = .

.data.pgd       0xffff000000086000     0x3000
                0xffff000000089000                . = (. + 0x3000)
 *fill*         0xffff000000086000     0x3000 
                0xffff000000089000                _end = .
LOAD build/file_system/fat_c.o
LOAD build/user_testcode/user_c.o
LOAD build/proc_manager/irq_c.o
LOAD build/proc_manager/sched_c.o
LOAD build/proc_manager/timer_c.o
LOAD build/memory_manager/mm_c.o
LOAD build/kernel/printf_c.o
LOAD build/kernel/kernel_c.o
LOAD build/device/mini_uart_c.o
LOAD build/device/delays_c.o
LOAD build/device/led_blink_c.o
LOAD build/device/sd_c.o
LOAD build/app/sys_c.o
LOAD build/app/fork_c.o
LOAD build/proc_manager/irq_s.o
LOAD build/proc_manager/sched_s.o
LOAD build/memory_manager/mm_s.o
LOAD build/kernel/entry_s.o
LOAD build/kernel/boot_s.o
LOAD build/device/utils_s.o
LOAD build/app/user_sys_s.o
OUTPUT(build/kernel8.elf elf64-littleaarch64)

.comment        0x0000000000000000       0x3b
 .comment       0x0000000000000000       0x3b build/file_system/fat_c.o
                                         0x3c (size before relaxing)
 .comment       0x000000000000003b       0x3c build/user_testcode/user_c.o
 .comment       0x000000000000003b       0x3c build/proc_manager/irq_c.o
 .comment       0x000000000000003b       0x3c build/proc_manager/sched_c.o
 .comment       0x000000000000003b       0x3c build/proc_manager/timer_c.o
 .comment       0x000000000000003b       0x3c build/memory_manager/mm_c.o
 .comment       0x000000000000003b       0x3c build/kernel/printf_c.o
 .comment       0x000000000000003b       0x3c build/kernel/kernel_c.o
 .comment       0x000000000000003b       0x3c build/device/mini_uart_c.o
 .comment       0x000000000000003b       0x3c build/device/delays_c.o
 .comment       0x000000000000003b       0x3c build/device/led_blink_c.o
 .comment       0x000000000000003b       0x3c build/device/sd_c.o
 .comment       0x000000000000003b       0x3c build/app/sys_c.o
 .comment       0x000000000000003b       0x3c build/app/fork_c.o

.note.GNU-stack
                0x0000000000000000        0x0
 .note.GNU-stack
                0x0000000000000000        0x0 build/file_system/fat_c.o
 .note.GNU-stack
                0x0000000000000000        0x0 build/user_testcode/user_c.o
 .note.GNU-stack
                0x0000000000000000        0x0 build/proc_manager/irq_c.o
 .note.GNU-stack
                0x0000000000000000        0x0 build/proc_manager/sched_c.o
 .note.GNU-stack
                0x0000000000000000        0x0 build/proc_manager/timer_c.o
 .note.GNU-stack
                0x0000000000000000        0x0 build/memory_manager/mm_c.o
 .note.GNU-stack
                0x0000000000000000        0x0 build/kernel/printf_c.o
 .note.GNU-stack
                0x0000000000000000        0x0 build/kernel/kernel_c.o
 .note.GNU-stack
                0x0000000000000000        0x0 build/device/mini_uart_c.o
 .note.GNU-stack
                0x0000000000000000        0x0 build/device/delays_c.o
 .note.GNU-stack
                0x0000000000000000        0x0 build/device/led_blink_c.o
 .note.GNU-stack
                0x0000000000000000        0x0 build/device/sd_c.o
 .note.GNU-stack
                0x0000000000000000        0x0 build/app/sys_c.o
 .note.GNU-stack
                0x0000000000000000        0x0 build/app/fork_c.o
