
Allocating common symbols
Common symbol       size              file

prev_childregs      0x8               build/proc_manager/sched_c.o
cfile               0x600             build/compt_manager/compt_c.o
text_function       0x140             build/compt_manager/compt_c.o
origin              0x8               build/file_system/fs_c.o
page_prev           0x8               build/proc_manager/sched_c.o
fat_addr            0x4               build/kernel/kernel_c.o
fs_lock             0x20              build/kernel/kernel_c.o
user_page_start     0x8               build/kernel/kernel_c.o
prev_real_regs      0x8               build/proc_manager/sched_c.o
page_prev_mm        0x10              build/proc_manager/sched_c.o
ksym                0x1400            build/compt_manager/compt_c.o
page_next           0x8               build/proc_manager/sched_c.o
next_real_regs      0x8               build/proc_manager/sched_c.o
sd_ocr              0x8               build/device/SDCard_c.o
sd_p                0x2c              build/file_system/fat_32_c.o
page_next_mm        0x10              build/proc_manager/sched_c.o
move_sec            0xa8              build/compt_manager/compt_c.o
mm_lock             0x20              build/kernel/kernel_c.o
compt_filename      0x8               build/compt_manager/compt_c.o
sd_err              0x8               build/device/SDCard_c.o
partition           0x1c0             build/file_system/fat_32_c.o
prev_real           0x8               build/proc_manager/sched_c.o
symbolic_fs_array   0x1800            build/file_system/fat_32_c.o
sd_rca              0x8               build/device/SDCard_c.o
rendezvous          0x20              build/proc_manager/pm_deamon_c.o
next_real           0x8               build/proc_manager/sched_c.o
sd_scr              0x10              build/device/SDCard_c.o
task                0x200             build/file_system/fat_32_c.o
prev                0x8               build/proc_manager/sched_c.o
file_dir            0x230             build/file_system/fat_32_c.o
dir                 0x8               build/file_system/fat_32_c.o
init_page           0x8               build/proc_manager/sched_c.o
next_childregs      0x8               build/proc_manager/sched_c.o
sched_type          0x4               build/file_system/fat_32_c.o
sd_hv               0x8               build/device/SDCard_c.o
fs_support          0x200             build/file_system/fat_32_c.o

Memory Configuration

Name             Origin             Length             Attributes
*default*        0x0000000000000000 0xffffffffffffffff

Linker script and memory map

                0xffff000000000000                . = 0xffff000000000000
                0xffff000000000000                _start_ = .

.text.boot      0xffff000000000000      0x1d0
 *(.text.boot)
 .text.boot     0xffff000000000000      0x1d0 build/kernel/boot_s.o
                0xffff000000000000                _start
                0xffff000000000018                enable_cache
                0xffff000000001000                . = ALIGN (0x1000)
                0xffff000000001000                user_begin = .

.text.user      0xffff000000001000      0xbc4
 build/user*(.text)
 .text          0xffff000000001000      0xa24 build/user_shell/terminal_c.o
                0xffff000000001000                invalid
                0xffff000000001028                shell_user_process
 .text.user     0xffff000000001a24      0x1a0 build/app/user_sys_s.o
                0xffff000000001a24                user_delay
                0xffff000000001a30                call_sys_write
                0xffff000000001a3c                call_sys_exit
                0xffff000000001a48                call_sys_fork
                0xffff000000001a54                call_sys_led
                0xffff000000001a60                call_sys_read
                0xffff000000001a6c                thread_create
                0xffff000000001a78                thread_self
                0xffff000000001a84                thread_join
                0xffff000000001a90                thread_cond_signal
                0xffff000000001a9c                call_sys_list
                0xffff000000001aa8                call_sys_cd
                0xffff000000001ab4                call_sys_dump
                0xffff000000001ac0                call_sys_root
                0xffff000000001acc                call_sys_run
                0xffff000000001ad8                call_sys_com
                0xffff000000001ae4                call_sys_send
                0xffff000000001af0                call_sys_recv
                0xffff000000001afc                thread_mutex_trylock
                0xffff000000001b08                thread_mutex_lock
                0xffff000000001b14                thread_mutex_unlock
                0xffff000000001b20                call_sys_allocate_page
                0xffff000000001b2c                call_sys_free_page
                0xffff000000001b38                call_sys_rmcom
                0xffff000000001b44                call_sys_lsdev
                0xffff000000001b50                call_sys_lscom
                0xffff000000001b5c                call_sys_sched
                0xffff000000001b68                call_sys_fopen
                0xffff000000001b74                call_sys_fread
                0xffff000000001b80                call_sys_fclose
                0xffff000000001b8c                call_sys_fwrite
                0xffff000000001b98                call_sys_fflush
                0xffff000000001ba4                thread_equal
                0xffff000000001bbc                sp_info

.rodata.user    0xffff000000001bc8       0xb2
 build/user*(.rodata)
 .rodata        0xffff000000001bc8       0xb2 build/user_shell/terminal_c.o

.data.user      0xffff000000001c80       0x1e
 build/user*(.data)
 .data          0xffff000000001c80       0x1e build/user_shell/terminal_c.o
                0xffff000000001c80                directory

.bss.user       0xffff000000001ca0        0x4
 build/user*(.bss)
 .bss           0xffff000000001ca0        0x4 build/user_shell/terminal_c.o
                0xffff000000001ca4                user_end = .

.text           0xffff000000002000    0x121fc
 *(.text)
 .text          0xffff000000002000      0x3e4 build/file_system/fat_32_c.o
                0xffff000000002000                fat32_getcluster
                0xffff000000002188                fat32_readfile
                0xffff000000002390                fat32_read_directory
 .text          0xffff0000000023e4      0x320 build/file_system/fs_deamon_c.o
                0xffff0000000023e4                fs_daemon
 .text          0xffff000000002704      0x3d4 build/file_system/fat_c.o
                0xffff000000002704                fat_getpartition
                0xffff000000002ab4                fat_listdirectory
 .text          0xffff000000002ad8        0x0 build/file_system/fat_16_c.o
 .text          0xffff000000002ad8     0x1130 build/file_system/fs_c.o
                0xffff000000002ad8                fs_type_support
                0xffff000000002b68                build_kernel_directory
                0xffff0000000030d4                build_root
                0xffff0000000030f4                _search_file
                0xffff000000003a88                user_dir
 .text          0xffff000000003c08       0xd0 build/proc_manager/irq_c.o
                0xffff000000003c08                enable_interrupt_controller
                0xffff000000003c30                show_invalid_entry_message
                0xffff000000003c98                handle_irq
 .text          0xffff000000003cd8      0x6c4 build/proc_manager/sched_c.o
                0xffff000000003cd8                preempt_disable
                0xffff000000003d0c                preempt_enable
                0xffff000000003d40                is_running
                0xffff000000003d98                round_robin
                0xffff000000003e10                LIFO
                0xffff000000003eac                _schedule
                0xffff0000000040b8                schedule
                0xffff0000000040e4                switch_to
                0xffff000000004294                schedule_tail
                0xffff0000000042ac                timer_tick
                0xffff000000004354                timer3_tick
                0xffff00000000435c                exit_process
 .text          0xffff00000000439c      0x3a4 build/proc_manager/pm_deamon_c.o
                0xffff00000000439c                pm_daemon
 .text          0xffff000000004740      0x1cc build/proc_manager/timer_c.o
                0xffff000000004740                timer_init
                0xffff0000000047b8                handle_timer_irq
                0xffff000000004828                get_system_timer
                0xffff0000000048c0                wait_msec_st
 .text          0xffff00000000490c      0x824 build/memory_manager/mm_c.o
                0xffff00000000490c                allocate_kernel_page
                0xffff0000000049ac                allocate_pcb_space
                0xffff000000004a78                allocate_user_page
                0xffff000000004acc                get_free_page
                0xffff000000004c20                free_page
                0xffff000000004c88                map_table_entry
                0xffff000000004ce4                map_table
                0xffff000000004da4                map_page
                0xffff000000004fdc                copy_virt_memory
                0xffff000000005098                do_mem_abort
 .text          0xffff000000005130       0x9c build/proc_manager/thread/thread_exit_c.o
                0xffff000000005130                _thread_exit
 .text          0xffff0000000051cc       0xe8 build/proc_manager/thread/thread_mutex_lock_c.o
                0xffff0000000051cc                _thread_mutex_lock
                0xffff000000005260                thread_enqueue
 .text          0xffff0000000052b4       0x2c build/proc_manager/thread/thread_cond_timewait_c.o
                0xffff0000000052b4                thread_cond_timewait
 .text          0xffff0000000052e0       0x18 build/proc_manager/thread/thread_yield_c.o
                0xffff0000000052e0                thread_yield
 .text          0xffff0000000052f8       0x14 build/proc_manager/thread/thread_self_c.o
                0xffff0000000052f8                thread_id_self
 .text          0xffff00000000530c       0x94 build/proc_manager/thread/thread_cond_wait_c.o
                0xffff00000000530c                thread_cond_wait
                0xffff000000005334                thread_cond_timedwait_internal
                0xffff000000005370                thread_block
 .text          0xffff0000000053a0       0xbc build/proc_manager/thread/thread_mutex_unlock_c.o
                0xffff0000000053a0                _thread_mutex_unlock
                0xffff0000000053e8                thread_dequeue
 .text          0xffff00000000545c       0x34 build/proc_manager/thread/thread_cond_signal_c.o
                0xffff00000000545c                _thread_cond_signal
 .text          0xffff000000005490       0x28 build/proc_manager/thread/thread_mutex_trylock_c.o
                0xffff000000005490                _thread_mutex_trylock
 .text          0xffff0000000054b8      0x3bc build/proc_manager/thread/thread_create_c.o
                0xffff0000000054b8                thread_end
                0xffff0000000054d8                error
                0xffff000000005508                _thread_create
 .text          0xffff000000005874       0xe4 build/proc_manager/thread/thread_join_c.o
                0xffff000000005874                _thread_join
 .text          0xffff000000005958       0x28 build/proc_manager/thread/thread_mutex_init_c.o
                0xffff000000005958                _thread_mutex_init
 .text          0xffff000000005980      0x9b8 build/kernel/printf_c.o
                0xffff000000005d0c                tfp_format
                0xffff000000006154                init_printf
                0xffff00000000618c                tfp_printf
                0xffff000000006260                tfp_sprintf
                0xffff0000000062f8                asm_print
 .text          0xffff000000006338       0xdc build/kernel/strcmp_c.o
                0xffff000000006338                strcmp
 .text          0xffff000000006414      0x6bc build/kernel/sys_c.o
                0xffff000000006414                kservice_uart_write
                0xffff000000006450                kservice_fork
                0xffff000000006474                kservice_exit
                0xffff000000006494                kservice_led_blink
                0xffff00000000649c                kservice_uart_read
                0xffff0000000064b4                kservice_create_thread
                0xffff0000000064e8                kservice_thread_self
                0xffff0000000064fc                kservice_thread_join
                0xffff000000006524                kservice_thread_exit
                0xffff000000006538                kservice_thread_signal
                0xffff000000006558                kservice_list_file
                0xffff000000006570                kservice_cd_folder
                0xffff000000006590                kservice_dump_file
                0xffff0000000065b0                kservice_root_file
                0xffff0000000065cc                kservice_run_file
                0xffff0000000065ec                kservice_send_msg
                0xffff000000006608                kservice_recieve_msg
                0xffff00000000661c                kservice_mutex_trylock
                0xffff00000000663c                kservice_mutex_lock
                0xffff00000000665c                kservice_mutex_unlock
                0xffff00000000667c                kservice_com_file
                0xffff0000000066b4                kservice_allocate_upage
                0xffff0000000066dc                kservice_free_page
                0xffff00000000670c                kservice_rm_compt
                0xffff00000000672c                kservice_ls_dev
                0xffff000000006744                kservice_ls_compt
                0xffff00000000675c                kservice_change_sched
                0xffff000000006794                kservice_fopen
                0xffff00000000683c                kservice_fread
                0xffff000000006870                kservice_fwrite
                0xffff0000000068a4                kservice_fclose
                0xffff000000006928                kservice_fflush
                0xffff0000000069ac                kservice_allocate_kpage
                0xffff0000000069c8                kservice_schedule
                0xffff0000000069e0                kservice_reg_compt
                0xffff0000000069fc                kservice_unreg_compt
                0xffff000000006a18                kservice_dev_read
                0xffff000000006a5c                kservice_dir_interface
                0xffff000000006a7c                kservice_set_hard
                0xffff000000006a9c                kservice_put32
 .text          0xffff000000006ad0      0x348 build/kernel/kernel_c.o
                0xffff000000006ad0                kernel_process
                0xffff000000006b40                A
                0xffff000000006b6c                set_gpio_t
                0xffff000000006be4                mod_process
                0xffff000000006c68                kernel_main
 .text          0xffff000000006e18     0x50c4 build/device/SDCard_c.o
                0xffff000000006e18                strchr
                0xffff000000006e8c                toupper
                0xffff000000006ec4                wctob
                0xffff000000008ab0                sdTransferBlocks
                0xffff000000009038                sdClearBlocks
                0xffff000000009240                getSetNextCluster
                0xffff0000000097b0                WildcardMatch
                0xffff00000000a038                sdFindFirstFile
                0xffff00000000a4c8                sdFindNextFile
                0xffff00000000a5ec                sdFindClose
                0xffff00000000a678                sdCreateFile
                0xffff00000000ac3c                sdReadFile
                0xffff00000000b254                sdCloseHandle
                0xffff00000000b2e0                sdSetFilePointer
                0xffff00000000ba54                sdGetFileSize
                0xffff00000000bae0                sdInitCard
                0xffff00000000beb4                sdCardCSD
 .text          0xffff00000000bedc      0x614 build/device/mini_uart_c.o
                0xffff00000000bedc                uart_send
                0xffff00000000bf30                uart_recv
                0xffff00000000bf78                uart_send_string
                0xffff00000000bfd0                uart_init
                0xffff00000000c114                set_gpio
                0xffff00000000c190                uart_hex
                0xffff00000000c210                uart_puts
                0xffff00000000c268                uart_dump
                0xffff00000000c414                putc
                0xffff00000000c438                pr_int
 .text          0xffff00000000c4f0       0xb4 build/device/delays_c.o
                0xffff00000000c4f0                wait_cycles
                0xffff00000000c52c                wait_msec
 .text          0xffff00000000c5a4       0x64 build/device/led_blink_c.o
                0xffff00000000c5a4                led_blink
 .text          0xffff00000000c608     0x137c build/device/sd_c.o
                0xffff00000000c608                sd_status
                0xffff00000000c6c8                sd_int
                0xffff00000000c7e4                sd_cmd
                0xffff00000000cb20                sd_readblock
                0xffff00000000cddc                sd_clk
                0xffff00000000d100                sd_init
 .text          0xffff00000000d984      0x158 build/app/fflush_c.o
                0xffff00000000d984                fflush
 .text          0xffff00000000dadc      0x1c4 build/app/ls_dev_c.o
                0xffff00000000dadc                ls_dev
 .text          0xffff00000000dca0      0x2e8 build/app/fclose_c.o
                0xffff00000000dca0                fclose
 .text          0xffff00000000df88      0x3d4 build/app/fopen_c.o
                0xffff00000000df88                fopen
 .text          0xffff00000000e35c      0x4ac build/app/dump_c.o
                0xffff00000000e35c                data_dump
                0xffff00000000e534                dump
 .text          0xffff00000000e808      0x190 build/app/fwrite_c.o
                0xffff00000000e860                fwrite
 .text          0xffff00000000e998        0x0 build/app/shmat_c.o
 .text          0xffff00000000e998        0x0 build/app/shmdt_c.o
 .text          0xffff00000000e998      0x51c build/app/ls_c.o
                0xffff00000000e998                list
 .text          0xffff00000000eeb4      0x248 build/app/run_c.o
                0xffff00000000eeb4                run_file
 .text          0xffff00000000f0fc      0x598 build/app/fork_c.o
                0xffff00000000f0fc                copy_process
                0xffff00000000f5bc                move_to_user_mode
                0xffff00000000f674                task_pt_regs
 .text          0xffff00000000f694        0x0 build/app/shmrm_c.o
 .text          0xffff00000000f694      0x54c build/app/cd_c.o
                0xffff00000000f694                cd
                0xffff00000000f9bc                cd_root
                0xffff00000000fac0                find_folder
 .text          0xffff00000000fbe0      0x170 build/app/fread_c.o
                0xffff00000000fbe0                yield_cpu
                0xffff00000000fc60                fread
 .text          0xffff00000000fd50       0x1c build/app/shmget_c.o
                0xffff00000000fd50                shmget
 .text          0xffff00000000fd6c     0x2738 build/compt_manager/compt_c.o
                0xffff00000000fd6c                compt_file
                0xffff0000000104a4                compt_sched_file
                0xffff000000010a8c                rm_compt_file
                0xffff000000010cac                unreg_compt
                0xffff000000010d64                strlength
                0xffff000000010da4                reg_compt
                0xffff000000010fb8                get_ndx
                0xffff000000010fd0                get_st_value
                0xffff000000010fe8                use_compt_func
                0xffff0000000111f0                get_strname
                0xffff000000011208                relocate
                0xffff00000001192c                find_sec_addr
                0xffff000000011b90                check_file_format
                0xffff000000011cbc                string_table
                0xffff000000011cfc                get_string
                0xffff000000012208                ls_compt
                0xffff000000012290                read_ksymbol
 .text          0xffff0000000124a4      0x28c build/compt_manager/compt_daemon_c.o
                0xffff0000000124a4                compt_daemon
 .text          0xffff000000012730      0x504 build/ipc/ipc_c.o
                0xffff000000012730                send_msg
 .text          0xffff000000012c34       0x1c build/proc_manager/irq_s.o
                0xffff000000012c34                irq_vector_init
                0xffff000000012c40                enable_irq
                0xffff000000012c48                disable_irq
 .text          0xffff000000012c50       0x50 build/proc_manager/sched_s.o
                0xffff000000012c50                cpu_switch_to
 .text          0xffff000000012ca0       0x4c build/memory_manager/mm_s.o
                0xffff000000012ca0                memcpy
                0xffff000000012cb4                memcmp
                0xffff000000012cdc                memzero
 *fill*         0xffff000000012cec      0x314 
 .text          0xffff000000013000     0x1138 build/kernel/entry_s.o
                0xffff000000013000                vectors
                0xffff0000000140c4                ret_from_fork
                0xffff000000014134                err_hang
 .text          0xffff000000014138        0x0 build/kernel/boot_s.o
 .text          0xffff000000014138       0xc4 build/device/utils_s.o
                0xffff000000014138                get_el
                0xffff000000014144                put32
                0xffff00000001414c                get32
                0xffff000000014154                delay
                0xffff000000014160                set_pgd
                0xffff000000014174                get_pgd
                0xffff000000014198                try_lock
                0xffff0000000141b8                unlock
                0xffff0000000141d4                error_unlock
                0xffff0000000141dc                bl_init
                0xffff0000000141ec                bl_sched_wrap
 .text          0xffff0000000141fc        0x0 build/app/user_sys_s.o

.iplt           0xffff0000000141fc        0x0
 .iplt          0xffff0000000141fc        0x0 build/file_system/fat_32_c.o

.rodata         0xffff000000014200     0x1419
 *(.rodata)
 .rodata        0xffff000000014200       0x40 build/file_system/fat_32_c.o
 .rodata        0xffff000000014240       0x54 build/file_system/fs_deamon_c.o
 *fill*         0xffff000000014294        0x4 
 .rodata        0xffff000000014298       0x93 build/file_system/fat_c.o
 *fill*         0xffff00000001432b        0x5 
 .rodata        0xffff000000014330       0x3e build/file_system/fs_c.o
 *fill*         0xffff00000001436e        0x2 
 .rodata        0xffff000000014370      0x1d5 build/proc_manager/irq_c.o
 *fill*         0xffff000000014545        0x3 
 .rodata        0xffff000000014548       0x58 build/proc_manager/pm_deamon_c.o
 .rodata        0xffff0000000145a0        0x4 build/proc_manager/timer_c.o
                0xffff0000000145a0                interval
 *fill*         0xffff0000000145a4        0x4 
 .rodata        0xffff0000000145a8        0x3 build/memory_manager/mm_c.o
 *fill*         0xffff0000000145ab        0x5 
 .rodata        0xffff0000000145b0        0xa build/proc_manager/thread/thread_exit_c.o
 *fill*         0xffff0000000145ba        0x6 
 .rodata        0xffff0000000145c0        0x6 build/proc_manager/thread/thread_create_c.o
 *fill*         0xffff0000000145c6        0x2 
 .rodata        0xffff0000000145c8        0xf build/proc_manager/thread/thread_join_c.o
 *fill*         0xffff0000000145d7        0x1 
 .rodata        0xffff0000000145d8       0x1d build/kernel/printf_c.o
 *fill*         0xffff0000000145f5        0x3 
 .rodata        0xffff0000000145f8      0x140 build/kernel/sys_c.o
                0xffff0000000145f8                sys_call_table
 .rodata        0xffff000000014738       0x98 build/kernel/kernel_c.o
 .rodata        0xffff0000000147d0      0x41b build/device/SDCard_c.o
 *fill*         0xffff000000014beb        0x5 
 .rodata        0xffff000000014bf0        0x3 build/device/mini_uart_c.o
 *fill*         0xffff000000014bf3        0x5 
 .rodata        0xffff000000014bf8      0x1fc build/device/sd_c.o
 *fill*         0xffff000000014df4        0x4 
 .rodata        0xffff000000014df8       0x12 build/app/fflush_c.o
 *fill*         0xffff000000014e0a        0x6 
 .rodata        0xffff000000014e10       0xd2 build/app/ls_dev_c.o
 *fill*         0xffff000000014ee2        0x6 
 .rodata        0xffff000000014ee8       0x3b build/app/fopen_c.o
 *fill*         0xffff000000014f23        0x5 
 .rodata        0xffff000000014f28       0x43 build/app/dump_c.o
 *fill*         0xffff000000014f6b        0x5 
 .rodata        0xffff000000014f70       0x42 build/app/ls_c.o
 *fill*         0xffff000000014fb2        0x6 
 .rodata        0xffff000000014fb8       0x83 build/app/run_c.o
 *fill*         0xffff00000001503b        0x5 
 .rodata        0xffff000000015040       0x16 build/app/fork_c.o
 *fill*         0xffff000000015056        0x2 
 .rodata        0xffff000000015058       0x57 build/app/cd_c.o
 *fill*         0xffff0000000150af        0x1 
 .rodata        0xffff0000000150b0      0x47d build/compt_manager/compt_c.o
 *fill*         0xffff00000001552d        0x3 
 .rodata        0xffff000000015530       0x6c build/compt_manager/compt_daemon_c.o
 *fill*         0xffff00000001559c        0x4 
 .rodata        0xffff0000000155a0       0x79 build/ipc/ipc_c.o

.rela.dyn       0xffff000000015620        0x0
 .rela.iplt     0xffff000000015620        0x0 build/file_system/fat_32_c.o

.data           0xffff000000015620      0xa40
 *(.data)
 .data          0xffff000000015620        0x0 build/file_system/fat_32_c.o
 .data          0xffff000000015620        0x0 build/file_system/fs_deamon_c.o
 .data          0xffff000000015620        0x0 build/file_system/fat_c.o
 .data          0xffff000000015620        0x0 build/file_system/fat_16_c.o
 .data          0xffff000000015620       0x20 build/file_system/fs_c.o
 .data          0xffff000000015640       0x90 build/proc_manager/irq_c.o
                0xffff000000015640                entry_error_messages
 .data          0xffff0000000156d0      0x5b8 build/proc_manager/sched_c.o
                0xffff0000000156d0                init_priority
                0xffff0000000156d8                init_extra_priority
                0xffff0000000156e0                init_app_priority
                0xffff0000000156e8                init_extra_flags
                0xffff0000000156f0                init_app_flags
                0xffff0000000156f8                init_task_0
                0xffff0000000158c0                init_task_1
                0xffff000000015a88                init_task_2
                0xffff000000015c50                current
                0xffff000000015c58                task_prio_table
                0xffff000000015c70                head
 .data          0xffff000000015c88        0x0 build/proc_manager/pm_deamon_c.o
 .data          0xffff000000015c88        0x0 build/proc_manager/timer_c.o
 .data          0xffff000000015c88        0x4 build/memory_manager/mm_c.o
 .data          0xffff000000015c8c        0x0 build/proc_manager/thread/thread_exit_c.o
 .data          0xffff000000015c8c        0x0 build/proc_manager/thread/thread_mutex_lock_c.o
 .data          0xffff000000015c8c        0x0 build/proc_manager/thread/thread_cond_timewait_c.o
 .data          0xffff000000015c8c        0x0 build/proc_manager/thread/thread_yield_c.o
 .data          0xffff000000015c8c        0x0 build/proc_manager/thread/thread_self_c.o
 .data          0xffff000000015c8c        0x0 build/proc_manager/thread/thread_cond_wait_c.o
 .data          0xffff000000015c8c        0x0 build/proc_manager/thread/thread_mutex_unlock_c.o
 .data          0xffff000000015c8c        0x0 build/proc_manager/thread/thread_cond_signal_c.o
 .data          0xffff000000015c8c        0x0 build/proc_manager/thread/thread_mutex_trylock_c.o
 .data          0xffff000000015c8c        0x0 build/proc_manager/thread/thread_create_c.o
 .data          0xffff000000015c8c        0x0 build/proc_manager/thread/thread_join_c.o
 .data          0xffff000000015c8c        0x0 build/proc_manager/thread/thread_mutex_init_c.o
 .data          0xffff000000015c8c        0x0 build/kernel/printf_c.o
 .data          0xffff000000015c8c        0x0 build/kernel/strcmp_c.o
 .data          0xffff000000015c8c        0x0 build/kernel/sys_c.o
 .data          0xffff000000015c8c        0x0 build/kernel/kernel_c.o
 *fill*         0xffff000000015c8c        0x4 
 .data          0xffff000000015c90      0x3a8 build/device/SDCard_c.o
 .data          0xffff000000016038        0x0 build/device/mini_uart_c.o
 .data          0xffff000000016038        0x0 build/device/delays_c.o
 .data          0xffff000000016038        0x0 build/device/led_blink_c.o
 .data          0xffff000000016038        0x0 build/device/sd_c.o
 .data          0xffff000000016038        0x0 build/app/fflush_c.o
 .data          0xffff000000016038        0x0 build/app/ls_dev_c.o
 .data          0xffff000000016038        0x0 build/app/fclose_c.o
 .data          0xffff000000016038        0x0 build/app/fopen_c.o
 .data          0xffff000000016038        0x0 build/app/dump_c.o
 .data          0xffff000000016038        0x0 build/app/fwrite_c.o
 .data          0xffff000000016038        0x0 build/app/shmat_c.o
 .data          0xffff000000016038        0x0 build/app/shmdt_c.o
 .data          0xffff000000016038        0x0 build/app/ls_c.o
 .data          0xffff000000016038        0x0 build/app/run_c.o
 .data          0xffff000000016038        0x0 build/app/fork_c.o
 .data          0xffff000000016038        0x0 build/app/shmrm_c.o
 .data          0xffff000000016038       0x24 build/app/cd_c.o
                0xffff000000016038                kdirectory
                0xffff000000016058                cd_rem
 .data          0xffff00000001605c        0x0 build/app/fread_c.o
 .data          0xffff00000001605c        0x0 build/app/shmget_c.o
 .data          0xffff00000001605c        0x4 build/compt_manager/compt_c.o
                0xffff00000001605c                ksym_index
 .data          0xffff000000016060        0x0 build/compt_manager/compt_daemon_c.o
 .data          0xffff000000016060        0x0 build/ipc/ipc_c.o
 .data          0xffff000000016060        0x0 build/proc_manager/irq_s.o
 .data          0xffff000000016060        0x0 build/proc_manager/sched_s.o
 .data          0xffff000000016060        0x0 build/memory_manager/mm_s.o
 .data          0xffff000000016060        0x0 build/kernel/entry_s.o
 .data          0xffff000000016060        0x0 build/kernel/boot_s.o
 .data          0xffff000000016060        0x0 build/device/utils_s.o
 .data          0xffff000000016060        0x0 build/app/user_sys_s.o

.igot.plt       0xffff000000016060        0x0
 .igot.plt      0xffff000000016060        0x0 build/file_system/fat_32_c.o
                0xffff000000016060                . = ALIGN (0x8)
                0xffff000000016060                bss_begin = .

.bss            0xffff000000016060    0x8d588
 *(.bss*)
 .bss           0xffff000000016060        0x4 build/file_system/fat_32_c.o
                0xffff000000016060                sect
 *fill*         0xffff000000016064        0x4 
 .bss           0xffff000000016068      0x804 build/file_system/fs_deamon_c.o
                0xffff000000016068                fs_mail
 .bss           0xffff00000001686c        0x0 build/file_system/fat_c.o
 .bss           0xffff00000001686c        0x0 build/file_system/fat_16_c.o
 .bss           0xffff00000001686c        0x4 build/file_system/fs_c.o
 .bss           0xffff000000016870        0x0 build/proc_manager/irq_c.o
 .bss           0xffff000000016870      0x230 build/proc_manager/sched_c.o
                0xffff000000016870                init_cpu
                0xffff0000000168d8                init_state
                0xffff0000000168e0                init_counter
                0xffff0000000168e8                init_preempt_count
                0xffff0000000168f0                init_flags
                0xffff0000000168f8                init_mm
                0xffff000000016a90                nr_tasks
                0xffff000000016a94                next
                0xffff000000016a98                service_index
 .bss           0xffff000000016aa0      0x808 build/proc_manager/pm_deamon_c.o
                0xffff000000016aa0                pm_mail
                0xffff0000000172a0                ipc_index_pop
 .bss           0xffff0000000172a8        0x4 build/proc_manager/timer_c.o
                0xffff0000000172a8                curVal
 *fill*         0xffff0000000172ac        0x4 
 .bss           0xffff0000000172b0    0x7d80c build/memory_manager/mm_c.o
 .bss           0xffff000000094abc        0x0 build/proc_manager/thread/thread_exit_c.o
 .bss           0xffff000000094abc        0x0 build/proc_manager/thread/thread_mutex_lock_c.o
 .bss           0xffff000000094abc        0x0 build/proc_manager/thread/thread_cond_timewait_c.o
 .bss           0xffff000000094abc        0x0 build/proc_manager/thread/thread_yield_c.o
 .bss           0xffff000000094abc        0x0 build/proc_manager/thread/thread_self_c.o
 .bss           0xffff000000094abc        0x0 build/proc_manager/thread/thread_cond_wait_c.o
 .bss           0xffff000000094abc        0x0 build/proc_manager/thread/thread_mutex_unlock_c.o
 .bss           0xffff000000094abc        0x0 build/proc_manager/thread/thread_cond_signal_c.o
 .bss           0xffff000000094abc        0x0 build/proc_manager/thread/thread_mutex_trylock_c.o
 .bss           0xffff000000094abc        0x0 build/proc_manager/thread/thread_create_c.o
 .bss           0xffff000000094abc        0x0 build/proc_manager/thread/thread_join_c.o
 .bss           0xffff000000094abc        0x0 build/proc_manager/thread/thread_mutex_init_c.o
 *fill*         0xffff000000094abc        0x4 
 .bss           0xffff000000094ac0       0x10 build/kernel/printf_c.o
 .bss           0xffff000000094ad0        0x0 build/kernel/strcmp_c.o
 .bss           0xffff000000094ad0        0x4 build/kernel/sys_c.o
                0xffff000000094ad0                ipc_index_push
 .bss           0xffff000000094ad4        0x0 build/kernel/kernel_c.o
 *fill*         0xffff000000094ad4        0x4 
 .bss           0xffff000000094ad8     0x25a0 build/device/SDCard_c.o
                0xffff000000094ad8                LOG_ERROR
 .bss           0xffff000000097078        0x0 build/device/mini_uart_c.o
 .bss           0xffff000000097078        0x0 build/device/delays_c.o
 .bss           0xffff000000097078        0x0 build/device/led_blink_c.o
 .bss           0xffff000000097078        0x0 build/device/sd_c.o
 .bss           0xffff000000097078        0x0 build/app/fflush_c.o
 .bss           0xffff000000097078        0x0 build/app/ls_dev_c.o
 .bss           0xffff000000097078        0x0 build/app/fclose_c.o
 .bss           0xffff000000097078        0x0 build/app/fopen_c.o
 .bss           0xffff000000097078        0x0 build/app/dump_c.o
 .bss           0xffff000000097078        0x0 build/app/fwrite_c.o
 .bss           0xffff000000097078        0x0 build/app/shmat_c.o
 .bss           0xffff000000097078        0x0 build/app/shmdt_c.o
 .bss           0xffff000000097078        0x0 build/app/ls_c.o
 .bss           0xffff000000097078        0x0 build/app/run_c.o
 .bss           0xffff000000097078     0x8008 build/app/fork_c.o
                0xffff000000097078                tid
                0xffff000000097080                thread_id_table
 .bss           0xffff00000009f080        0x0 build/app/shmrm_c.o
 .bss           0xffff00000009f080        0x4 build/app/cd_c.o
                0xffff00000009f080                current_page
 .bss           0xffff00000009f084        0x0 build/app/fread_c.o
 .bss           0xffff00000009f084        0x0 build/app/shmget_c.o
 *fill*         0xffff00000009f084        0x4 
 .bss           0xffff00000009f088       0x14 build/compt_manager/compt_c.o
                0xffff00000009f088                opera_addr
                0xffff00000009f08c                rmcom_addr
                0xffff00000009f090                comp_start
                0xffff00000009f098                com_index
 *fill*         0xffff00000009f09c        0x4 
 .bss           0xffff00000009f0a0      0x804 build/compt_manager/compt_daemon_c.o
                0xffff00000009f0a0                compt_mail
 .bss           0xffff00000009f8a4        0xc build/ipc/ipc_c.o
                0xffff00000009f8a4                pm_index_push
                0xffff00000009f8a8                fs_index_push
                0xffff00000009f8ac                compt_index_push
 .bss           0xffff00000009f8b0        0x0 build/proc_manager/irq_s.o
 .bss           0xffff00000009f8b0        0x0 build/proc_manager/sched_s.o
 .bss           0xffff00000009f8b0        0x0 build/memory_manager/mm_s.o
 .bss           0xffff00000009f8b0        0x0 build/kernel/entry_s.o
 .bss           0xffff00000009f8b0        0x0 build/kernel/boot_s.o
 .bss           0xffff00000009f8b0        0x0 build/device/utils_s.o
 .bss           0xffff00000009f8b0        0x0 build/app/user_sys_s.o
 COMMON         0xffff00000009f8b0     0x2030 build/file_system/fat_32_c.o
                0xffff00000009f8b0                sd_p
                0xffff00000009f8e0                partition
                0xffff00000009faa0                symbolic_fs_array
                0xffff0000000a12a0                task
                0xffff0000000a14a0                file_dir
                0xffff0000000a16d0                dir
                0xffff0000000a16d8                sched_type
                0xffff0000000a16e0                fs_support
 COMMON         0xffff0000000a18e0        0x8 build/file_system/fs_c.o
                0xffff0000000a18e0                origin
 COMMON         0xffff0000000a18e8       0x70 build/proc_manager/sched_c.o
                0xffff0000000a18e8                prev_childregs
                0xffff0000000a18f0                page_prev
                0xffff0000000a18f8                prev_real_regs
                0xffff0000000a1900                page_prev_mm
                0xffff0000000a1910                page_next
                0xffff0000000a1918                next_real_regs
                0xffff0000000a1920                page_next_mm
                0xffff0000000a1930                prev_real
                0xffff0000000a1938                next_real
                0xffff0000000a1940                prev
                0xffff0000000a1948                init_page
                0xffff0000000a1950                next_childregs
 COMMON         0xffff0000000a1958       0x20 build/proc_manager/pm_deamon_c.o
                0xffff0000000a1958                rendezvous
 COMMON         0xffff0000000a1978       0x50 build/kernel/kernel_c.o
                0xffff0000000a1978                fat_addr
                0xffff0000000a1980                fs_lock
                0xffff0000000a19a0                user_page_start
                0xffff0000000a19a8                mm_lock
 COMMON         0xffff0000000a19c8       0x30 build/device/SDCard_c.o
                0xffff0000000a19c8                sd_ocr
                0xffff0000000a19d0                sd_err
                0xffff0000000a19d8                sd_rca
                0xffff0000000a19e0                sd_scr
                0xffff0000000a19f0                sd_hv
 COMMON         0xffff0000000a19f8     0x1bf0 build/compt_manager/compt_c.o
                0xffff0000000a19f8                cfile
                0xffff0000000a1ff8                text_function
                0xffff0000000a2138                ksym
                0xffff0000000a3538                move_sec
                0xffff0000000a35e0                compt_filename
                0xffff0000000a35e8                bss_end = .
                0xffff0000000a4000                . = ALIGN (0x1000)
                0xffff0000000a4000                pg_dir = .

.data.pgd       0xffff0000000a4000     0x3000
                0xffff0000000a7000                . = (. + 0x3000)
 *fill*         0xffff0000000a4000     0x3000 
                0xffff0000000a7000                _end = .
LOAD build/file_system/fat_32_c.o
LOAD build/file_system/fs_deamon_c.o
LOAD build/file_system/fat_c.o
LOAD build/file_system/fat_16_c.o
LOAD build/file_system/fs_c.o
LOAD build/proc_manager/irq_c.o
LOAD build/proc_manager/sched_c.o
LOAD build/proc_manager/pm_deamon_c.o
LOAD build/proc_manager/timer_c.o
LOAD build/memory_manager/mm_c.o
LOAD build/proc_manager/thread/thread_exit_c.o
LOAD build/proc_manager/thread/thread_mutex_lock_c.o
LOAD build/proc_manager/thread/thread_cond_timewait_c.o
LOAD build/proc_manager/thread/thread_yield_c.o
LOAD build/proc_manager/thread/thread_self_c.o
LOAD build/proc_manager/thread/thread_cond_wait_c.o
LOAD build/proc_manager/thread/thread_mutex_unlock_c.o
LOAD build/proc_manager/thread/thread_cond_signal_c.o
LOAD build/proc_manager/thread/thread_mutex_trylock_c.o
LOAD build/proc_manager/thread/thread_create_c.o
LOAD build/proc_manager/thread/thread_join_c.o
LOAD build/proc_manager/thread/thread_mutex_init_c.o
LOAD build/kernel/printf_c.o
LOAD build/kernel/strcmp_c.o
LOAD build/kernel/sys_c.o
LOAD build/kernel/kernel_c.o
LOAD build/device/SDCard_c.o
LOAD build/device/mini_uart_c.o
LOAD build/device/delays_c.o
LOAD build/device/led_blink_c.o
LOAD build/device/sd_c.o
LOAD build/app/fflush_c.o
LOAD build/app/ls_dev_c.o
LOAD build/app/fclose_c.o
LOAD build/app/fopen_c.o
LOAD build/app/dump_c.o
LOAD build/app/fwrite_c.o
LOAD build/app/shmat_c.o
LOAD build/app/shmdt_c.o
LOAD build/app/ls_c.o
LOAD build/app/run_c.o
LOAD build/app/fork_c.o
LOAD build/app/shmrm_c.o
LOAD build/app/cd_c.o
LOAD build/app/fread_c.o
LOAD build/app/shmget_c.o
LOAD build/user_shell/terminal_c.o
LOAD build/compt_manager/compt_c.o
LOAD build/compt_manager/compt_daemon_c.o
LOAD build/ipc/ipc_c.o
LOAD build/proc_manager/irq_s.o
LOAD build/proc_manager/sched_s.o
LOAD build/memory_manager/mm_s.o
LOAD build/kernel/entry_s.o
LOAD build/kernel/boot_s.o
LOAD build/device/utils_s.o
LOAD build/app/user_sys_s.o
OUTPUT(kernel8.elf elf64-littleaarch64)

.comment        0x0000000000000000       0x3b
 .comment       0x0000000000000000       0x3b build/file_system/fat_32_c.o
                                         0x3c (size before relaxing)
 .comment       0x000000000000003b       0x3c build/file_system/fs_deamon_c.o
 .comment       0x000000000000003b       0x3c build/file_system/fat_c.o
 .comment       0x000000000000003b       0x3c build/file_system/fat_16_c.o
 .comment       0x000000000000003b       0x3c build/file_system/fs_c.o
 .comment       0x000000000000003b       0x3c build/proc_manager/irq_c.o
 .comment       0x000000000000003b       0x3c build/proc_manager/sched_c.o
 .comment       0x000000000000003b       0x3c build/proc_manager/pm_deamon_c.o
 .comment       0x000000000000003b       0x3c build/proc_manager/timer_c.o
 .comment       0x000000000000003b       0x3c build/memory_manager/mm_c.o
 .comment       0x000000000000003b       0x3c build/proc_manager/thread/thread_exit_c.o
 .comment       0x000000000000003b       0x3c build/proc_manager/thread/thread_mutex_lock_c.o
 .comment       0x000000000000003b       0x3c build/proc_manager/thread/thread_cond_timewait_c.o
 .comment       0x000000000000003b       0x3c build/proc_manager/thread/thread_yield_c.o
 .comment       0x000000000000003b       0x3c build/proc_manager/thread/thread_self_c.o
 .comment       0x000000000000003b       0x3c build/proc_manager/thread/thread_cond_wait_c.o
 .comment       0x000000000000003b       0x3c build/proc_manager/thread/thread_mutex_unlock_c.o
 .comment       0x000000000000003b       0x3c build/proc_manager/thread/thread_cond_signal_c.o
 .comment       0x000000000000003b       0x3c build/proc_manager/thread/thread_mutex_trylock_c.o
 .comment       0x000000000000003b       0x3c build/proc_manager/thread/thread_create_c.o
 .comment       0x000000000000003b       0x3c build/proc_manager/thread/thread_join_c.o
 .comment       0x000000000000003b       0x3c build/proc_manager/thread/thread_mutex_init_c.o
 .comment       0x000000000000003b       0x3c build/kernel/printf_c.o
 .comment       0x000000000000003b       0x3c build/kernel/strcmp_c.o
 .comment       0x000000000000003b       0x3c build/kernel/sys_c.o
 .comment       0x000000000000003b       0x3c build/kernel/kernel_c.o
 .comment       0x000000000000003b       0x3c build/device/SDCard_c.o
 .comment       0x000000000000003b       0x3c build/device/mini_uart_c.o
 .comment       0x000000000000003b       0x3c build/device/delays_c.o
 .comment       0x000000000000003b       0x3c build/device/led_blink_c.o
 .comment       0x000000000000003b       0x3c build/device/sd_c.o
 .comment       0x000000000000003b       0x3c build/app/fflush_c.o
 .comment       0x000000000000003b       0x3c build/app/ls_dev_c.o
 .comment       0x000000000000003b       0x3c build/app/fclose_c.o
 .comment       0x000000000000003b       0x3c build/app/fopen_c.o
 .comment       0x000000000000003b       0x3c build/app/dump_c.o
 .comment       0x000000000000003b       0x3c build/app/fwrite_c.o
 .comment       0x000000000000003b       0x3c build/app/shmat_c.o
 .comment       0x000000000000003b       0x3c build/app/shmdt_c.o
 .comment       0x000000000000003b       0x3c build/app/ls_c.o
 .comment       0x000000000000003b       0x3c build/app/run_c.o
 .comment       0x000000000000003b       0x3c build/app/fork_c.o
 .comment       0x000000000000003b       0x3c build/app/shmrm_c.o
 .comment       0x000000000000003b       0x3c build/app/cd_c.o
 .comment       0x000000000000003b       0x3c build/app/fread_c.o
 .comment       0x000000000000003b       0x3c build/app/shmget_c.o
 .comment       0x000000000000003b       0x3c build/user_shell/terminal_c.o
 .comment       0x000000000000003b       0x3c build/compt_manager/compt_c.o
 .comment       0x000000000000003b       0x3c build/compt_manager/compt_daemon_c.o
 .comment       0x000000000000003b       0x3c build/ipc/ipc_c.o

.note.GNU-stack
                0x0000000000000000        0x0
 .note.GNU-stack
                0x0000000000000000        0x0 build/file_system/fat_32_c.o
 .note.GNU-stack
                0x0000000000000000        0x0 build/file_system/fs_deamon_c.o
 .note.GNU-stack
                0x0000000000000000        0x0 build/file_system/fat_c.o
 .note.GNU-stack
                0x0000000000000000        0x0 build/file_system/fat_16_c.o
 .note.GNU-stack
                0x0000000000000000        0x0 build/file_system/fs_c.o
 .note.GNU-stack
                0x0000000000000000        0x0 build/proc_manager/irq_c.o
 .note.GNU-stack
                0x0000000000000000        0x0 build/proc_manager/sched_c.o
 .note.GNU-stack
                0x0000000000000000        0x0 build/proc_manager/pm_deamon_c.o
 .note.GNU-stack
                0x0000000000000000        0x0 build/proc_manager/timer_c.o
 .note.GNU-stack
                0x0000000000000000        0x0 build/memory_manager/mm_c.o
 .note.GNU-stack
                0x0000000000000000        0x0 build/proc_manager/thread/thread_exit_c.o
 .note.GNU-stack
                0x0000000000000000        0x0 build/proc_manager/thread/thread_mutex_lock_c.o
 .note.GNU-stack
                0x0000000000000000        0x0 build/proc_manager/thread/thread_cond_timewait_c.o
 .note.GNU-stack
                0x0000000000000000        0x0 build/proc_manager/thread/thread_yield_c.o
 .note.GNU-stack
                0x0000000000000000        0x0 build/proc_manager/thread/thread_self_c.o
 .note.GNU-stack
                0x0000000000000000        0x0 build/proc_manager/thread/thread_cond_wait_c.o
 .note.GNU-stack
                0x0000000000000000        0x0 build/proc_manager/thread/thread_mutex_unlock_c.o
 .note.GNU-stack
                0x0000000000000000        0x0 build/proc_manager/thread/thread_cond_signal_c.o
 .note.GNU-stack
                0x0000000000000000        0x0 build/proc_manager/thread/thread_mutex_trylock_c.o
 .note.GNU-stack
                0x0000000000000000        0x0 build/proc_manager/thread/thread_create_c.o
 .note.GNU-stack
                0x0000000000000000        0x0 build/proc_manager/thread/thread_join_c.o
 .note.GNU-stack
                0x0000000000000000        0x0 build/proc_manager/thread/thread_mutex_init_c.o
 .note.GNU-stack
                0x0000000000000000        0x0 build/kernel/printf_c.o
 .note.GNU-stack
                0x0000000000000000        0x0 build/kernel/strcmp_c.o
 .note.GNU-stack
                0x0000000000000000        0x0 build/kernel/sys_c.o
 .note.GNU-stack
                0x0000000000000000        0x0 build/kernel/kernel_c.o
 .note.GNU-stack
                0x0000000000000000        0x0 build/device/SDCard_c.o
 .note.GNU-stack
                0x0000000000000000        0x0 build/device/mini_uart_c.o
 .note.GNU-stack
                0x0000000000000000        0x0 build/device/delays_c.o
 .note.GNU-stack
                0x0000000000000000        0x0 build/device/led_blink_c.o
 .note.GNU-stack
                0x0000000000000000        0x0 build/device/sd_c.o
 .note.GNU-stack
                0x0000000000000000        0x0 build/app/fflush_c.o
 .note.GNU-stack
                0x0000000000000000        0x0 build/app/ls_dev_c.o
 .note.GNU-stack
                0x0000000000000000        0x0 build/app/fclose_c.o
 .note.GNU-stack
                0x0000000000000000        0x0 build/app/fopen_c.o
 .note.GNU-stack
                0x0000000000000000        0x0 build/app/dump_c.o
 .note.GNU-stack
                0x0000000000000000        0x0 build/app/fwrite_c.o
 .note.GNU-stack
                0x0000000000000000        0x0 build/app/shmat_c.o
 .note.GNU-stack
                0x0000000000000000        0x0 build/app/shmdt_c.o
 .note.GNU-stack
                0x0000000000000000        0x0 build/app/ls_c.o
 .note.GNU-stack
                0x0000000000000000        0x0 build/app/run_c.o
 .note.GNU-stack
                0x0000000000000000        0x0 build/app/fork_c.o
 .note.GNU-stack
                0x0000000000000000        0x0 build/app/shmrm_c.o
 .note.GNU-stack
                0x0000000000000000        0x0 build/app/cd_c.o
 .note.GNU-stack
                0x0000000000000000        0x0 build/app/fread_c.o
 .note.GNU-stack
                0x0000000000000000        0x0 build/app/shmget_c.o
 .note.GNU-stack
                0x0000000000000000        0x0 build/user_shell/terminal_c.o
 .note.GNU-stack
                0x0000000000000000        0x0 build/compt_manager/compt_c.o
 .note.GNU-stack
                0x0000000000000000        0x0 build/compt_manager/compt_daemon_c.o
 .note.GNU-stack
                0x0000000000000000        0x0 build/ipc/ipc_c.o
