
Allocating common symbols
Common symbol       size              file

prev_childregs      0x8               build/proc_manager/sched_c.o
cfile               0xa00             build/compt_manager/compt_c.o
text_function       0x140             build/compt_manager/compt_c.o
origin              0x8               build/file_system/fs_c.o
page_prev           0x8               build/proc_manager/sched_c.o
fat_addr            0x4               build/kernel/kernel_c.o
fs_lock             0x20              build/kernel/kernel_c.o
user_page_start     0x8               build/kernel/kernel_c.o
prev_real_regs      0x8               build/proc_manager/sched_c.o
page_prev_mm        0x10              build/proc_manager/sched_c.o
ksym                0x3000            build/compt_manager/compt_c.o
page_next           0x8               build/proc_manager/sched_c.o
next_real_regs      0x8               build/proc_manager/sched_c.o
sd_ocr              0x8               build/device/SDCard_c.o
sd_p                0x2c              build/file_system/fat_32_c.o
page_next_mm        0x10              build/proc_manager/sched_c.o
move_sec            0xa8              build/compt_manager/compt_c.o
mm_lock             0x20              build/kernel/kernel_c.o
compt_filename      0x8               build/compt_manager/compt_c.o
sd_err              0x8               build/device/SDCard_c.o
current_file        0x8               build/compt_manager/compt_c.o
partition           0x1c0             build/file_system/fat_32_c.o
prev_real           0x8               build/proc_manager/sched_c.o
symbolic_fs_array   0x1800            build/file_system/fat_32_c.o
sd_rca              0x8               build/device/SDCard_c.o
rendezvous          0x20              build/proc_manager/pm_deamon_c.o
next_real           0x8               build/proc_manager/sched_c.o
sd_scr              0x10              build/device/SDCard_c.o
task                0x200             build/file_system/fat_32_c.o
prev                0x8               build/proc_manager/sched_c.o
file_dir            0x230             build/file_system/fat_32_c.o
dir                 0x8               build/file_system/fat_32_c.o
init_page           0x8               build/proc_manager/sched_c.o
next_childregs      0x8               build/proc_manager/sched_c.o
sched_type          0x4               build/file_system/fat_32_c.o
hardware_table      0x280             build/compt_manager/compt_c.o
sd_hv               0x8               build/device/SDCard_c.o
fs_support          0x300             build/file_system/fat_32_c.o

Memory Configuration

Name             Origin             Length             Attributes
*default*        0x0000000000000000 0xffffffffffffffff

Linker script and memory map

                0xffff000000000000                . = 0xffff000000000000
                0xffff000000000000                _start_ = .

.text.boot      0xffff000000000000      0x1d0
 *(.text.boot)
 .text.boot     0xffff000000000000      0x1d0 build/kernel/boot_s.o
                0xffff000000000000                _start
                0xffff000000000018                enable_cache
                0xffff000000001000                . = ALIGN (0x1000)
                0xffff000000001000                user_begin = .

.text.user      0xffff000000001000      0xdb4
 build/user*(.text)
 .text          0xffff000000001000      0xbd8 build/user_shell/terminal_c.o
                0xffff000000001000                invalid
                0xffff000000001028                shell_user_process
 .text.user     0xffff000000001bd8      0x1dc build/app/user_sys_s.o
                0xffff000000001bd8                user_delay
                0xffff000000001be4                call_sys_write
                0xffff000000001bf0                call_sys_exit
                0xffff000000001bfc                call_sys_fork
                0xffff000000001c08                call_sys_led
                0xffff000000001c14                call_sys_read
                0xffff000000001c20                thread_create
                0xffff000000001c2c                thread_self
                0xffff000000001c38                thread_join
                0xffff000000001c44                thread_cond_signal
                0xffff000000001c50                call_sys_list
                0xffff000000001c5c                call_sys_cd
                0xffff000000001c68                call_sys_dump
                0xffff000000001c74                call_sys_root
                0xffff000000001c80                call_sys_run
                0xffff000000001c8c                call_sys_com
                0xffff000000001c98                call_sys_send
                0xffff000000001ca4                call_sys_recv
                0xffff000000001cb0                thread_mutex_trylock
                0xffff000000001cbc                thread_mutex_lock
                0xffff000000001cc8                thread_mutex_unlock
                0xffff000000001cd4                call_sys_allocate_page
                0xffff000000001ce0                call_sys_free_page
                0xffff000000001cec                call_sys_rmcom
                0xffff000000001cf8                call_sys_lsdev
                0xffff000000001d04                call_sys_lscom
                0xffff000000001d10                call_sys_sched
                0xffff000000001d1c                call_sys_fopen
                0xffff000000001d28                call_sys_fread
                0xffff000000001d34                call_sys_fclose
                0xffff000000001d40                call_sys_fwrite
                0xffff000000001d4c                call_sys_fflush
                0xffff000000001d58                call_sys_fseek
                0xffff000000001d64                call_sys_ftell
                0xffff000000001d70                call_sys_mount
                0xffff000000001d7c                call_sys_execom
                0xffff000000001d88                call_sys_swap
                0xffff000000001d94                thread_equal
                0xffff000000001dac                sp_info

.rodata.user    0xffff000000001db8       0xca
 build/user*(.rodata)
 .rodata        0xffff000000001db8       0xca build/user_shell/terminal_c.o

.data.user      0xffff000000001e88       0x1e
 build/user*(.data)
 .data          0xffff000000001e88       0x1e build/user_shell/terminal_c.o
                0xffff000000001e88                directory

.bss.user       0xffff000000001ea8        0x4
 build/user*(.bss)
 .bss           0xffff000000001ea8        0x4 build/user_shell/terminal_c.o
                0xffff000000001eac                user_end = .

.text           0xffff000000002000    0x149fc
 *(.text)
 .text          0xffff000000002000      0x708 build/file_system/fat_32_c.o
                0xffff000000002000                fat32_getcluster
                0xffff000000002188                fat32_readfile
                0xffff000000002420                fat32_readbuf
                0xffff0000000025ec                fat32_read_directory
                0xffff000000002640                fat32_writefile
 .text          0xffff000000002708      0x4c8 build/file_system/fs_deamon_c.o
                0xffff000000002708                fs_daemon
 .text          0xffff000000002bd0      0x3d4 build/file_system/fat_c.o
                0xffff000000002bd0                fat_getpartition
                0xffff000000002f80                fat_listdirectory
 .text          0xffff000000002fa4      0x874 build/file_system/fat_16_c.o
                0xffff000000002fa4                fat16_getcluster
                0xffff0000000030fc                fat16_readfile
                0xffff0000000033e0                fat16_readbuf
                0xffff0000000035f0                fat16_read_directory
                0xffff00000000371c                fat16_writefile
 .text          0xffff000000003818     0x1294 build/file_system/fs_c.o
                0xffff000000003818                fs_type_support
                0xffff0000000038b4                build_kernel_directory
                0xffff000000003f78                build_root
                0xffff000000003f98                _search_file
                0xffff00000000492c                user_dir
 .text          0xffff000000004aac       0xd0 build/proc_manager/irq_c.o
                0xffff000000004aac                enable_interrupt_controller
                0xffff000000004ad4                show_invalid_entry_message
                0xffff000000004b3c                handle_irq
 .text          0xffff000000004b7c      0x6c4 build/proc_manager/sched_c.o
                0xffff000000004b7c                preempt_disable
                0xffff000000004bb0                preempt_enable
                0xffff000000004be4                is_running
                0xffff000000004c3c                round_robin
                0xffff000000004cb4                LIFO
                0xffff000000004d50                _schedule
                0xffff000000004f5c                schedule
                0xffff000000004f88                switch_to
                0xffff000000005138                schedule_tail
                0xffff000000005150                timer_tick
                0xffff0000000051f8                timer3_tick
                0xffff000000005200                exit_process
 .text          0xffff000000005240      0x35c build/proc_manager/pm_deamon_c.o
                0xffff000000005240                clear_gpio
                0xffff0000000052b4                pm_daemon
 .text          0xffff00000000559c      0x1cc build/proc_manager/timer_c.o
                0xffff00000000559c                timer_init
                0xffff000000005614                handle_timer_irq
                0xffff000000005684                get_system_timer
                0xffff00000000571c                wait_msec_st
 .text          0xffff000000005768      0x824 build/memory_manager/mm_c.o
                0xffff000000005768                allocate_kernel_page
                0xffff000000005808                allocate_pcb_space
                0xffff0000000058d4                allocate_user_page
                0xffff000000005928                get_free_page
                0xffff000000005a7c                free_page
                0xffff000000005ae4                map_table_entry
                0xffff000000005b40                map_table
                0xffff000000005c00                map_page
                0xffff000000005e38                copy_virt_memory
                0xffff000000005ef4                do_mem_abort
 .text          0xffff000000005f8c       0x9c build/proc_manager/thread/thread_exit_c.o
                0xffff000000005f8c                _thread_exit
 .text          0xffff000000006028       0xe8 build/proc_manager/thread/thread_mutex_lock_c.o
                0xffff000000006028                _thread_mutex_lock
                0xffff0000000060bc                thread_enqueue
 .text          0xffff000000006110       0x2c build/proc_manager/thread/thread_cond_timewait_c.o
                0xffff000000006110                thread_cond_timewait
 .text          0xffff00000000613c       0x18 build/proc_manager/thread/thread_yield_c.o
                0xffff00000000613c                thread_yield
 .text          0xffff000000006154       0x14 build/proc_manager/thread/thread_self_c.o
                0xffff000000006154                thread_id_self
 .text          0xffff000000006168       0x94 build/proc_manager/thread/thread_cond_wait_c.o
                0xffff000000006168                thread_cond_wait
                0xffff000000006190                thread_cond_timedwait_internal
                0xffff0000000061cc                thread_block
 .text          0xffff0000000061fc       0xbc build/proc_manager/thread/thread_mutex_unlock_c.o
                0xffff0000000061fc                _thread_mutex_unlock
                0xffff000000006244                thread_dequeue
 .text          0xffff0000000062b8       0x34 build/proc_manager/thread/thread_cond_signal_c.o
                0xffff0000000062b8                _thread_cond_signal
 .text          0xffff0000000062ec       0x28 build/proc_manager/thread/thread_mutex_trylock_c.o
                0xffff0000000062ec                _thread_mutex_trylock
 .text          0xffff000000006314      0x3cc build/proc_manager/thread/thread_create_c.o
                0xffff000000006314                thread_end
                0xffff000000006334                error
                0xffff000000006364                _thread_create
 .text          0xffff0000000066e0       0xe4 build/proc_manager/thread/thread_join_c.o
                0xffff0000000066e0                _thread_join
 .text          0xffff0000000067c4       0x28 build/proc_manager/thread/thread_mutex_init_c.o
                0xffff0000000067c4                _thread_mutex_init
 .text          0xffff0000000067ec      0x9b8 build/kernel/printf_c.o
                0xffff000000006b78                tfp_format
                0xffff000000006fc0                init_printf
                0xffff000000006ff8                tfp_printf
                0xffff0000000070cc                tfp_sprintf
                0xffff000000007164                asm_print
 .text          0xffff0000000071a4       0xdc build/kernel/strcmp_c.o
                0xffff0000000071a4                strcmp
 .text          0xffff000000007280      0x8a4 build/kernel/sys_c.o
                0xffff000000007280                kservice_uart_write
                0xffff0000000072bc                kservice_fork
                0xffff0000000072e0                kservice_exit
                0xffff000000007300                kservice_led_blink
                0xffff000000007308                kservice_uart_read
                0xffff000000007320                kservice_create_thread
                0xffff000000007354                kservice_thread_self
                0xffff000000007368                kservice_thread_join
                0xffff000000007390                kservice_thread_exit
                0xffff0000000073a4                kservice_thread_signal
                0xffff0000000073c4                kservice_list_file
                0xffff0000000073dc                kservice_cd_folder
                0xffff0000000073fc                kservice_dump_file
                0xffff00000000741c                kservice_root_file
                0xffff000000007438                kservice_run_file
                0xffff000000007458                kservice_send_msg
                0xffff000000007474                kservice_recieve_msg
                0xffff000000007488                kservice_mutex_trylock
                0xffff0000000074a8                kservice_mutex_lock
                0xffff0000000074c8                kservice_mutex_unlock
                0xffff0000000074e8                kservice_com_file
                0xffff00000000753c                kservice_allocate_upage
                0xffff000000007564                kservice_free_page
                0xffff000000007594                kservice_rm_compt
                0xffff0000000075e8                kservice_ls_dev
                0xffff000000007600                kservice_ls_compt
                0xffff000000007618                kservice_change_sched
                0xffff00000000764c                kservice_fopen
                0xffff0000000076f0                kservice_fread
                0xffff000000007724                kservice_fwrite
                0xffff000000007758                kservice_fclose
                0xffff0000000077d8                kservice_fflush
                0xffff000000007858                kservice_fseek
                0xffff000000007884                kservice_ftell
                0xffff0000000078a0                kservice_mount
                0xffff0000000078b8                kservice_execom
                0xffff000000007954                kservice_swap
                0xffff0000000079a8                kservice_config_compt
                0xffff0000000079c4                kservice_region_request
                0xffff0000000079e0                kservice_allocate_kpage
                0xffff0000000079fc                kservice_schedule
                0xffff000000007a14                kservice_reg_compt
                0xffff000000007a30                kservice_unreg_compt
                0xffff000000007a4c                kservice_dev_read
                0xffff000000007a90                kservice_dir_interface
                0xffff000000007ab0                kservice_put32
                0xffff000000007ae4                kservice_kstart
                0xffff000000007b04                kservice_kend
 .text          0xffff000000007b24      0x2b8 build/kernel/kernel_c.o
                0xffff000000007b24                kernel_process
                0xffff000000007b94                mod_process
                0xffff000000007c18                kernel_main
 .text          0xffff000000007ddc     0x504c build/device/SDCard_c.o
                0xffff000000007ddc                strchr
                0xffff000000007e50                toupper
                0xffff000000007e88                wctob
                0xffff0000000099fc                sdTransferBlocks
                0xffff000000009f84                sdClearBlocks
                0xffff00000000a18c                getSetNextCluster
                0xffff00000000a6fc                WildcardMatch
                0xffff00000000af84                sdFindFirstFile
                0xffff00000000b414                sdFindNextFile
                0xffff00000000b538                sdFindClose
                0xffff00000000b5c4                sdCreateFile
                0xffff00000000bb88                sdReadFile
                0xffff00000000c1a0                sdCloseHandle
                0xffff00000000c22c                sdSetFilePointer
                0xffff00000000c9a0                sdGetFileSize
                0xffff00000000ca2c                sdInitCard
                0xffff00000000ce00                sdCardCSD
 .text          0xffff00000000ce28      0x614 build/device/mini_uart_c.o
                0xffff00000000ce28                uart_send
                0xffff00000000ce7c                uart_recv
                0xffff00000000cec4                uart_send_string
                0xffff00000000cf1c                uart_init
                0xffff00000000d060                set_gpio
                0xffff00000000d0dc                uart_hex
                0xffff00000000d15c                uart_puts
                0xffff00000000d1b4                uart_dump
                0xffff00000000d360                putc
                0xffff00000000d384                pr_int
 .text          0xffff00000000d43c       0xb4 build/device/delays_c.o
                0xffff00000000d43c                wait_cycles
                0xffff00000000d478                wait_msec
 .text          0xffff00000000d4f0       0x64 build/device/led_blink_c.o
                0xffff00000000d4f0                led_blink
 .text          0xffff00000000d554     0x137c build/device/sd_c.o
                0xffff00000000d554                sd_status
                0xffff00000000d614                sd_int
                0xffff00000000d730                sd_cmd
                0xffff00000000da6c                sd_readblock
                0xffff00000000dd28                sd_clk
                0xffff00000000e04c                sd_init
 .text          0xffff00000000e8d0      0x158 build/app/fflush_c.o
                0xffff00000000e8d0                fflush
 .text          0xffff00000000ea28       0x1c build/app/shmget_c.o
                0xffff00000000ea28                shmget
 .text          0xffff00000000ea44       0x6c build/app/mount_c.o
                0xffff00000000ea44                mount
 .text          0xffff00000000eab0      0x1e8 build/app/ls_dev_c.o
                0xffff00000000eab0                ls_dev
 .text          0xffff00000000ec98      0x3e0 build/app/fclose_c.o
                0xffff00000000ec98                fclose
 .text          0xffff00000000f078      0x5d4 build/app/fopen_c.o
                0xffff00000000f078                fopen
 .text          0xffff00000000f64c      0x4ac build/app/dump_c.o
                0xffff00000000f64c                data_dump
                0xffff00000000f824                dump
 .text          0xffff00000000faf8      0x198 build/app/fwrite_c.o
                0xffff00000000fb50                fwrite
 .text          0xffff00000000fc90        0x0 build/app/shmat_c.o
 .text          0xffff00000000fc90        0x0 build/app/shmdt_c.o
 .text          0xffff00000000fc90       0x48 build/app/ftell_c.o
                0xffff00000000fc90                ftell
 .text          0xffff00000000fcd8      0x504 build/app/ls_c.o
                0xffff00000000fcd8                list
 .text          0xffff0000000101dc      0x29c build/app/run_c.o
                0xffff0000000101dc                run_file
 .text          0xffff000000010478      0x598 build/app/fork_c.o
                0xffff000000010478                copy_process
                0xffff000000010938                move_to_user_mode
                0xffff0000000109f0                task_pt_regs
 .text          0xffff000000010a10        0x0 build/app/shmrm_c.o
 .text          0xffff000000010a10      0x54c build/app/cd_c.o
                0xffff000000010a10                cd
                0xffff000000010d38                cd_root
                0xffff000000010e3c                find_folder
 .text          0xffff000000010f5c      0x3bc build/app/fread_c.o
                0xffff000000010f5c                yield_cpu
                0xffff000000010fdc                fread
 .text          0xffff000000011318       0xd8 build/app/fseek_c.o
                0xffff000000011318                fseek
 .text          0xffff0000000113f0     0x3614 build/compt_manager/compt_c.o
                0xffff0000000113f0                compt_file
                0xffff000000011b0c                compt_sched_file
                0xffff000000012048                rm_compt_file
                0xffff000000012208                unreg_compt
                0xffff0000000122f4                strlength
                0xffff000000012334                reg_compt
                0xffff00000001269c                hardware_request
                0xffff00000001291c                get_ndx
                0xffff000000012934                get_st_value
                0xffff00000001294c                use_compt_func
                0xffff000000012b54                get_strname
                0xffff000000012b6c                relocate
                0xffff000000013388                find_sec_addr
                0xffff0000000135ec                check_file_format
                0xffff000000013718                string_table
                0xffff000000013758                get_string
                0xffff000000013c64                config_compt
                0xffff000000013e10                swap_compt
                0xffff00000001468c                ls_compt
                0xffff000000014718                exe_com
                0xffff0000000147f0                read_ksymbol
 .text          0xffff000000014a04      0x588 build/compt_manager/compt_daemon_c.o
                0xffff000000014a04                compt_daemon
 .text          0xffff000000014f8c      0x4b8 build/ipc/ipc_c.o
                0xffff000000014f8c                send_msg
 .text          0xffff000000015444       0x1c build/proc_manager/irq_s.o
                0xffff000000015444                irq_vector_init
                0xffff000000015450                enable_irq
                0xffff000000015458                disable_irq
 .text          0xffff000000015460       0x50 build/proc_manager/sched_s.o
                0xffff000000015460                cpu_switch_to
 .text          0xffff0000000154b0       0x4c build/memory_manager/mm_s.o
                0xffff0000000154b0                memcpy
                0xffff0000000154c4                memcmp
                0xffff0000000154ec                memzero
 *fill*         0xffff0000000154fc      0x304 
 .text          0xffff000000015800     0x1138 build/kernel/entry_s.o
                0xffff000000015800                vectors
                0xffff0000000168c4                ret_from_fork
                0xffff000000016934                err_hang
 .text          0xffff000000016938        0x0 build/kernel/boot_s.o
 .text          0xffff000000016938       0xc4 build/device/utils_s.o
                0xffff000000016938                get_el
                0xffff000000016944                put32
                0xffff00000001694c                get32
                0xffff000000016954                delay
                0xffff000000016960                set_pgd
                0xffff000000016974                get_pgd
                0xffff000000016998                try_lock
                0xffff0000000169b8                unlock
                0xffff0000000169d4                error_unlock
                0xffff0000000169dc                bl_init
                0xffff0000000169ec                bl_sched_wrap
 .text          0xffff0000000169fc        0x0 build/app/user_sys_s.o

.iplt           0xffff0000000169fc        0x0
 .iplt          0xffff0000000169fc        0x0 build/file_system/fat_32_c.o

.rodata         0xffff000000016a00     0x16f1
 *(.rodata)
 .rodata        0xffff000000016a00       0x8c build/file_system/fat_32_c.o
 *fill*         0xffff000000016a8c        0x4 
 .rodata        0xffff000000016a90       0x64 build/file_system/fs_deamon_c.o
 *fill*         0xffff000000016af4        0x4 
 .rodata        0xffff000000016af8       0x93 build/file_system/fat_c.o
 *fill*         0xffff000000016b8b        0x5 
 .rodata        0xffff000000016b90       0x6c build/file_system/fat_16_c.o
 *fill*         0xffff000000016bfc        0x4 
 .rodata        0xffff000000016c00       0x3e build/file_system/fs_c.o
 *fill*         0xffff000000016c3e        0x2 
 .rodata        0xffff000000016c40      0x1d5 build/proc_manager/irq_c.o
 *fill*         0xffff000000016e15        0x3 
 .rodata        0xffff000000016e18       0x58 build/proc_manager/pm_deamon_c.o
 .rodata        0xffff000000016e70        0x4 build/proc_manager/timer_c.o
                0xffff000000016e70                interval
 *fill*         0xffff000000016e74        0x4 
 .rodata        0xffff000000016e78        0x3 build/memory_manager/mm_c.o
 *fill*         0xffff000000016e7b        0x5 
 .rodata        0xffff000000016e80        0xa build/proc_manager/thread/thread_exit_c.o
 *fill*         0xffff000000016e8a        0x6 
 .rodata        0xffff000000016e90        0x6 build/proc_manager/thread/thread_create_c.o
 *fill*         0xffff000000016e96        0x2 
 .rodata        0xffff000000016e98        0xf build/proc_manager/thread/thread_join_c.o
 *fill*         0xffff000000016ea7        0x1 
 .rodata        0xffff000000016ea8       0x1d build/kernel/printf_c.o
 *fill*         0xffff000000016ec5        0x3 
 .rodata        0xffff000000016ec8      0x180 build/kernel/sys_c.o
                0xffff000000016ec8                sys_call_table
 .rodata        0xffff000000017048       0x96 build/kernel/kernel_c.o
 *fill*         0xffff0000000170de        0x2 
 .rodata        0xffff0000000170e0      0x3e3 build/device/SDCard_c.o
 *fill*         0xffff0000000174c3        0x5 
 .rodata        0xffff0000000174c8        0x3 build/device/mini_uart_c.o
 *fill*         0xffff0000000174cb        0x5 
 .rodata        0xffff0000000174d0      0x1fc build/device/sd_c.o
 *fill*         0xffff0000000176cc        0x4 
 .rodata        0xffff0000000176d0       0x12 build/app/fflush_c.o
 *fill*         0xffff0000000176e2        0x6 
 .rodata        0xffff0000000176e8      0x102 build/app/ls_dev_c.o
 *fill*         0xffff0000000177ea        0x6 
 .rodata        0xffff0000000177f0       0x23 build/app/fclose_c.o
 *fill*         0xffff000000017813        0x5 
 .rodata        0xffff000000017818       0x3b build/app/fopen_c.o
 *fill*         0xffff000000017853        0x5 
 .rodata        0xffff000000017858       0x43 build/app/dump_c.o
 *fill*         0xffff00000001789b        0x5 
 .rodata        0xffff0000000178a0       0x22 build/app/ls_c.o
 *fill*         0xffff0000000178c2        0x6 
 .rodata        0xffff0000000178c8       0x83 build/app/run_c.o
 *fill*         0xffff00000001794b        0x5 
 .rodata        0xffff000000017950       0x16 build/app/fork_c.o
 *fill*         0xffff000000017966        0x2 
 .rodata        0xffff000000017968       0x57 build/app/cd_c.o
 *fill*         0xffff0000000179bf        0x1 
 .rodata        0xffff0000000179c0       0x1c build/app/fseek_c.o
 *fill*         0xffff0000000179dc        0x4 
 .rodata        0xffff0000000179e0      0x615 build/compt_manager/compt_c.o
 *fill*         0xffff000000017ff5        0x3 
 .rodata        0xffff000000017ff8       0x80 build/compt_manager/compt_daemon_c.o
 .rodata        0xffff000000018078       0x79 build/ipc/ipc_c.o

.rela.dyn       0xffff0000000180f8        0x0
 .rela.iplt     0xffff0000000180f8        0x0 build/file_system/fat_32_c.o

.data           0xffff0000000180f8      0x6f4
 *(.data)
 .data          0xffff0000000180f8        0x0 build/file_system/fat_32_c.o
 .data          0xffff0000000180f8        0x0 build/file_system/fs_deamon_c.o
 .data          0xffff0000000180f8        0x0 build/file_system/fat_c.o
 .data          0xffff0000000180f8        0x0 build/file_system/fat_16_c.o
 .data          0xffff0000000180f8       0x20 build/file_system/fs_c.o
 .data          0xffff000000018118       0x90 build/proc_manager/irq_c.o
                0xffff000000018118                entry_error_messages
 .data          0xffff0000000181a8      0x270 build/proc_manager/sched_c.o
                0xffff0000000181a8                init_priority
                0xffff0000000181b0                init_extra_priority
                0xffff0000000181b8                init_app_priority
                0xffff0000000181c0                init_extra_flags
                0xffff0000000181c8                init_app_flags
                0xffff0000000181d0                init_task_0
                0xffff000000018280                init_task_1
                0xffff000000018330                init_task_2
                0xffff0000000183e0                current
                0xffff0000000183e8                task_prio_table
                0xffff000000018400                head
 .data          0xffff000000018418        0x0 build/proc_manager/pm_deamon_c.o
 .data          0xffff000000018418        0x0 build/proc_manager/timer_c.o
 .data          0xffff000000018418        0x4 build/memory_manager/mm_c.o
 .data          0xffff00000001841c        0x0 build/proc_manager/thread/thread_exit_c.o
 .data          0xffff00000001841c        0x0 build/proc_manager/thread/thread_mutex_lock_c.o
 .data          0xffff00000001841c        0x0 build/proc_manager/thread/thread_cond_timewait_c.o
 .data          0xffff00000001841c        0x0 build/proc_manager/thread/thread_yield_c.o
 .data          0xffff00000001841c        0x0 build/proc_manager/thread/thread_self_c.o
 .data          0xffff00000001841c        0x0 build/proc_manager/thread/thread_cond_wait_c.o
 .data          0xffff00000001841c        0x0 build/proc_manager/thread/thread_mutex_unlock_c.o
 .data          0xffff00000001841c        0x0 build/proc_manager/thread/thread_cond_signal_c.o
 .data          0xffff00000001841c        0x0 build/proc_manager/thread/thread_mutex_trylock_c.o
 .data          0xffff00000001841c        0x0 build/proc_manager/thread/thread_create_c.o
 .data          0xffff00000001841c        0x0 build/proc_manager/thread/thread_join_c.o
 .data          0xffff00000001841c        0x0 build/proc_manager/thread/thread_mutex_init_c.o
 .data          0xffff00000001841c        0x0 build/kernel/printf_c.o
 .data          0xffff00000001841c        0x0 build/kernel/strcmp_c.o
 .data          0xffff00000001841c        0x0 build/kernel/sys_c.o
 .data          0xffff00000001841c        0x0 build/kernel/kernel_c.o
 *fill*         0xffff00000001841c        0x4 
 .data          0xffff000000018420      0x3a8 build/device/SDCard_c.o
 .data          0xffff0000000187c8        0x0 build/device/mini_uart_c.o
 .data          0xffff0000000187c8        0x0 build/device/delays_c.o
 .data          0xffff0000000187c8        0x0 build/device/led_blink_c.o
 .data          0xffff0000000187c8        0x0 build/device/sd_c.o
 .data          0xffff0000000187c8        0x0 build/app/fflush_c.o
 .data          0xffff0000000187c8        0x0 build/app/shmget_c.o
 .data          0xffff0000000187c8        0x0 build/app/mount_c.o
 .data          0xffff0000000187c8        0x0 build/app/ls_dev_c.o
 .data          0xffff0000000187c8        0x0 build/app/fclose_c.o
 .data          0xffff0000000187c8        0x0 build/app/fopen_c.o
 .data          0xffff0000000187c8        0x0 build/app/dump_c.o
 .data          0xffff0000000187c8        0x0 build/app/fwrite_c.o
 .data          0xffff0000000187c8        0x0 build/app/shmat_c.o
 .data          0xffff0000000187c8        0x0 build/app/shmdt_c.o
 .data          0xffff0000000187c8        0x0 build/app/ftell_c.o
 .data          0xffff0000000187c8        0x0 build/app/ls_c.o
 .data          0xffff0000000187c8        0x0 build/app/run_c.o
 .data          0xffff0000000187c8        0x0 build/app/fork_c.o
 .data          0xffff0000000187c8        0x0 build/app/shmrm_c.o
 .data          0xffff0000000187c8       0x24 build/app/cd_c.o
                0xffff0000000187c8                kdirectory
                0xffff0000000187e8                cd_rem
 .data          0xffff0000000187ec        0x0 build/app/fread_c.o
 .data          0xffff0000000187ec        0x0 build/app/fseek_c.o
 .data          0xffff0000000187ec        0x0 build/compt_manager/compt_c.o
 .data          0xffff0000000187ec        0x0 build/compt_manager/compt_daemon_c.o
 .data          0xffff0000000187ec        0x0 build/ipc/ipc_c.o
 .data          0xffff0000000187ec        0x0 build/proc_manager/irq_s.o
 .data          0xffff0000000187ec        0x0 build/proc_manager/sched_s.o
 .data          0xffff0000000187ec        0x0 build/memory_manager/mm_s.o
 .data          0xffff0000000187ec        0x0 build/kernel/entry_s.o
 .data          0xffff0000000187ec        0x0 build/kernel/boot_s.o
 .data          0xffff0000000187ec        0x0 build/device/utils_s.o
 .data          0xffff0000000187ec        0x0 build/app/user_sys_s.o

.igot.plt       0xffff0000000187f0        0x0
 .igot.plt      0xffff0000000187f0        0x0 build/file_system/fat_32_c.o
                0xffff0000000187f0                . = ALIGN (0x8)
                0xffff0000000187f0                bss_begin = .

.bss            0xffff0000000187f0    0x8f910
 *(.bss*)
 .bss           0xffff0000000187f0        0x4 build/file_system/fat_32_c.o
                0xffff0000000187f0                sect
 *fill*         0xffff0000000187f4        0x4 
 .bss           0xffff0000000187f8      0x804 build/file_system/fs_deamon_c.o
                0xffff0000000187f8                fs_mail
 .bss           0xffff000000018ffc        0x0 build/file_system/fat_c.o
 .bss           0xffff000000018ffc        0x0 build/file_system/fat_16_c.o
 .bss           0xffff000000018ffc        0x4 build/file_system/fs_c.o
 .bss           0xffff000000019000        0x0 build/proc_manager/irq_c.o
 .bss           0xffff000000019000      0x230 build/proc_manager/sched_c.o
                0xffff000000019000                init_cpu
                0xffff000000019068                init_state
                0xffff000000019070                init_counter
                0xffff000000019078                init_preempt_count
                0xffff000000019080                init_flags
                0xffff000000019088                init_mm
                0xffff000000019220                nr_tasks
                0xffff000000019224                next
                0xffff000000019228                service_index
 .bss           0xffff000000019230      0x808 build/proc_manager/pm_deamon_c.o
                0xffff000000019230                pm_mail
                0xffff000000019a30                ipc_index_pop
 .bss           0xffff000000019a38        0x4 build/proc_manager/timer_c.o
                0xffff000000019a38                curVal
 *fill*         0xffff000000019a3c        0x4 
 .bss           0xffff000000019a40    0x7d80c build/memory_manager/mm_c.o
 .bss           0xffff00000009724c        0x0 build/proc_manager/thread/thread_exit_c.o
 .bss           0xffff00000009724c        0x0 build/proc_manager/thread/thread_mutex_lock_c.o
 .bss           0xffff00000009724c        0x0 build/proc_manager/thread/thread_cond_timewait_c.o
 .bss           0xffff00000009724c        0x0 build/proc_manager/thread/thread_yield_c.o
 .bss           0xffff00000009724c        0x0 build/proc_manager/thread/thread_self_c.o
 .bss           0xffff00000009724c        0x0 build/proc_manager/thread/thread_cond_wait_c.o
 .bss           0xffff00000009724c        0x0 build/proc_manager/thread/thread_mutex_unlock_c.o
 .bss           0xffff00000009724c        0x0 build/proc_manager/thread/thread_cond_signal_c.o
 .bss           0xffff00000009724c        0x0 build/proc_manager/thread/thread_mutex_trylock_c.o
 .bss           0xffff00000009724c        0x0 build/proc_manager/thread/thread_create_c.o
 .bss           0xffff00000009724c        0x0 build/proc_manager/thread/thread_join_c.o
 .bss           0xffff00000009724c        0x0 build/proc_manager/thread/thread_mutex_init_c.o
 *fill*         0xffff00000009724c        0x4 
 .bss           0xffff000000097250       0x10 build/kernel/printf_c.o
 .bss           0xffff000000097260        0x0 build/kernel/strcmp_c.o
 .bss           0xffff000000097260        0x4 build/kernel/sys_c.o
                0xffff000000097260                ipc_index_push
 .bss           0xffff000000097264        0x4 build/kernel/kernel_c.o
                0xffff000000097264                sd_exist
 .bss           0xffff000000097268     0x25a0 build/device/SDCard_c.o
                0xffff000000097268                LOG_ERROR
 .bss           0xffff000000099808        0x0 build/device/mini_uart_c.o
 .bss           0xffff000000099808        0x0 build/device/delays_c.o
 .bss           0xffff000000099808        0x0 build/device/led_blink_c.o
 .bss           0xffff000000099808        0x0 build/device/sd_c.o
 .bss           0xffff000000099808        0x0 build/app/fflush_c.o
 .bss           0xffff000000099808        0x0 build/app/shmget_c.o
 .bss           0xffff000000099808        0x0 build/app/mount_c.o
 .bss           0xffff000000099808        0x0 build/app/ls_dev_c.o
 .bss           0xffff000000099808        0x0 build/app/fclose_c.o
 .bss           0xffff000000099808        0x0 build/app/fopen_c.o
 .bss           0xffff000000099808        0x0 build/app/dump_c.o
 .bss           0xffff000000099808        0x0 build/app/fwrite_c.o
 .bss           0xffff000000099808        0x0 build/app/shmat_c.o
 .bss           0xffff000000099808        0x0 build/app/shmdt_c.o
 .bss           0xffff000000099808        0x0 build/app/ftell_c.o
 .bss           0xffff000000099808        0x0 build/app/ls_c.o
 .bss           0xffff000000099808        0x0 build/app/run_c.o
 .bss           0xffff000000099808     0x8008 build/app/fork_c.o
                0xffff000000099808                tid
                0xffff000000099810                thread_id_table
 .bss           0xffff0000000a1810        0x0 build/app/shmrm_c.o
 .bss           0xffff0000000a1810        0x4 build/app/cd_c.o
                0xffff0000000a1810                current_page
 .bss           0xffff0000000a1814        0x0 build/app/fread_c.o
 .bss           0xffff0000000a1814        0x0 build/app/fseek_c.o
 *fill*         0xffff0000000a1814        0x4 
 .bss           0xffff0000000a1818       0x18 build/compt_manager/compt_c.o
                0xffff0000000a1818                opera_addr
                0xffff0000000a181c                rmcom_addr
                0xffff0000000a1820                comp_start
                0xffff0000000a1828                com_index
                0xffff0000000a182c                check_config
 .bss           0xffff0000000a1830      0x804 build/compt_manager/compt_daemon_c.o
                0xffff0000000a1830                compt_mail
 .bss           0xffff0000000a2034        0xc build/ipc/ipc_c.o
                0xffff0000000a2034                pm_index_push
                0xffff0000000a2038                fs_index_push
                0xffff0000000a203c                compt_index_push
 .bss           0xffff0000000a2040        0x0 build/proc_manager/irq_s.o
 .bss           0xffff0000000a2040        0x0 build/proc_manager/sched_s.o
 .bss           0xffff0000000a2040        0x0 build/memory_manager/mm_s.o
 .bss           0xffff0000000a2040        0x0 build/kernel/entry_s.o
 .bss           0xffff0000000a2040        0x0 build/kernel/boot_s.o
 .bss           0xffff0000000a2040        0x0 build/device/utils_s.o
 .bss           0xffff0000000a2040        0x0 build/app/user_sys_s.o
 COMMON         0xffff0000000a2040     0x2130 build/file_system/fat_32_c.o
                0xffff0000000a2040                sd_p
                0xffff0000000a2070                partition
                0xffff0000000a2230                symbolic_fs_array
                0xffff0000000a3a30                task
                0xffff0000000a3c30                file_dir
                0xffff0000000a3e60                dir
                0xffff0000000a3e68                sched_type
                0xffff0000000a3e70                fs_support
 COMMON         0xffff0000000a4170        0x8 build/file_system/fs_c.o
                0xffff0000000a4170                origin
 COMMON         0xffff0000000a4178       0x70 build/proc_manager/sched_c.o
                0xffff0000000a4178                prev_childregs
                0xffff0000000a4180                page_prev
                0xffff0000000a4188                prev_real_regs
                0xffff0000000a4190                page_prev_mm
                0xffff0000000a41a0                page_next
                0xffff0000000a41a8                next_real_regs
                0xffff0000000a41b0                page_next_mm
                0xffff0000000a41c0                prev_real
                0xffff0000000a41c8                next_real
                0xffff0000000a41d0                prev
                0xffff0000000a41d8                init_page
                0xffff0000000a41e0                next_childregs
 COMMON         0xffff0000000a41e8       0x20 build/proc_manager/pm_deamon_c.o
                0xffff0000000a41e8                rendezvous
 COMMON         0xffff0000000a4208       0x50 build/kernel/kernel_c.o
                0xffff0000000a4208                fat_addr
                0xffff0000000a4210                fs_lock
                0xffff0000000a4230                user_page_start
                0xffff0000000a4238                mm_lock
 COMMON         0xffff0000000a4258       0x30 build/device/SDCard_c.o
                0xffff0000000a4258                sd_ocr
                0xffff0000000a4260                sd_err
                0xffff0000000a4268                sd_rca
                0xffff0000000a4270                sd_scr
                0xffff0000000a4280                sd_hv
 COMMON         0xffff0000000a4288     0x3e78 build/compt_manager/compt_c.o
                0xffff0000000a4288                cfile
                0xffff0000000a4c88                text_function
                0xffff0000000a4dc8                ksym
                0xffff0000000a7dc8                move_sec
                0xffff0000000a7e70                compt_filename
                0xffff0000000a7e78                current_file
                0xffff0000000a7e80                hardware_table
                0xffff0000000a8100                bss_end = .
                0xffff0000000a9000                . = ALIGN (0x1000)
                0xffff0000000a9000                pg_dir = .

.data.pgd       0xffff0000000a9000     0x3000
                0xffff0000000ac000                . = (. + 0x3000)
 *fill*         0xffff0000000a9000     0x3000 
                0xffff0000000ac000                _end = .
LOAD build/file_system/fat_32_c.o
LOAD build/file_system/fs_deamon_c.o
LOAD build/file_system/fat_c.o
LOAD build/file_system/fat_16_c.o
LOAD build/file_system/fs_c.o
LOAD build/proc_manager/irq_c.o
LOAD build/proc_manager/sched_c.o
LOAD build/proc_manager/pm_deamon_c.o
LOAD build/proc_manager/timer_c.o
LOAD build/memory_manager/mm_c.o
LOAD build/proc_manager/thread/thread_exit_c.o
LOAD build/proc_manager/thread/thread_mutex_lock_c.o
LOAD build/proc_manager/thread/thread_cond_timewait_c.o
LOAD build/proc_manager/thread/thread_yield_c.o
LOAD build/proc_manager/thread/thread_self_c.o
LOAD build/proc_manager/thread/thread_cond_wait_c.o
LOAD build/proc_manager/thread/thread_mutex_unlock_c.o
LOAD build/proc_manager/thread/thread_cond_signal_c.o
LOAD build/proc_manager/thread/thread_mutex_trylock_c.o
LOAD build/proc_manager/thread/thread_create_c.o
LOAD build/proc_manager/thread/thread_join_c.o
LOAD build/proc_manager/thread/thread_mutex_init_c.o
LOAD build/kernel/printf_c.o
LOAD build/kernel/strcmp_c.o
LOAD build/kernel/sys_c.o
LOAD build/kernel/kernel_c.o
LOAD build/device/SDCard_c.o
LOAD build/device/mini_uart_c.o
LOAD build/device/delays_c.o
LOAD build/device/led_blink_c.o
LOAD build/device/sd_c.o
LOAD build/app/fflush_c.o
LOAD build/app/shmget_c.o
LOAD build/app/mount_c.o
LOAD build/app/ls_dev_c.o
LOAD build/app/fclose_c.o
LOAD build/app/fopen_c.o
LOAD build/app/dump_c.o
LOAD build/app/fwrite_c.o
LOAD build/app/shmat_c.o
LOAD build/app/shmdt_c.o
LOAD build/app/ftell_c.o
LOAD build/app/ls_c.o
LOAD build/app/run_c.o
LOAD build/app/fork_c.o
LOAD build/app/shmrm_c.o
LOAD build/app/cd_c.o
LOAD build/app/fread_c.o
LOAD build/app/fseek_c.o
LOAD build/user_shell/terminal_c.o
LOAD build/compt_manager/compt_c.o
LOAD build/compt_manager/compt_daemon_c.o
LOAD build/ipc/ipc_c.o
LOAD build/proc_manager/irq_s.o
LOAD build/proc_manager/sched_s.o
LOAD build/memory_manager/mm_s.o
LOAD build/kernel/entry_s.o
LOAD build/kernel/boot_s.o
LOAD build/device/utils_s.o
LOAD build/app/user_sys_s.o
OUTPUT(kernel8.elf elf64-littleaarch64)

.comment        0x0000000000000000       0x3b
 .comment       0x0000000000000000       0x3b build/file_system/fat_32_c.o
                                         0x3c (size before relaxing)
 .comment       0x000000000000003b       0x3c build/file_system/fs_deamon_c.o
 .comment       0x000000000000003b       0x3c build/file_system/fat_c.o
 .comment       0x000000000000003b       0x3c build/file_system/fat_16_c.o
 .comment       0x000000000000003b       0x3c build/file_system/fs_c.o
 .comment       0x000000000000003b       0x3c build/proc_manager/irq_c.o
 .comment       0x000000000000003b       0x3c build/proc_manager/sched_c.o
 .comment       0x000000000000003b       0x3c build/proc_manager/pm_deamon_c.o
 .comment       0x000000000000003b       0x3c build/proc_manager/timer_c.o
 .comment       0x000000000000003b       0x3c build/memory_manager/mm_c.o
 .comment       0x000000000000003b       0x3c build/proc_manager/thread/thread_exit_c.o
 .comment       0x000000000000003b       0x3c build/proc_manager/thread/thread_mutex_lock_c.o
 .comment       0x000000000000003b       0x3c build/proc_manager/thread/thread_cond_timewait_c.o
 .comment       0x000000000000003b       0x3c build/proc_manager/thread/thread_yield_c.o
 .comment       0x000000000000003b       0x3c build/proc_manager/thread/thread_self_c.o
 .comment       0x000000000000003b       0x3c build/proc_manager/thread/thread_cond_wait_c.o
 .comment       0x000000000000003b       0x3c build/proc_manager/thread/thread_mutex_unlock_c.o
 .comment       0x000000000000003b       0x3c build/proc_manager/thread/thread_cond_signal_c.o
 .comment       0x000000000000003b       0x3c build/proc_manager/thread/thread_mutex_trylock_c.o
 .comment       0x000000000000003b       0x3c build/proc_manager/thread/thread_create_c.o
 .comment       0x000000000000003b       0x3c build/proc_manager/thread/thread_join_c.o
 .comment       0x000000000000003b       0x3c build/proc_manager/thread/thread_mutex_init_c.o
 .comment       0x000000000000003b       0x3c build/kernel/printf_c.o
 .comment       0x000000000000003b       0x3c build/kernel/strcmp_c.o
 .comment       0x000000000000003b       0x3c build/kernel/sys_c.o
 .comment       0x000000000000003b       0x3c build/kernel/kernel_c.o
 .comment       0x000000000000003b       0x3c build/device/SDCard_c.o
 .comment       0x000000000000003b       0x3c build/device/mini_uart_c.o
 .comment       0x000000000000003b       0x3c build/device/delays_c.o
 .comment       0x000000000000003b       0x3c build/device/led_blink_c.o
 .comment       0x000000000000003b       0x3c build/device/sd_c.o
 .comment       0x000000000000003b       0x3c build/app/fflush_c.o
 .comment       0x000000000000003b       0x3c build/app/shmget_c.o
 .comment       0x000000000000003b       0x3c build/app/mount_c.o
 .comment       0x000000000000003b       0x3c build/app/ls_dev_c.o
 .comment       0x000000000000003b       0x3c build/app/fclose_c.o
 .comment       0x000000000000003b       0x3c build/app/fopen_c.o
 .comment       0x000000000000003b       0x3c build/app/dump_c.o
 .comment       0x000000000000003b       0x3c build/app/fwrite_c.o
 .comment       0x000000000000003b       0x3c build/app/shmat_c.o
 .comment       0x000000000000003b       0x3c build/app/shmdt_c.o
 .comment       0x000000000000003b       0x3c build/app/ftell_c.o
 .comment       0x000000000000003b       0x3c build/app/ls_c.o
 .comment       0x000000000000003b       0x3c build/app/run_c.o
 .comment       0x000000000000003b       0x3c build/app/fork_c.o
 .comment       0x000000000000003b       0x3c build/app/shmrm_c.o
 .comment       0x000000000000003b       0x3c build/app/cd_c.o
 .comment       0x000000000000003b       0x3c build/app/fread_c.o
 .comment       0x000000000000003b       0x3c build/app/fseek_c.o
 .comment       0x000000000000003b       0x3c build/user_shell/terminal_c.o
 .comment       0x000000000000003b       0x3c build/compt_manager/compt_c.o
 .comment       0x000000000000003b       0x3c build/compt_manager/compt_daemon_c.o
 .comment       0x000000000000003b       0x3c build/ipc/ipc_c.o

.note.GNU-stack
                0x0000000000000000        0x0
 .note.GNU-stack
                0x0000000000000000        0x0 build/file_system/fat_32_c.o
 .note.GNU-stack
                0x0000000000000000        0x0 build/file_system/fs_deamon_c.o
 .note.GNU-stack
                0x0000000000000000        0x0 build/file_system/fat_c.o
 .note.GNU-stack
                0x0000000000000000        0x0 build/file_system/fat_16_c.o
 .note.GNU-stack
                0x0000000000000000        0x0 build/file_system/fs_c.o
 .note.GNU-stack
                0x0000000000000000        0x0 build/proc_manager/irq_c.o
 .note.GNU-stack
                0x0000000000000000        0x0 build/proc_manager/sched_c.o
 .note.GNU-stack
                0x0000000000000000        0x0 build/proc_manager/pm_deamon_c.o
 .note.GNU-stack
                0x0000000000000000        0x0 build/proc_manager/timer_c.o
 .note.GNU-stack
                0x0000000000000000        0x0 build/memory_manager/mm_c.o
 .note.GNU-stack
                0x0000000000000000        0x0 build/proc_manager/thread/thread_exit_c.o
 .note.GNU-stack
                0x0000000000000000        0x0 build/proc_manager/thread/thread_mutex_lock_c.o
 .note.GNU-stack
                0x0000000000000000        0x0 build/proc_manager/thread/thread_cond_timewait_c.o
 .note.GNU-stack
                0x0000000000000000        0x0 build/proc_manager/thread/thread_yield_c.o
 .note.GNU-stack
                0x0000000000000000        0x0 build/proc_manager/thread/thread_self_c.o
 .note.GNU-stack
                0x0000000000000000        0x0 build/proc_manager/thread/thread_cond_wait_c.o
 .note.GNU-stack
                0x0000000000000000        0x0 build/proc_manager/thread/thread_mutex_unlock_c.o
 .note.GNU-stack
                0x0000000000000000        0x0 build/proc_manager/thread/thread_cond_signal_c.o
 .note.GNU-stack
                0x0000000000000000        0x0 build/proc_manager/thread/thread_mutex_trylock_c.o
 .note.GNU-stack
                0x0000000000000000        0x0 build/proc_manager/thread/thread_create_c.o
 .note.GNU-stack
                0x0000000000000000        0x0 build/proc_manager/thread/thread_join_c.o
 .note.GNU-stack
                0x0000000000000000        0x0 build/proc_manager/thread/thread_mutex_init_c.o
 .note.GNU-stack
                0x0000000000000000        0x0 build/kernel/printf_c.o
 .note.GNU-stack
                0x0000000000000000        0x0 build/kernel/strcmp_c.o
 .note.GNU-stack
                0x0000000000000000        0x0 build/kernel/sys_c.o
 .note.GNU-stack
                0x0000000000000000        0x0 build/kernel/kernel_c.o
 .note.GNU-stack
                0x0000000000000000        0x0 build/device/SDCard_c.o
 .note.GNU-stack
                0x0000000000000000        0x0 build/device/mini_uart_c.o
 .note.GNU-stack
                0x0000000000000000        0x0 build/device/delays_c.o
 .note.GNU-stack
                0x0000000000000000        0x0 build/device/led_blink_c.o
 .note.GNU-stack
                0x0000000000000000        0x0 build/device/sd_c.o
 .note.GNU-stack
                0x0000000000000000        0x0 build/app/fflush_c.o
 .note.GNU-stack
                0x0000000000000000        0x0 build/app/shmget_c.o
 .note.GNU-stack
                0x0000000000000000        0x0 build/app/mount_c.o
 .note.GNU-stack
                0x0000000000000000        0x0 build/app/ls_dev_c.o
 .note.GNU-stack
                0x0000000000000000        0x0 build/app/fclose_c.o
 .note.GNU-stack
                0x0000000000000000        0x0 build/app/fopen_c.o
 .note.GNU-stack
                0x0000000000000000        0x0 build/app/dump_c.o
 .note.GNU-stack
                0x0000000000000000        0x0 build/app/fwrite_c.o
 .note.GNU-stack
                0x0000000000000000        0x0 build/app/shmat_c.o
 .note.GNU-stack
                0x0000000000000000        0x0 build/app/shmdt_c.o
 .note.GNU-stack
                0x0000000000000000        0x0 build/app/ftell_c.o
 .note.GNU-stack
                0x0000000000000000        0x0 build/app/ls_c.o
 .note.GNU-stack
                0x0000000000000000        0x0 build/app/run_c.o
 .note.GNU-stack
                0x0000000000000000        0x0 build/app/fork_c.o
 .note.GNU-stack
                0x0000000000000000        0x0 build/app/shmrm_c.o
 .note.GNU-stack
                0x0000000000000000        0x0 build/app/cd_c.o
 .note.GNU-stack
                0x0000000000000000        0x0 build/app/fread_c.o
 .note.GNU-stack
                0x0000000000000000        0x0 build/app/fseek_c.o
 .note.GNU-stack
                0x0000000000000000        0x0 build/user_shell/terminal_c.o
 .note.GNU-stack
                0x0000000000000000        0x0 build/compt_manager/compt_c.o
 .note.GNU-stack
                0x0000000000000000        0x0 build/compt_manager/compt_daemon_c.o
 .note.GNU-stack
                0x0000000000000000        0x0 build/ipc/ipc_c.o
