
Allocating common symbols
Common symbol       size              file

prev_childregs      0x8               build/proc_manager/sched_c.o
cfile               0x600             build/compt_manager/compt_c.o
text_function       0x140             build/compt_manager/compt_c.o
origin              0x8               build/file_system/fs_c.o
page_prev           0x8               build/proc_manager/sched_c.o
fat_addr            0x4               build/kernel/kernel_c.o
fs_lock             0x20              build/kernel/kernel_c.o
user_page_start     0x8               build/kernel/kernel_c.o
prev_real_regs      0x8               build/proc_manager/sched_c.o
page_prev_mm        0x10              build/proc_manager/sched_c.o
ksym                0x1400            build/compt_manager/compt_c.o
page_next           0x8               build/proc_manager/sched_c.o
next_real_regs      0x8               build/proc_manager/sched_c.o
sd_ocr              0x8               build/device/SDCard_c.o
sd_p                0x2c              build/file_system/fat_32_c.o
page_next_mm        0x10              build/proc_manager/sched_c.o
move_sec            0xa8              build/compt_manager/compt_c.o
mm_lock             0x20              build/kernel/kernel_c.o
compt_filename      0x8               build/compt_manager/compt_c.o
sd_err              0x8               build/device/SDCard_c.o
partition           0x1c0             build/file_system/fat_32_c.o
prev_real           0x8               build/proc_manager/sched_c.o
symbolic_fs_array   0x1800            build/file_system/fat_32_c.o
sd_rca              0x8               build/device/SDCard_c.o
rendezvous          0x20              build/proc_manager/pm_deamon_c.o
next_real           0x8               build/proc_manager/sched_c.o
sd_scr              0x10              build/device/SDCard_c.o
task                0x200             build/file_system/fat_32_c.o
prev                0x8               build/proc_manager/sched_c.o
file_dir            0x230             build/file_system/fat_32_c.o
dir                 0x8               build/file_system/fat_32_c.o
init_page           0x8               build/proc_manager/sched_c.o
next_childregs      0x8               build/proc_manager/sched_c.o
sched_type          0x4               build/file_system/fat_32_c.o
sd_hv               0x8               build/device/SDCard_c.o
fs_support          0x200             build/file_system/fat_32_c.o

Memory Configuration

Name             Origin             Length             Attributes
*default*        0x0000000000000000 0xffffffffffffffff

Linker script and memory map

                0xffff000000000000                . = 0xffff000000000000
                0xffff000000000000                _start_ = .

.text.boot      0xffff000000000000      0x1d0
 *(.text.boot)
 .text.boot     0xffff000000000000      0x1d0 build/kernel/boot_s.o
                0xffff000000000000                _start
                0xffff000000000018                enable_cache
                0xffff000000001000                . = ALIGN (0x1000)
                0xffff000000001000                user_begin = .

.text.user      0xffff000000001000      0xbc4
 build/user*(.text)
 .text          0xffff000000001000      0xa24 build/user_shell/terminal_c.o
                0xffff000000001000                invalid
                0xffff000000001028                shell_user_process
 .text.user     0xffff000000001a24      0x1a0 build/app/user_sys_s.o
                0xffff000000001a24                user_delay
                0xffff000000001a30                call_sys_write
                0xffff000000001a3c                call_sys_exit
                0xffff000000001a48                call_sys_fork
                0xffff000000001a54                call_sys_led
                0xffff000000001a60                call_sys_read
                0xffff000000001a6c                thread_create
                0xffff000000001a78                thread_self
                0xffff000000001a84                thread_join
                0xffff000000001a90                thread_cond_signal
                0xffff000000001a9c                call_sys_list
                0xffff000000001aa8                call_sys_cd
                0xffff000000001ab4                call_sys_dump
                0xffff000000001ac0                call_sys_root
                0xffff000000001acc                call_sys_run
                0xffff000000001ad8                call_sys_com
                0xffff000000001ae4                call_sys_send
                0xffff000000001af0                call_sys_recv
                0xffff000000001afc                thread_mutex_trylock
                0xffff000000001b08                thread_mutex_lock
                0xffff000000001b14                thread_mutex_unlock
                0xffff000000001b20                call_sys_allocate_page
                0xffff000000001b2c                call_sys_free_page
                0xffff000000001b38                call_sys_rmcom
                0xffff000000001b44                call_sys_lsdev
                0xffff000000001b50                call_sys_lscom
                0xffff000000001b5c                call_sys_sched
                0xffff000000001b68                call_sys_fopen
                0xffff000000001b74                call_sys_fread
                0xffff000000001b80                call_sys_fclose
                0xffff000000001b8c                call_sys_fwrite
                0xffff000000001b98                call_sys_fflush
                0xffff000000001ba4                thread_equal
                0xffff000000001bbc                sp_info

.rodata.user    0xffff000000001bc8       0xb2
 build/user*(.rodata)
 .rodata        0xffff000000001bc8       0xb2 build/user_shell/terminal_c.o

.data.user      0xffff000000001c80       0x1e
 build/user*(.data)
 .data          0xffff000000001c80       0x1e build/user_shell/terminal_c.o
                0xffff000000001c80                directory

.bss.user       0xffff000000001ca0        0x4
 build/user*(.bss)
 .bss           0xffff000000001ca0        0x4 build/user_shell/terminal_c.o
                0xffff000000001ca4                user_end = .

.text           0xffff000000002000    0x121fc
 *(.text)
 .text          0xffff000000002000      0x388 build/file_system/fat_32_c.o
                0xffff000000002000                fat32_getcluster
                0xffff000000002188                fat32_readfile
                0xffff000000002334                fat32_read_directory
 .text          0xffff000000002388      0x320 build/file_system/fs_deamon_c.o
                0xffff000000002388                fs_daemon
 .text          0xffff0000000026a8      0x3d4 build/file_system/fat_c.o
                0xffff0000000026a8                fat_getpartition
                0xffff000000002a58                fat_listdirectory
 .text          0xffff000000002a7c        0x0 build/file_system/fat_16_c.o
 .text          0xffff000000002a7c     0x1130 build/file_system/fs_c.o
                0xffff000000002a7c                fs_type_support
                0xffff000000002b0c                build_kernel_directory
                0xffff000000003078                build_root
                0xffff000000003098                _search_file
                0xffff000000003a2c                user_dir
 .text          0xffff000000003bac       0xd0 build/proc_manager/irq_c.o
                0xffff000000003bac                enable_interrupt_controller
                0xffff000000003bd4                show_invalid_entry_message
                0xffff000000003c3c                handle_irq
 .text          0xffff000000003c7c      0x6c4 build/proc_manager/sched_c.o
                0xffff000000003c7c                preempt_disable
                0xffff000000003cb0                preempt_enable
                0xffff000000003ce4                is_running
                0xffff000000003d3c                round_robin
                0xffff000000003db4                LIFO
                0xffff000000003e50                _schedule
                0xffff00000000405c                schedule
                0xffff000000004088                switch_to
                0xffff000000004238                schedule_tail
                0xffff000000004250                timer_tick
                0xffff0000000042f8                timer3_tick
                0xffff000000004300                exit_process
 .text          0xffff000000004340      0x3a4 build/proc_manager/pm_deamon_c.o
                0xffff000000004340                pm_daemon
 .text          0xffff0000000046e4      0x1cc build/proc_manager/timer_c.o
                0xffff0000000046e4                timer_init
                0xffff00000000475c                handle_timer_irq
                0xffff0000000047cc                get_system_timer
                0xffff000000004864                wait_msec_st
 .text          0xffff0000000048b0      0x824 build/memory_manager/mm_c.o
                0xffff0000000048b0                allocate_kernel_page
                0xffff000000004950                allocate_pcb_space
                0xffff000000004a1c                allocate_user_page
                0xffff000000004a70                get_free_page
                0xffff000000004bc4                free_page
                0xffff000000004c2c                map_table_entry
                0xffff000000004c88                map_table
                0xffff000000004d48                map_page
                0xffff000000004f80                copy_virt_memory
                0xffff00000000503c                do_mem_abort
 .text          0xffff0000000050d4       0x9c build/proc_manager/thread/thread_exit_c.o
                0xffff0000000050d4                _thread_exit
 .text          0xffff000000005170       0xe8 build/proc_manager/thread/thread_mutex_lock_c.o
                0xffff000000005170                _thread_mutex_lock
                0xffff000000005204                thread_enqueue
 .text          0xffff000000005258       0x2c build/proc_manager/thread/thread_cond_timewait_c.o
                0xffff000000005258                thread_cond_timewait
 .text          0xffff000000005284       0x18 build/proc_manager/thread/thread_yield_c.o
                0xffff000000005284                thread_yield
 .text          0xffff00000000529c       0x14 build/proc_manager/thread/thread_self_c.o
                0xffff00000000529c                thread_id_self
 .text          0xffff0000000052b0       0x94 build/proc_manager/thread/thread_cond_wait_c.o
                0xffff0000000052b0                thread_cond_wait
                0xffff0000000052d8                thread_cond_timedwait_internal
                0xffff000000005314                thread_block
 .text          0xffff000000005344       0xbc build/proc_manager/thread/thread_mutex_unlock_c.o
                0xffff000000005344                _thread_mutex_unlock
                0xffff00000000538c                thread_dequeue
 .text          0xffff000000005400       0x34 build/proc_manager/thread/thread_cond_signal_c.o
                0xffff000000005400                _thread_cond_signal
 .text          0xffff000000005434       0x28 build/proc_manager/thread/thread_mutex_trylock_c.o
                0xffff000000005434                _thread_mutex_trylock
 .text          0xffff00000000545c      0x3bc build/proc_manager/thread/thread_create_c.o
                0xffff00000000545c                thread_end
                0xffff00000000547c                error
                0xffff0000000054ac                _thread_create
 .text          0xffff000000005818       0xe4 build/proc_manager/thread/thread_join_c.o
                0xffff000000005818                _thread_join
 .text          0xffff0000000058fc       0x28 build/proc_manager/thread/thread_mutex_init_c.o
                0xffff0000000058fc                _thread_mutex_init
 .text          0xffff000000005924      0x9b8 build/kernel/printf_c.o
                0xffff000000005cb0                tfp_format
                0xffff0000000060f8                init_printf
                0xffff000000006130                tfp_printf
                0xffff000000006204                tfp_sprintf
                0xffff00000000629c                asm_print
 .text          0xffff0000000062dc       0xdc build/kernel/strcmp_c.o
                0xffff0000000062dc                strcmp
 .text          0xffff0000000063b8      0x6bc build/kernel/sys_c.o
                0xffff0000000063b8                kservice_uart_write
                0xffff0000000063f4                kservice_fork
                0xffff000000006418                kservice_exit
                0xffff000000006438                kservice_led_blink
                0xffff000000006440                kservice_uart_read
                0xffff000000006458                kservice_create_thread
                0xffff00000000648c                kservice_thread_self
                0xffff0000000064a0                kservice_thread_join
                0xffff0000000064c8                kservice_thread_exit
                0xffff0000000064dc                kservice_thread_signal
                0xffff0000000064fc                kservice_list_file
                0xffff000000006514                kservice_cd_folder
                0xffff000000006534                kservice_dump_file
                0xffff000000006554                kservice_root_file
                0xffff000000006570                kservice_run_file
                0xffff000000006590                kservice_send_msg
                0xffff0000000065ac                kservice_recieve_msg
                0xffff0000000065c0                kservice_mutex_trylock
                0xffff0000000065e0                kservice_mutex_lock
                0xffff000000006600                kservice_mutex_unlock
                0xffff000000006620                kservice_com_file
                0xffff000000006658                kservice_allocate_upage
                0xffff000000006680                kservice_free_page
                0xffff0000000066b0                kservice_rm_compt
                0xffff0000000066d0                kservice_ls_dev
                0xffff0000000066e8                kservice_ls_compt
                0xffff000000006700                kservice_change_sched
                0xffff000000006738                kservice_fopen
                0xffff0000000067e0                kservice_fread
                0xffff000000006814                kservice_fwrite
                0xffff000000006848                kservice_fclose
                0xffff0000000068cc                kservice_fflush
                0xffff000000006950                kservice_allocate_kpage
                0xffff00000000696c                kservice_schedule
                0xffff000000006984                kservice_reg_compt
                0xffff0000000069a0                kservice_unreg_compt
                0xffff0000000069bc                kservice_dev_read
                0xffff000000006a00                kservice_dir_interface
                0xffff000000006a20                kservice_set_hard
                0xffff000000006a40                kservice_put32
 .text          0xffff000000006a74      0x348 build/kernel/kernel_c.o
                0xffff000000006a74                kernel_process
                0xffff000000006ae4                A
                0xffff000000006b10                set_gpio_t
                0xffff000000006b88                mod_process
                0xffff000000006c0c                kernel_main
 .text          0xffff000000006dbc     0x50c4 build/device/SDCard_c.o
                0xffff000000006dbc                strchr
                0xffff000000006e30                toupper
                0xffff000000006e68                wctob
                0xffff000000008a54                sdTransferBlocks
                0xffff000000008fdc                sdClearBlocks
                0xffff0000000091e4                getSetNextCluster
                0xffff000000009754                WildcardMatch
                0xffff000000009fdc                sdFindFirstFile
                0xffff00000000a46c                sdFindNextFile
                0xffff00000000a590                sdFindClose
                0xffff00000000a61c                sdCreateFile
                0xffff00000000abe0                sdReadFile
                0xffff00000000b1f8                sdCloseHandle
                0xffff00000000b284                sdSetFilePointer
                0xffff00000000b9f8                sdGetFileSize
                0xffff00000000ba84                sdInitCard
                0xffff00000000be58                sdCardCSD
 .text          0xffff00000000be80      0x614 build/device/mini_uart_c.o
                0xffff00000000be80                uart_send
                0xffff00000000bed4                uart_recv
                0xffff00000000bf1c                uart_send_string
                0xffff00000000bf74                uart_init
                0xffff00000000c0b8                set_gpio
                0xffff00000000c134                uart_hex
                0xffff00000000c1b4                uart_puts
                0xffff00000000c20c                uart_dump
                0xffff00000000c3b8                putc
                0xffff00000000c3dc                pr_int
 .text          0xffff00000000c494       0xb4 build/device/delays_c.o
                0xffff00000000c494                wait_cycles
                0xffff00000000c4d0                wait_msec
 .text          0xffff00000000c548       0x64 build/device/led_blink_c.o
                0xffff00000000c548                led_blink
 .text          0xffff00000000c5ac     0x137c build/device/sd_c.o
                0xffff00000000c5ac                sd_status
                0xffff00000000c66c                sd_int
                0xffff00000000c788                sd_cmd
                0xffff00000000cac4                sd_readblock
                0xffff00000000cd80                sd_clk
                0xffff00000000d0a4                sd_init
 .text          0xffff00000000d928      0x158 build/app/fflush_c.o
                0xffff00000000d928                fflush
 .text          0xffff00000000da80      0x1c4 build/app/ls_dev_c.o
                0xffff00000000da80                ls_dev
 .text          0xffff00000000dc44      0x2a0 build/app/fclose_c.o
                0xffff00000000dc44                fclose
 .text          0xffff00000000dee4      0x3d0 build/app/fopen_c.o
                0xffff00000000dee4                fopen
 .text          0xffff00000000e2b4      0x4ac build/app/dump_c.o
                0xffff00000000e2b4                data_dump
                0xffff00000000e48c                dump
 .text          0xffff00000000e760      0x1c0 build/app/fwrite_c.o
                0xffff00000000e7e8                fwrite
 .text          0xffff00000000e920        0x0 build/app/shmat_c.o
 .text          0xffff00000000e920        0x0 build/app/shmdt_c.o
 .text          0xffff00000000e920      0x504 build/app/ls_c.o
                0xffff00000000e920                list
 .text          0xffff00000000ee24      0x224 build/app/run_c.o
                0xffff00000000ee24                run_file
 .text          0xffff00000000f048      0x598 build/app/fork_c.o
                0xffff00000000f048                copy_process
                0xffff00000000f508                move_to_user_mode
                0xffff00000000f5c0                task_pt_regs
 .text          0xffff00000000f5e0        0x0 build/app/shmrm_c.o
 .text          0xffff00000000f5e0      0x54c build/app/cd_c.o
                0xffff00000000f5e0                cd
                0xffff00000000f908                cd_root
                0xffff00000000fa0c                find_folder
 .text          0xffff00000000fb2c      0x1dc build/app/fread_c.o
                0xffff00000000fb2c                yield_cpu
                0xffff00000000fc04                fread
 .text          0xffff00000000fd08       0x1c build/app/shmget_c.o
                0xffff00000000fd08                shmget
 .text          0xffff00000000fd24     0x2784 build/compt_manager/compt_c.o
                0xffff00000000fd24                compt_file
                0xffff00000001045c                compt_sched_file
                0xffff000000010a44                rm_compt_file
                0xffff000000010c64                unreg_compt
                0xffff000000010d1c                strlength
                0xffff000000010d5c                reg_compt
                0xffff000000010f70                get_ndx
                0xffff000000010f88                get_st_value
                0xffff000000010fa0                use_compt_func
                0xffff0000000111a8                get_strname
                0xffff0000000111c0                relocate
                0xffff0000000118e4                find_sec_addr
                0xffff000000011b48                check_file_format
                0xffff000000011c74                string_table
                0xffff000000011cb4                get_string
                0xffff0000000121c0                ls_compt
                0xffff000000012248                read_ksymbol
 .text          0xffff0000000124a8      0x28c build/compt_manager/compt_daemon_c.o
                0xffff0000000124a8                compt_daemon
 .text          0xffff000000012734      0x504 build/ipc/ipc_c.o
                0xffff000000012734                send_msg
 .text          0xffff000000012c38       0x1c build/proc_manager/irq_s.o
                0xffff000000012c38                irq_vector_init
                0xffff000000012c44                enable_irq
                0xffff000000012c4c                disable_irq
 .text          0xffff000000012c54       0x50 build/proc_manager/sched_s.o
                0xffff000000012c54                cpu_switch_to
 .text          0xffff000000012ca4       0x4c build/memory_manager/mm_s.o
                0xffff000000012ca4                memcpy
                0xffff000000012cb8                memcmp
                0xffff000000012ce0                memzero
 *fill*         0xffff000000012cf0      0x310 
 .text          0xffff000000013000     0x1138 build/kernel/entry_s.o
                0xffff000000013000                vectors
                0xffff0000000140c4                ret_from_fork
                0xffff000000014134                err_hang
 .text          0xffff000000014138        0x0 build/kernel/boot_s.o
 .text          0xffff000000014138       0xc4 build/device/utils_s.o
                0xffff000000014138                get_el
                0xffff000000014144                put32
                0xffff00000001414c                get32
                0xffff000000014154                delay
                0xffff000000014160                set_pgd
                0xffff000000014174                get_pgd
                0xffff000000014198                try_lock
                0xffff0000000141b8                unlock
                0xffff0000000141d4                error_unlock
                0xffff0000000141dc                bl_init
                0xffff0000000141ec                bl_sched_wrap
 .text          0xffff0000000141fc        0x0 build/app/user_sys_s.o

.iplt           0xffff0000000141fc        0x0
 .iplt          0xffff0000000141fc        0x0 build/file_system/fat_32_c.o

.rodata         0xffff000000014200     0x1449
 *(.rodata)
 .rodata        0xffff000000014200       0x26 build/file_system/fat_32_c.o
 *fill*         0xffff000000014226        0x2 
 .rodata        0xffff000000014228       0x54 build/file_system/fs_deamon_c.o
 *fill*         0xffff00000001427c        0x4 
 .rodata        0xffff000000014280       0x93 build/file_system/fat_c.o
 *fill*         0xffff000000014313        0x5 
 .rodata        0xffff000000014318       0x26 build/file_system/fs_c.o
 *fill*         0xffff00000001433e        0x2 
 .rodata        0xffff000000014340      0x1d5 build/proc_manager/irq_c.o
 *fill*         0xffff000000014515        0x3 
 .rodata        0xffff000000014518       0x58 build/proc_manager/pm_deamon_c.o
 .rodata        0xffff000000014570        0x4 build/proc_manager/timer_c.o
                0xffff000000014570                interval
 *fill*         0xffff000000014574        0x4 
 .rodata        0xffff000000014578        0x3 build/memory_manager/mm_c.o
 *fill*         0xffff00000001457b        0x5 
 .rodata        0xffff000000014580        0xa build/proc_manager/thread/thread_exit_c.o
 *fill*         0xffff00000001458a        0x6 
 .rodata        0xffff000000014590        0x6 build/proc_manager/thread/thread_create_c.o
 *fill*         0xffff000000014596        0x2 
 .rodata        0xffff000000014598        0xf build/proc_manager/thread/thread_join_c.o
 *fill*         0xffff0000000145a7        0x1 
 .rodata        0xffff0000000145a8       0x1d build/kernel/printf_c.o
 *fill*         0xffff0000000145c5        0x3 
 .rodata        0xffff0000000145c8      0x140 build/kernel/sys_c.o
                0xffff0000000145c8                sys_call_table
 .rodata        0xffff000000014708       0x98 build/kernel/kernel_c.o
 .rodata        0xffff0000000147a0      0x41b build/device/SDCard_c.o
 *fill*         0xffff000000014bbb        0x5 
 .rodata        0xffff000000014bc0        0x3 build/device/mini_uart_c.o
 *fill*         0xffff000000014bc3        0x5 
 .rodata        0xffff000000014bc8      0x1fc build/device/sd_c.o
 *fill*         0xffff000000014dc4        0x4 
 .rodata        0xffff000000014dc8       0x12 build/app/fflush_c.o
 *fill*         0xffff000000014dda        0x6 
 .rodata        0xffff000000014de0       0xd2 build/app/ls_dev_c.o
 *fill*         0xffff000000014eb2        0x6 
 .rodata        0xffff000000014eb8       0x22 build/app/fclose_c.o
 *fill*         0xffff000000014eda        0x6 
 .rodata        0xffff000000014ee0       0x3b build/app/fopen_c.o
 *fill*         0xffff000000014f1b        0x5 
 .rodata        0xffff000000014f20       0x43 build/app/dump_c.o
 *fill*         0xffff000000014f63        0x5 
 .rodata        0xffff000000014f68       0x1e build/app/fwrite_c.o
 *fill*         0xffff000000014f86        0x2 
 .rodata        0xffff000000014f88       0x22 build/app/ls_c.o
 *fill*         0xffff000000014faa        0x6 
 .rodata        0xffff000000014fb0       0x63 build/app/run_c.o
 *fill*         0xffff000000015013        0x5 
 .rodata        0xffff000000015018       0x16 build/app/fork_c.o
 *fill*         0xffff00000001502e        0x2 
 .rodata        0xffff000000015030       0x57 build/app/cd_c.o
 *fill*         0xffff000000015087        0x1 
 .rodata        0xffff000000015088       0x4b build/app/fread_c.o
 *fill*         0xffff0000000150d3        0x5 
 .rodata        0xffff0000000150d8      0x485 build/compt_manager/compt_c.o
 *fill*         0xffff00000001555d        0x3 
 .rodata        0xffff000000015560       0x6c build/compt_manager/compt_daemon_c.o
 *fill*         0xffff0000000155cc        0x4 
 .rodata        0xffff0000000155d0       0x79 build/ipc/ipc_c.o

.rela.dyn       0xffff000000015650        0x0
 .rela.iplt     0xffff000000015650        0x0 build/file_system/fat_32_c.o

.data           0xffff000000015650      0xa40
 *(.data)
 .data          0xffff000000015650        0x0 build/file_system/fat_32_c.o
 .data          0xffff000000015650        0x0 build/file_system/fs_deamon_c.o
 .data          0xffff000000015650        0x0 build/file_system/fat_c.o
 .data          0xffff000000015650        0x0 build/file_system/fat_16_c.o
 .data          0xffff000000015650       0x20 build/file_system/fs_c.o
 .data          0xffff000000015670       0x90 build/proc_manager/irq_c.o
                0xffff000000015670                entry_error_messages
 .data          0xffff000000015700      0x5b8 build/proc_manager/sched_c.o
                0xffff000000015700                init_priority
                0xffff000000015708                init_extra_priority
                0xffff000000015710                init_app_priority
                0xffff000000015718                init_extra_flags
                0xffff000000015720                init_app_flags
                0xffff000000015728                init_task_0
                0xffff0000000158f0                init_task_1
                0xffff000000015ab8                init_task_2
                0xffff000000015c80                current
                0xffff000000015c88                task_prio_table
                0xffff000000015ca0                head
 .data          0xffff000000015cb8        0x0 build/proc_manager/pm_deamon_c.o
 .data          0xffff000000015cb8        0x0 build/proc_manager/timer_c.o
 .data          0xffff000000015cb8        0x4 build/memory_manager/mm_c.o
 .data          0xffff000000015cbc        0x0 build/proc_manager/thread/thread_exit_c.o
 .data          0xffff000000015cbc        0x0 build/proc_manager/thread/thread_mutex_lock_c.o
 .data          0xffff000000015cbc        0x0 build/proc_manager/thread/thread_cond_timewait_c.o
 .data          0xffff000000015cbc        0x0 build/proc_manager/thread/thread_yield_c.o
 .data          0xffff000000015cbc        0x0 build/proc_manager/thread/thread_self_c.o
 .data          0xffff000000015cbc        0x0 build/proc_manager/thread/thread_cond_wait_c.o
 .data          0xffff000000015cbc        0x0 build/proc_manager/thread/thread_mutex_unlock_c.o
 .data          0xffff000000015cbc        0x0 build/proc_manager/thread/thread_cond_signal_c.o
 .data          0xffff000000015cbc        0x0 build/proc_manager/thread/thread_mutex_trylock_c.o
 .data          0xffff000000015cbc        0x0 build/proc_manager/thread/thread_create_c.o
 .data          0xffff000000015cbc        0x0 build/proc_manager/thread/thread_join_c.o
 .data          0xffff000000015cbc        0x0 build/proc_manager/thread/thread_mutex_init_c.o
 .data          0xffff000000015cbc        0x0 build/kernel/printf_c.o
 .data          0xffff000000015cbc        0x0 build/kernel/strcmp_c.o
 .data          0xffff000000015cbc        0x0 build/kernel/sys_c.o
 .data          0xffff000000015cbc        0x0 build/kernel/kernel_c.o
 *fill*         0xffff000000015cbc        0x4 
 .data          0xffff000000015cc0      0x3a8 build/device/SDCard_c.o
 .data          0xffff000000016068        0x0 build/device/mini_uart_c.o
 .data          0xffff000000016068        0x0 build/device/delays_c.o
 .data          0xffff000000016068        0x0 build/device/led_blink_c.o
 .data          0xffff000000016068        0x0 build/device/sd_c.o
 .data          0xffff000000016068        0x0 build/app/fflush_c.o
 .data          0xffff000000016068        0x0 build/app/ls_dev_c.o
 .data          0xffff000000016068        0x0 build/app/fclose_c.o
 .data          0xffff000000016068        0x0 build/app/fopen_c.o
 .data          0xffff000000016068        0x0 build/app/dump_c.o
 .data          0xffff000000016068        0x0 build/app/fwrite_c.o
 .data          0xffff000000016068        0x0 build/app/shmat_c.o
 .data          0xffff000000016068        0x0 build/app/shmdt_c.o
 .data          0xffff000000016068        0x0 build/app/ls_c.o
 .data          0xffff000000016068        0x0 build/app/run_c.o
 .data          0xffff000000016068        0x0 build/app/fork_c.o
 .data          0xffff000000016068        0x0 build/app/shmrm_c.o
 .data          0xffff000000016068       0x24 build/app/cd_c.o
                0xffff000000016068                kdirectory
                0xffff000000016088                cd_rem
 .data          0xffff00000001608c        0x0 build/app/fread_c.o
 .data          0xffff00000001608c        0x0 build/app/shmget_c.o
 .data          0xffff00000001608c        0x4 build/compt_manager/compt_c.o
                0xffff00000001608c                ksym_index
 .data          0xffff000000016090        0x0 build/compt_manager/compt_daemon_c.o
 .data          0xffff000000016090        0x0 build/ipc/ipc_c.o
 .data          0xffff000000016090        0x0 build/proc_manager/irq_s.o
 .data          0xffff000000016090        0x0 build/proc_manager/sched_s.o
 .data          0xffff000000016090        0x0 build/memory_manager/mm_s.o
 .data          0xffff000000016090        0x0 build/kernel/entry_s.o
 .data          0xffff000000016090        0x0 build/kernel/boot_s.o
 .data          0xffff000000016090        0x0 build/device/utils_s.o
 .data          0xffff000000016090        0x0 build/app/user_sys_s.o

.igot.plt       0xffff000000016090        0x0
 .igot.plt      0xffff000000016090        0x0 build/file_system/fat_32_c.o
                0xffff000000016090                . = ALIGN (0x8)
                0xffff000000016090                bss_begin = .

.bss            0xffff000000016090    0x8d588
 *(.bss*)
 .bss           0xffff000000016090        0x4 build/file_system/fat_32_c.o
                0xffff000000016090                sect
 *fill*         0xffff000000016094        0x4 
 .bss           0xffff000000016098      0x804 build/file_system/fs_deamon_c.o
                0xffff000000016098                fs_mail
 .bss           0xffff00000001689c        0x0 build/file_system/fat_c.o
 .bss           0xffff00000001689c        0x0 build/file_system/fat_16_c.o
 .bss           0xffff00000001689c        0x4 build/file_system/fs_c.o
 .bss           0xffff0000000168a0        0x0 build/proc_manager/irq_c.o
 .bss           0xffff0000000168a0      0x230 build/proc_manager/sched_c.o
                0xffff0000000168a0                init_cpu
                0xffff000000016908                init_state
                0xffff000000016910                init_counter
                0xffff000000016918                init_preempt_count
                0xffff000000016920                init_flags
                0xffff000000016928                init_mm
                0xffff000000016ac0                nr_tasks
                0xffff000000016ac4                next
                0xffff000000016ac8                service_index
 .bss           0xffff000000016ad0      0x808 build/proc_manager/pm_deamon_c.o
                0xffff000000016ad0                pm_mail
                0xffff0000000172d0                ipc_index_pop
 .bss           0xffff0000000172d8        0x4 build/proc_manager/timer_c.o
                0xffff0000000172d8                curVal
 *fill*         0xffff0000000172dc        0x4 
 .bss           0xffff0000000172e0    0x7d80c build/memory_manager/mm_c.o
 .bss           0xffff000000094aec        0x0 build/proc_manager/thread/thread_exit_c.o
 .bss           0xffff000000094aec        0x0 build/proc_manager/thread/thread_mutex_lock_c.o
 .bss           0xffff000000094aec        0x0 build/proc_manager/thread/thread_cond_timewait_c.o
 .bss           0xffff000000094aec        0x0 build/proc_manager/thread/thread_yield_c.o
 .bss           0xffff000000094aec        0x0 build/proc_manager/thread/thread_self_c.o
 .bss           0xffff000000094aec        0x0 build/proc_manager/thread/thread_cond_wait_c.o
 .bss           0xffff000000094aec        0x0 build/proc_manager/thread/thread_mutex_unlock_c.o
 .bss           0xffff000000094aec        0x0 build/proc_manager/thread/thread_cond_signal_c.o
 .bss           0xffff000000094aec        0x0 build/proc_manager/thread/thread_mutex_trylock_c.o
 .bss           0xffff000000094aec        0x0 build/proc_manager/thread/thread_create_c.o
 .bss           0xffff000000094aec        0x0 build/proc_manager/thread/thread_join_c.o
 .bss           0xffff000000094aec        0x0 build/proc_manager/thread/thread_mutex_init_c.o
 *fill*         0xffff000000094aec        0x4 
 .bss           0xffff000000094af0       0x10 build/kernel/printf_c.o
 .bss           0xffff000000094b00        0x0 build/kernel/strcmp_c.o
 .bss           0xffff000000094b00        0x4 build/kernel/sys_c.o
                0xffff000000094b00                ipc_index_push
 .bss           0xffff000000094b04        0x0 build/kernel/kernel_c.o
 *fill*         0xffff000000094b04        0x4 
 .bss           0xffff000000094b08     0x25a0 build/device/SDCard_c.o
                0xffff000000094b08                LOG_ERROR
 .bss           0xffff0000000970a8        0x0 build/device/mini_uart_c.o
 .bss           0xffff0000000970a8        0x0 build/device/delays_c.o
 .bss           0xffff0000000970a8        0x0 build/device/led_blink_c.o
 .bss           0xffff0000000970a8        0x0 build/device/sd_c.o
 .bss           0xffff0000000970a8        0x0 build/app/fflush_c.o
 .bss           0xffff0000000970a8        0x0 build/app/ls_dev_c.o
 .bss           0xffff0000000970a8        0x0 build/app/fclose_c.o
 .bss           0xffff0000000970a8        0x0 build/app/fopen_c.o
 .bss           0xffff0000000970a8        0x0 build/app/dump_c.o
 .bss           0xffff0000000970a8        0x0 build/app/fwrite_c.o
 .bss           0xffff0000000970a8        0x0 build/app/shmat_c.o
 .bss           0xffff0000000970a8        0x0 build/app/shmdt_c.o
 .bss           0xffff0000000970a8        0x0 build/app/ls_c.o
 .bss           0xffff0000000970a8        0x0 build/app/run_c.o
 .bss           0xffff0000000970a8     0x8008 build/app/fork_c.o
                0xffff0000000970a8                tid
                0xffff0000000970b0                thread_id_table
 .bss           0xffff00000009f0b0        0x0 build/app/shmrm_c.o
 .bss           0xffff00000009f0b0        0x4 build/app/cd_c.o
                0xffff00000009f0b0                current_page
 .bss           0xffff00000009f0b4        0x0 build/app/fread_c.o
 .bss           0xffff00000009f0b4        0x0 build/app/shmget_c.o
 *fill*         0xffff00000009f0b4        0x4 
 .bss           0xffff00000009f0b8       0x14 build/compt_manager/compt_c.o
                0xffff00000009f0b8                opera_addr
                0xffff00000009f0bc                rmcom_addr
                0xffff00000009f0c0                comp_start
                0xffff00000009f0c8                com_index
 *fill*         0xffff00000009f0cc        0x4 
 .bss           0xffff00000009f0d0      0x804 build/compt_manager/compt_daemon_c.o
                0xffff00000009f0d0                compt_mail
 .bss           0xffff00000009f8d4        0xc build/ipc/ipc_c.o
                0xffff00000009f8d4                pm_index_push
                0xffff00000009f8d8                fs_index_push
                0xffff00000009f8dc                compt_index_push
 .bss           0xffff00000009f8e0        0x0 build/proc_manager/irq_s.o
 .bss           0xffff00000009f8e0        0x0 build/proc_manager/sched_s.o
 .bss           0xffff00000009f8e0        0x0 build/memory_manager/mm_s.o
 .bss           0xffff00000009f8e0        0x0 build/kernel/entry_s.o
 .bss           0xffff00000009f8e0        0x0 build/kernel/boot_s.o
 .bss           0xffff00000009f8e0        0x0 build/device/utils_s.o
 .bss           0xffff00000009f8e0        0x0 build/app/user_sys_s.o
 COMMON         0xffff00000009f8e0     0x2030 build/file_system/fat_32_c.o
                0xffff00000009f8e0                sd_p
                0xffff00000009f910                partition
                0xffff00000009fad0                symbolic_fs_array
                0xffff0000000a12d0                task
                0xffff0000000a14d0                file_dir
                0xffff0000000a1700                dir
                0xffff0000000a1708                sched_type
                0xffff0000000a1710                fs_support
 COMMON         0xffff0000000a1910        0x8 build/file_system/fs_c.o
                0xffff0000000a1910                origin
 COMMON         0xffff0000000a1918       0x70 build/proc_manager/sched_c.o
                0xffff0000000a1918                prev_childregs
                0xffff0000000a1920                page_prev
                0xffff0000000a1928                prev_real_regs
                0xffff0000000a1930                page_prev_mm
                0xffff0000000a1940                page_next
                0xffff0000000a1948                next_real_regs
                0xffff0000000a1950                page_next_mm
                0xffff0000000a1960                prev_real
                0xffff0000000a1968                next_real
                0xffff0000000a1970                prev
                0xffff0000000a1978                init_page
                0xffff0000000a1980                next_childregs
 COMMON         0xffff0000000a1988       0x20 build/proc_manager/pm_deamon_c.o
                0xffff0000000a1988                rendezvous
 COMMON         0xffff0000000a19a8       0x50 build/kernel/kernel_c.o
                0xffff0000000a19a8                fat_addr
                0xffff0000000a19b0                fs_lock
                0xffff0000000a19d0                user_page_start
                0xffff0000000a19d8                mm_lock
 COMMON         0xffff0000000a19f8       0x30 build/device/SDCard_c.o
                0xffff0000000a19f8                sd_ocr
                0xffff0000000a1a00                sd_err
                0xffff0000000a1a08                sd_rca
                0xffff0000000a1a10                sd_scr
                0xffff0000000a1a20                sd_hv
 COMMON         0xffff0000000a1a28     0x1bf0 build/compt_manager/compt_c.o
                0xffff0000000a1a28                cfile
                0xffff0000000a2028                text_function
                0xffff0000000a2168                ksym
                0xffff0000000a3568                move_sec
                0xffff0000000a3610                compt_filename
                0xffff0000000a3618                bss_end = .
                0xffff0000000a4000                . = ALIGN (0x1000)
                0xffff0000000a4000                pg_dir = .

.data.pgd       0xffff0000000a4000     0x3000
                0xffff0000000a7000                . = (. + 0x3000)
 *fill*         0xffff0000000a4000     0x3000 
                0xffff0000000a7000                _end = .
LOAD build/file_system/fat_32_c.o
LOAD build/file_system/fs_deamon_c.o
LOAD build/file_system/fat_c.o
LOAD build/file_system/fat_16_c.o
LOAD build/file_system/fs_c.o
LOAD build/proc_manager/irq_c.o
LOAD build/proc_manager/sched_c.o
LOAD build/proc_manager/pm_deamon_c.o
LOAD build/proc_manager/timer_c.o
LOAD build/memory_manager/mm_c.o
LOAD build/proc_manager/thread/thread_exit_c.o
LOAD build/proc_manager/thread/thread_mutex_lock_c.o
LOAD build/proc_manager/thread/thread_cond_timewait_c.o
LOAD build/proc_manager/thread/thread_yield_c.o
LOAD build/proc_manager/thread/thread_self_c.o
LOAD build/proc_manager/thread/thread_cond_wait_c.o
LOAD build/proc_manager/thread/thread_mutex_unlock_c.o
LOAD build/proc_manager/thread/thread_cond_signal_c.o
LOAD build/proc_manager/thread/thread_mutex_trylock_c.o
LOAD build/proc_manager/thread/thread_create_c.o
LOAD build/proc_manager/thread/thread_join_c.o
LOAD build/proc_manager/thread/thread_mutex_init_c.o
LOAD build/kernel/printf_c.o
LOAD build/kernel/strcmp_c.o
LOAD build/kernel/sys_c.o
LOAD build/kernel/kernel_c.o
LOAD build/device/SDCard_c.o
LOAD build/device/mini_uart_c.o
LOAD build/device/delays_c.o
LOAD build/device/led_blink_c.o
LOAD build/device/sd_c.o
LOAD build/app/fflush_c.o
LOAD build/app/ls_dev_c.o
LOAD build/app/fclose_c.o
LOAD build/app/fopen_c.o
LOAD build/app/dump_c.o
LOAD build/app/fwrite_c.o
LOAD build/app/shmat_c.o
LOAD build/app/shmdt_c.o
LOAD build/app/ls_c.o
LOAD build/app/run_c.o
LOAD build/app/fork_c.o
LOAD build/app/shmrm_c.o
LOAD build/app/cd_c.o
LOAD build/app/fread_c.o
LOAD build/app/shmget_c.o
LOAD build/user_shell/terminal_c.o
LOAD build/compt_manager/compt_c.o
LOAD build/compt_manager/compt_daemon_c.o
LOAD build/ipc/ipc_c.o
LOAD build/proc_manager/irq_s.o
LOAD build/proc_manager/sched_s.o
LOAD build/memory_manager/mm_s.o
LOAD build/kernel/entry_s.o
LOAD build/kernel/boot_s.o
LOAD build/device/utils_s.o
LOAD build/app/user_sys_s.o
OUTPUT(kernel8.elf elf64-littleaarch64)

.comment        0x0000000000000000       0x3b
 .comment       0x0000000000000000       0x3b build/file_system/fat_32_c.o
                                         0x3c (size before relaxing)
 .comment       0x000000000000003b       0x3c build/file_system/fs_deamon_c.o
 .comment       0x000000000000003b       0x3c build/file_system/fat_c.o
 .comment       0x000000000000003b       0x3c build/file_system/fat_16_c.o
 .comment       0x000000000000003b       0x3c build/file_system/fs_c.o
 .comment       0x000000000000003b       0x3c build/proc_manager/irq_c.o
 .comment       0x000000000000003b       0x3c build/proc_manager/sched_c.o
 .comment       0x000000000000003b       0x3c build/proc_manager/pm_deamon_c.o
 .comment       0x000000000000003b       0x3c build/proc_manager/timer_c.o
 .comment       0x000000000000003b       0x3c build/memory_manager/mm_c.o
 .comment       0x000000000000003b       0x3c build/proc_manager/thread/thread_exit_c.o
 .comment       0x000000000000003b       0x3c build/proc_manager/thread/thread_mutex_lock_c.o
 .comment       0x000000000000003b       0x3c build/proc_manager/thread/thread_cond_timewait_c.o
 .comment       0x000000000000003b       0x3c build/proc_manager/thread/thread_yield_c.o
 .comment       0x000000000000003b       0x3c build/proc_manager/thread/thread_self_c.o
 .comment       0x000000000000003b       0x3c build/proc_manager/thread/thread_cond_wait_c.o
 .comment       0x000000000000003b       0x3c build/proc_manager/thread/thread_mutex_unlock_c.o
 .comment       0x000000000000003b       0x3c build/proc_manager/thread/thread_cond_signal_c.o
 .comment       0x000000000000003b       0x3c build/proc_manager/thread/thread_mutex_trylock_c.o
 .comment       0x000000000000003b       0x3c build/proc_manager/thread/thread_create_c.o
 .comment       0x000000000000003b       0x3c build/proc_manager/thread/thread_join_c.o
 .comment       0x000000000000003b       0x3c build/proc_manager/thread/thread_mutex_init_c.o
 .comment       0x000000000000003b       0x3c build/kernel/printf_c.o
 .comment       0x000000000000003b       0x3c build/kernel/strcmp_c.o
 .comment       0x000000000000003b       0x3c build/kernel/sys_c.o
 .comment       0x000000000000003b       0x3c build/kernel/kernel_c.o
 .comment       0x000000000000003b       0x3c build/device/SDCard_c.o
 .comment       0x000000000000003b       0x3c build/device/mini_uart_c.o
 .comment       0x000000000000003b       0x3c build/device/delays_c.o
 .comment       0x000000000000003b       0x3c build/device/led_blink_c.o
 .comment       0x000000000000003b       0x3c build/device/sd_c.o
 .comment       0x000000000000003b       0x3c build/app/fflush_c.o
 .comment       0x000000000000003b       0x3c build/app/ls_dev_c.o
 .comment       0x000000000000003b       0x3c build/app/fclose_c.o
 .comment       0x000000000000003b       0x3c build/app/fopen_c.o
 .comment       0x000000000000003b       0x3c build/app/dump_c.o
 .comment       0x000000000000003b       0x3c build/app/fwrite_c.o
 .comment       0x000000000000003b       0x3c build/app/shmat_c.o
 .comment       0x000000000000003b       0x3c build/app/shmdt_c.o
 .comment       0x000000000000003b       0x3c build/app/ls_c.o
 .comment       0x000000000000003b       0x3c build/app/run_c.o
 .comment       0x000000000000003b       0x3c build/app/fork_c.o
 .comment       0x000000000000003b       0x3c build/app/shmrm_c.o
 .comment       0x000000000000003b       0x3c build/app/cd_c.o
 .comment       0x000000000000003b       0x3c build/app/fread_c.o
 .comment       0x000000000000003b       0x3c build/app/shmget_c.o
 .comment       0x000000000000003b       0x3c build/user_shell/terminal_c.o
 .comment       0x000000000000003b       0x3c build/compt_manager/compt_c.o
 .comment       0x000000000000003b       0x3c build/compt_manager/compt_daemon_c.o
 .comment       0x000000000000003b       0x3c build/ipc/ipc_c.o

.note.GNU-stack
                0x0000000000000000        0x0
 .note.GNU-stack
                0x0000000000000000        0x0 build/file_system/fat_32_c.o
 .note.GNU-stack
                0x0000000000000000        0x0 build/file_system/fs_deamon_c.o
 .note.GNU-stack
                0x0000000000000000        0x0 build/file_system/fat_c.o
 .note.GNU-stack
                0x0000000000000000        0x0 build/file_system/fat_16_c.o
 .note.GNU-stack
                0x0000000000000000        0x0 build/file_system/fs_c.o
 .note.GNU-stack
                0x0000000000000000        0x0 build/proc_manager/irq_c.o
 .note.GNU-stack
                0x0000000000000000        0x0 build/proc_manager/sched_c.o
 .note.GNU-stack
                0x0000000000000000        0x0 build/proc_manager/pm_deamon_c.o
 .note.GNU-stack
                0x0000000000000000        0x0 build/proc_manager/timer_c.o
 .note.GNU-stack
                0x0000000000000000        0x0 build/memory_manager/mm_c.o
 .note.GNU-stack
                0x0000000000000000        0x0 build/proc_manager/thread/thread_exit_c.o
 .note.GNU-stack
                0x0000000000000000        0x0 build/proc_manager/thread/thread_mutex_lock_c.o
 .note.GNU-stack
                0x0000000000000000        0x0 build/proc_manager/thread/thread_cond_timewait_c.o
 .note.GNU-stack
                0x0000000000000000        0x0 build/proc_manager/thread/thread_yield_c.o
 .note.GNU-stack
                0x0000000000000000        0x0 build/proc_manager/thread/thread_self_c.o
 .note.GNU-stack
                0x0000000000000000        0x0 build/proc_manager/thread/thread_cond_wait_c.o
 .note.GNU-stack
                0x0000000000000000        0x0 build/proc_manager/thread/thread_mutex_unlock_c.o
 .note.GNU-stack
                0x0000000000000000        0x0 build/proc_manager/thread/thread_cond_signal_c.o
 .note.GNU-stack
                0x0000000000000000        0x0 build/proc_manager/thread/thread_mutex_trylock_c.o
 .note.GNU-stack
                0x0000000000000000        0x0 build/proc_manager/thread/thread_create_c.o
 .note.GNU-stack
                0x0000000000000000        0x0 build/proc_manager/thread/thread_join_c.o
 .note.GNU-stack
                0x0000000000000000        0x0 build/proc_manager/thread/thread_mutex_init_c.o
 .note.GNU-stack
                0x0000000000000000        0x0 build/kernel/printf_c.o
 .note.GNU-stack
                0x0000000000000000        0x0 build/kernel/strcmp_c.o
 .note.GNU-stack
                0x0000000000000000        0x0 build/kernel/sys_c.o
 .note.GNU-stack
                0x0000000000000000        0x0 build/kernel/kernel_c.o
 .note.GNU-stack
                0x0000000000000000        0x0 build/device/SDCard_c.o
 .note.GNU-stack
                0x0000000000000000        0x0 build/device/mini_uart_c.o
 .note.GNU-stack
                0x0000000000000000        0x0 build/device/delays_c.o
 .note.GNU-stack
                0x0000000000000000        0x0 build/device/led_blink_c.o
 .note.GNU-stack
                0x0000000000000000        0x0 build/device/sd_c.o
 .note.GNU-stack
                0x0000000000000000        0x0 build/app/fflush_c.o
 .note.GNU-stack
                0x0000000000000000        0x0 build/app/ls_dev_c.o
 .note.GNU-stack
                0x0000000000000000        0x0 build/app/fclose_c.o
 .note.GNU-stack
                0x0000000000000000        0x0 build/app/fopen_c.o
 .note.GNU-stack
                0x0000000000000000        0x0 build/app/dump_c.o
 .note.GNU-stack
                0x0000000000000000        0x0 build/app/fwrite_c.o
 .note.GNU-stack
                0x0000000000000000        0x0 build/app/shmat_c.o
 .note.GNU-stack
                0x0000000000000000        0x0 build/app/shmdt_c.o
 .note.GNU-stack
                0x0000000000000000        0x0 build/app/ls_c.o
 .note.GNU-stack
                0x0000000000000000        0x0 build/app/run_c.o
 .note.GNU-stack
                0x0000000000000000        0x0 build/app/fork_c.o
 .note.GNU-stack
                0x0000000000000000        0x0 build/app/shmrm_c.o
 .note.GNU-stack
                0x0000000000000000        0x0 build/app/cd_c.o
 .note.GNU-stack
                0x0000000000000000        0x0 build/app/fread_c.o
 .note.GNU-stack
                0x0000000000000000        0x0 build/app/shmget_c.o
 .note.GNU-stack
                0x0000000000000000        0x0 build/user_shell/terminal_c.o
 .note.GNU-stack
                0x0000000000000000        0x0 build/compt_manager/compt_c.o
 .note.GNU-stack
                0x0000000000000000        0x0 build/compt_manager/compt_daemon_c.o
 .note.GNU-stack
                0x0000000000000000        0x0 build/ipc/ipc_c.o
