
Allocating common symbols
Common symbol       size              file

prev_childregs      0x8               build/proc_manager/sched_c.o
cfile               0x300             build/file_system/fs_c.o
text_function       0x140             build/file_system/fs_c.o
map_array           0x1000            build/file_system/fs_c.o
origin              0x8               build/file_system/fs_c.o
page_prev           0x8               build/proc_manager/sched_c.o
fat_addr            0x4               build/kernel/kernel_c.o
user_page_start     0x8               build/kernel/kernel_c.o
prev_real_regs      0x8               build/proc_manager/sched_c.o
ksym                0xa00             build/file_system/fs_c.o
page_next           0x8               build/proc_manager/sched_c.o
next_real_regs      0x8               build/proc_manager/sched_c.o
sd_ocr              0x8               build/device/SDCard_c.o
move_sec            0xa8              build/file_system/fs_c.o
compt_filename      0x8               build/file_system/fs_c.o
sd_err              0x8               build/device/SDCard_c.o
user_ipc_mail       0x600             build/proc_manager/pm_deamon_c.o
prev_real           0x8               build/proc_manager/sched_c.o
sd_rca              0x8               build/device/SDCard_c.o
next_real           0x8               build/proc_manager/sched_c.o
sd_scr              0x10              build/device/SDCard_c.o
task                0x200             build/file_system/fs_deamon_c.o
prev                0x8               build/proc_manager/sched_c.o
file_dir            0x320             build/file_system/fs_c.o
dir                 0x8               build/file_system/fat_32_c.o
init_page           0x8               build/proc_manager/sched_c.o
next_childregs      0x8               build/proc_manager/sched_c.o
sd_hv               0x8               build/device/SDCard_c.o

Memory Configuration

Name             Origin             Length             Attributes
*default*        0x0000000000000000 0xffffffffffffffff

Linker script and memory map

                0xffff000000000000                . = 0xffff000000000000

.text.boot      0xffff000000000000      0x1d0
 *(.text.boot)
 .text.boot     0xffff000000000000      0x1d0 build/kernel/boot_s.o
                0xffff000000000000                _start
                0xffff000000000018                enable_cache
                0xffff000000001000                . = ALIGN (0x1000)
                0xffff000000001000                user_begin = .

.text.user      0xffff000000001000      0xadc
 build/user*(.text)
 .text          0xffff000000001000      0x984 build/user_shell/terminal_c.o
                0xffff000000001000                shell_user_process
                0xffff00000000195c                invalid
 .text.user     0xffff000000001984      0x158 build/app/user_sys_s.o
                0xffff000000001984                user_delay
                0xffff000000001990                call_sys_write
                0xffff00000000199c                call_sys_exit
                0xffff0000000019a8                call_sys_fork
                0xffff0000000019b4                call_sys_led
                0xffff0000000019c0                call_sys_read
                0xffff0000000019cc                thread_create
                0xffff0000000019d8                thread_self
                0xffff0000000019e4                thread_join
                0xffff0000000019f0                thread_cond_signal
                0xffff0000000019fc                call_sys_list
                0xffff000000001a08                call_sys_cd
                0xffff000000001a14                call_sys_dump
                0xffff000000001a20                call_sys_root
                0xffff000000001a2c                call_sys_run
                0xffff000000001a38                call_sys_com
                0xffff000000001a44                call_sys_send
                0xffff000000001a50                call_sys_recv
                0xffff000000001a5c                thread_mutex_trylock
                0xffff000000001a68                thread_mutex_lock
                0xffff000000001a74                thread_mutex_unlock
                0xffff000000001a80                call_sys_allocate_page
                0xffff000000001a8c                call_sys_free_page
                0xffff000000001a98                call_sys_rmcom
                0xffff000000001aa4                call_sys_lsdev
                0xffff000000001ab0                call_sys_lscom
                0xffff000000001abc                thread_equal
                0xffff000000001ad4                sp_info

.rodata.user    0xffff000000001ae0       0xab
 build/user*(.rodata)
 .rodata        0xffff000000001ae0       0xab build/user_shell/terminal_c.o

.data.user      0xffff000000001b90       0x14
 build/user*(.data)
 .data          0xffff000000001b90       0x14 build/user_shell/terminal_c.o
                0xffff000000001b90                directory

.bss.user       0xffff000000001ba4        0x4
 build/user*(.bss)
 .bss           0xffff000000001ba4        0x4 build/user_shell/terminal_c.o
                0xffff000000001ba8                user_end = .

.text           0xffff000000002000     0xd9ec
 *(.text)
 .text          0xffff000000002000      0x738 build/file_system/fat_32_c.o
                0xffff000000002000                fat_getpartition
                0xffff0000000022f4                fat_getcluster
                0xffff00000000249c                fat_readfile
                0xffff00000000270c                fat_listdirectory
 .text          0xffff000000002738       0xbc build/file_system/fs_deamon_c.o
                0xffff000000002738                fs_daemon
 .text          0xffff0000000027f4      0x694 build/file_system/fat_16_c.o
                0xffff0000000027f4                fat_getpartition_16
                0xffff0000000029d0                fat_getcluster_16
                0xffff000000002b60                fat_readfile_16
                0xffff000000002da4                fat_listdirectory_16
 .text          0xffff000000002e88     0x270c build/file_system/fs_c.o
                0xffff000000002e88                build_root
                0xffff000000002ea8                search_file
                0xffff00000000305c                list
                0xffff0000000032d4                dump
                0xffff0000000035fc                cd
                0xffff000000003678                cd_root
                0xffff0000000036c8                run_file
                0xffff0000000038ac                compt_file
                0xffff000000003e80                rm_compt_file
                0xffff0000000040c4                unreg_compt
                0xffff00000000417c                strlength
                0xffff0000000041bc                reg_compt
                0xffff0000000043a0                get_ndx
                0xffff0000000043b8                use_compt_func
                0xffff0000000045b0                get_strname
                0xffff0000000045c8                relocate
                0xffff000000004abc                find_sec_addr
                0xffff000000004d1c                check_file_format
                0xffff000000004e48                string_table
                0xffff000000004e88                get_string
                0xffff000000005394                read_ksymbol
 .text          0xffff000000005594       0xd0 build/proc_manager/irq_c.o
                0xffff000000005594                enable_interrupt_controller
                0xffff0000000055bc                show_invalid_entry_message
                0xffff000000005624                handle_irq
 .text          0xffff000000005664      0x554 build/proc_manager/sched_c.o
                0xffff000000005664                preempt_disable
                0xffff000000005698                preempt_enable
                0xffff0000000056cc                _schedule
                0xffff000000005928                schedule
                0xffff000000005954                switch_to
                0xffff000000005acc                schedule_tail
                0xffff000000005ae4                timer_tick
                0xffff000000005b70                timer3_tick
                0xffff000000005b78                exit_process
 .text          0xffff000000005bb8      0x7e4 build/proc_manager/pm_deamon_c.o
                0xffff000000005bb8                pm_daemon
                0xffff0000000060d8                reply
                0xffff000000006100                accept_reply
                0xffff000000006144                recieve_msg
                0xffff00000000623c                send_msg
 .text          0xffff00000000639c      0x1cc build/proc_manager/timer_c.o
                0xffff00000000639c                timer_init
                0xffff000000006414                handle_timer_irq
                0xffff000000006484                get_system_timer
                0xffff00000000651c                wait_msec_st
 .text          0xffff000000006568      0x6b4 build/memory_manager/mm_c.o
                0xffff000000006568                allocate_kernel_page
                0xffff0000000065a0                allocate_pcb_space
                0xffff000000006664                allocate_user_page
                0xffff0000000066b4                get_free_page
                0xffff00000000674c                free_page
                0xffff000000006780                map_table_entry
                0xffff0000000067dc                map_table
                0xffff000000006898                map_page
                0xffff000000006acc                copy_virt_memory
                0xffff000000006b88                do_mem_abort
 .text          0xffff000000006c1c       0x74 build/proc_manager/thread/thread_exit_c.o
                0xffff000000006c1c                _thread_exit
 .text          0xffff000000006c90       0xe8 build/proc_manager/thread/thread_mutex_lock_c.o
                0xffff000000006c90                _thread_mutex_lock
                0xffff000000006d24                thread_enqueue
 .text          0xffff000000006d78       0x2c build/proc_manager/thread/thread_cond_timewait_c.o
                0xffff000000006d78                thread_cond_timewait
 .text          0xffff000000006da4       0x18 build/proc_manager/thread/thread_yield_c.o
                0xffff000000006da4                thread_yield
 .text          0xffff000000006dbc       0x14 build/proc_manager/thread/thread_self_c.o
                0xffff000000006dbc                thread_id_self
 .text          0xffff000000006dd0       0x94 build/proc_manager/thread/thread_cond_wait_c.o
                0xffff000000006dd0                thread_cond_wait
                0xffff000000006df8                thread_cond_timedwait_internal
                0xffff000000006e34                thread_block
 .text          0xffff000000006e64       0xbc build/proc_manager/thread/thread_mutex_unlock_c.o
                0xffff000000006e64                _thread_mutex_unlock
                0xffff000000006eac                thread_dequeue
 .text          0xffff000000006f20       0x34 build/proc_manager/thread/thread_cond_signal_c.o
                0xffff000000006f20                _thread_cond_signal
 .text          0xffff000000006f54       0x28 build/proc_manager/thread/thread_mutex_trylock_c.o
                0xffff000000006f54                _thread_mutex_trylock
 .text          0xffff000000006f7c      0x394 build/proc_manager/thread/thread_create_c.o
                0xffff000000006f7c                thread_end
                0xffff000000006f9c                error
                0xffff000000006fcc                _thread_create
 .text          0xffff000000007310       0xe4 build/proc_manager/thread/thread_join_c.o
                0xffff000000007310                _thread_join
 .text          0xffff0000000073f4      0x9b8 build/kernel/printf_c.o
                0xffff000000007780                tfp_format
                0xffff000000007bc8                init_printf
                0xffff000000007c00                tfp_printf
                0xffff000000007cd4                tfp_sprintf
                0xffff000000007d6c                asm_print
 .text          0xffff000000007dac       0x38 build/kernel/kernel_mod_ipc_test_c.o
                0xffff000000007dac                ipc_test
 .text          0xffff000000007de4      0x488 build/kernel/sys_c.o
                0xffff000000007de4                kservice_uart_write
                0xffff000000007e04                kservice_fork
                0xffff000000007e28                kservice_exit
                0xffff000000007e48                kservice_led_blink
                0xffff000000007e50                kservice_uart_read
                0xffff000000007e68                kservice_create_thread
                0xffff000000007e9c                kservice_thread_self
                0xffff000000007eb0                kservice_thread_join
                0xffff000000007ed8                kservice_thread_exit
                0xffff000000007eec                kservice_thread_signal
                0xffff000000007f0c                kservice_list_file
                0xffff000000007f24                kservice_cd_folder
                0xffff000000007f44                kservice_dump_file
                0xffff000000007f64                kservice_root_file
                0xffff000000007f80                kservice_run_file
                0xffff000000007fa0                kservice_send_msg
                0xffff0000000080b8                kservice_recieve_msg
                0xffff0000000080f0                kservice_mutex_trylock
                0xffff000000008110                kservice_mutex_lock
                0xffff000000008130                kservice_mutex_unlock
                0xffff000000008150                kservice_com_file
                0xffff000000008170                kservice_allocate_upage
                0xffff000000008198                kservice_free_page
                0xffff0000000081b8                kservice_rm_compt
                0xffff0000000081d8                kservice_allocate_kpage
                0xffff0000000081ec                kservice_schedule
                0xffff000000008204                kservice_reg_compt
                0xffff000000008220                kservice_unreg_compt
                0xffff00000000823c                kservice_ls_dev
                0xffff000000008254                kservice_ls_compt
 .text          0xffff00000000826c      0x234 build/kernel/kernel_c.o
                0xffff00000000826c                kernel_process
                0xffff0000000082dc                mod_process
                0xffff000000008320                kernel_main
 .text          0xffff0000000084a0     0x50c8 build/device/SDCard_c.o
                0xffff0000000084a0                strchr
                0xffff000000008518                toupper
                0xffff000000008550                wctob
                0xffff00000000a13c                sdTransferBlocks
                0xffff00000000a6c4                sdClearBlocks
                0xffff00000000a8cc                getSetNextCluster
                0xffff00000000ae3c                WildcardMatch
                0xffff00000000b6c4                sdFindFirstFile
                0xffff00000000bb54                sdFindNextFile
                0xffff00000000bc78                sdFindClose
                0xffff00000000bd04                sdCreateFile
                0xffff00000000c2c8                sdReadFile
                0xffff00000000c8e0                sdCloseHandle
                0xffff00000000c96c                sdSetFilePointer
                0xffff00000000d0e0                sdGetFileSize
                0xffff00000000d16c                sdInitCard
                0xffff00000000d540                sdCardCSD
 .text          0xffff00000000d568      0x3ec build/device/mini_uart_c.o
                0xffff00000000d568                uart_send
                0xffff00000000d5bc                uart_recv
                0xffff00000000d604                uart_send_string
                0xffff00000000d65c                uart_init
                0xffff00000000d7a0                uart_puts
                0xffff00000000d7f8                uart_hex
                0xffff00000000d878                putc
                0xffff00000000d89c                pr_int
 .text          0xffff00000000d954       0xb4 build/device/delays_c.o
                0xffff00000000d954                wait_cycles
                0xffff00000000d990                wait_msec
 .text          0xffff00000000da08        0x0 build/device/led_blink_c.o
 .text          0xffff00000000da08      0x7d4 build/device/sd_c.o
                0xffff00000000da08                sd_status
                0xffff00000000dac8                sd_int
                0xffff00000000dbe4                sd_cmd
                0xffff00000000df20                sd_readblock
 .text          0xffff00000000e1dc      0x49c build/app/fork_c.o
                0xffff00000000e1dc                copy_process
                0xffff00000000e5a0                move_to_user_mode
                0xffff00000000e658                task_pt_regs
 .text          0xffff00000000e678       0x1c build/proc_manager/irq_s.o
                0xffff00000000e678                irq_vector_init
                0xffff00000000e684                enable_irq
                0xffff00000000e68c                disable_irq
 .text          0xffff00000000e694       0x50 build/proc_manager/sched_s.o
                0xffff00000000e694                cpu_switch_to
 .text          0xffff00000000e6e4       0x4c build/memory_manager/mm_s.o
                0xffff00000000e6e4                memcpy
                0xffff00000000e6f8                memcmp
                0xffff00000000e720                memzero
 *fill*         0xffff00000000e730       0xd0 
 .text          0xffff00000000e800     0x1138 build/kernel/entry_s.o
                0xffff00000000e800                vectors
                0xffff00000000f8c4                ret_from_fork
                0xffff00000000f934                err_hang
 .text          0xffff00000000f938        0x0 build/kernel/boot_s.o
 .text          0xffff00000000f938       0xb4 build/device/utils_s.o
                0xffff00000000f938                get_el
                0xffff00000000f944                put32
                0xffff00000000f94c                get32
                0xffff00000000f954                delay
                0xffff00000000f960                set_pgd
                0xffff00000000f974                get_pgd
                0xffff00000000f998                try_lock
                0xffff00000000f9b8                unlock
                0xffff00000000f9d4                error_unlock
                0xffff00000000f9dc                bl_init
 .text          0xffff00000000f9ec        0x0 build/app/user_sys_s.o

.iplt           0xffff00000000f9ec        0x0
 .iplt          0xffff00000000f9ec        0x0 build/file_system/fat_32_c.o

.rodata         0xffff00000000f9f0      0xf0b
 *(.rodata)
 .rodata        0xffff00000000f9f0      0x11e build/file_system/fat_32_c.o
 *fill*         0xffff00000000fb0e        0x2 
 .rodata        0xffff00000000fb10       0x54 build/file_system/fs_deamon_c.o
 *fill*         0xffff00000000fb64        0x4 
 .rodata        0xffff00000000fb68       0xb6 build/file_system/fat_16_c.o
 *fill*         0xffff00000000fc1e        0x2 
 .rodata        0xffff00000000fc20      0x32d build/file_system/fs_c.o
 *fill*         0xffff00000000ff4d        0x3 
 .rodata        0xffff00000000ff50      0x1d5 build/proc_manager/irq_c.o
 *fill*         0xffff000000010125        0x3 
 .rodata        0xffff000000010128       0xa6 build/proc_manager/pm_deamon_c.o
 *fill*         0xffff0000000101ce        0x2 
 .rodata        0xffff0000000101d0        0x4 build/proc_manager/timer_c.o
                0xffff0000000101d0                interval
 *fill*         0xffff0000000101d4        0x4 
 .rodata        0xffff0000000101d8        0x3 build/memory_manager/mm_c.o
 *fill*         0xffff0000000101db        0x5 
 .rodata        0xffff0000000101e0        0x6 build/proc_manager/thread/thread_create_c.o
 *fill*         0xffff0000000101e6        0x2 
 .rodata        0xffff0000000101e8        0xf build/proc_manager/thread/thread_join_c.o
 *fill*         0xffff0000000101f7        0x1 
 .rodata        0xffff0000000101f8       0x1d build/kernel/printf_c.o
 *fill*         0xffff000000010215        0x3 
 .rodata        0xffff000000010218       0x51 build/kernel/kernel_mod_ipc_test_c.o
 *fill*         0xffff000000010269        0x7 
 .rodata        0xffff000000010270       0xf0 build/kernel/sys_c.o
                0xffff000000010270                sys_call_table
 .rodata        0xffff000000010360       0x96 build/kernel/kernel_c.o
 *fill*         0xffff0000000103f6        0x2 
 .rodata        0xffff0000000103f8      0x453 build/device/SDCard_c.o
 *fill*         0xffff00000001084b        0x5 
 .rodata        0xffff000000010850       0x93 build/device/sd_c.o
 *fill*         0xffff0000000108e3        0x5 
 .rodata        0xffff0000000108e8       0x13 build/app/fork_c.o

.rela.dyn       0xffff000000010900        0x0
 .rela.iplt     0xffff000000010900        0x0 build/file_system/fat_32_c.o

.data           0xffff000000010900      0x7a0
 *(.data)
 .data          0xffff000000010900        0x0 build/file_system/fat_32_c.o
 .data          0xffff000000010900        0x0 build/file_system/fs_deamon_c.o
 .data          0xffff000000010900        0x0 build/file_system/fat_16_c.o
 .data          0xffff000000010900        0x4 build/file_system/fs_c.o
                0xffff000000010900                ksym_index
 *fill*         0xffff000000010904        0x4 
 .data          0xffff000000010908       0x90 build/proc_manager/irq_c.o
                0xffff000000010908                entry_error_messages
 .data          0xffff000000010998      0x330 build/proc_manager/sched_c.o
                0xffff000000010998                init_priority
                0xffff0000000109a0                init_task_0
                0xffff000000010b20                init_task_1
                0xffff000000010ca0                current
                0xffff000000010ca8                task_prio_table
                0xffff000000010cb8                head
 .data          0xffff000000010cc8        0x0 build/proc_manager/pm_deamon_c.o
 .data          0xffff000000010cc8        0x0 build/proc_manager/timer_c.o
 .data          0xffff000000010cc8        0x4 build/memory_manager/mm_c.o
 .data          0xffff000000010ccc        0x0 build/proc_manager/thread/thread_exit_c.o
 .data          0xffff000000010ccc        0x0 build/proc_manager/thread/thread_mutex_lock_c.o
 .data          0xffff000000010ccc        0x0 build/proc_manager/thread/thread_cond_timewait_c.o
 .data          0xffff000000010ccc        0x0 build/proc_manager/thread/thread_yield_c.o
 .data          0xffff000000010ccc        0x0 build/proc_manager/thread/thread_self_c.o
 .data          0xffff000000010ccc        0x0 build/proc_manager/thread/thread_cond_wait_c.o
 .data          0xffff000000010ccc        0x0 build/proc_manager/thread/thread_mutex_unlock_c.o
 .data          0xffff000000010ccc        0x0 build/proc_manager/thread/thread_cond_signal_c.o
 .data          0xffff000000010ccc        0x0 build/proc_manager/thread/thread_mutex_trylock_c.o
 .data          0xffff000000010ccc        0x0 build/proc_manager/thread/thread_create_c.o
 .data          0xffff000000010ccc        0x0 build/proc_manager/thread/thread_join_c.o
 .data          0xffff000000010ccc        0x0 build/kernel/printf_c.o
 .data          0xffff000000010ccc        0x0 build/kernel/kernel_mod_ipc_test_c.o
 .data          0xffff000000010ccc        0x0 build/kernel/sys_c.o
 .data          0xffff000000010ccc        0x0 build/kernel/kernel_c.o
 *fill*         0xffff000000010ccc        0x4 
 .data          0xffff000000010cd0      0x3d0 build/device/SDCard_c.o
 .data          0xffff0000000110a0        0x0 build/device/mini_uart_c.o
 .data          0xffff0000000110a0        0x0 build/device/delays_c.o
 .data          0xffff0000000110a0        0x0 build/device/led_blink_c.o
 .data          0xffff0000000110a0        0x0 build/device/sd_c.o
 .data          0xffff0000000110a0        0x0 build/app/fork_c.o
 .data          0xffff0000000110a0        0x0 build/proc_manager/irq_s.o
 .data          0xffff0000000110a0        0x0 build/proc_manager/sched_s.o
 .data          0xffff0000000110a0        0x0 build/memory_manager/mm_s.o
 .data          0xffff0000000110a0        0x0 build/kernel/entry_s.o
 .data          0xffff0000000110a0        0x0 build/kernel/boot_s.o
 .data          0xffff0000000110a0        0x0 build/device/utils_s.o
 .data          0xffff0000000110a0        0x0 build/app/user_sys_s.o

.igot.plt       0xffff0000000110a0        0x0
 .igot.plt      0xffff0000000110a0        0x0 build/file_system/fat_32_c.o
                0xffff0000000110a0                . = ALIGN (0x8)
                0xffff0000000110a0                bss_begin = .

.bss            0xffff0000000110a0    0x8b210
 *(.bss*)
 .bss           0xffff0000000110a0       0x18 build/file_system/fat_32_c.o
                0xffff0000000110a0                sect
 .bss           0xffff0000000110b8      0x104 build/file_system/fs_deamon_c.o
                0xffff0000000110b8                fs_mail
 .bss           0xffff0000000111bc        0x4 build/file_system/fat_16_c.o
 .bss           0xffff0000000111c0       0x14 build/file_system/fs_c.o
                0xffff0000000111c0                opera_addr
                0xffff0000000111c4                rmcom_addr
                0xffff0000000111c8                comp_start
                0xffff0000000111d0                map_index
 .bss           0xffff0000000111d4        0x0 build/proc_manager/irq_c.o
 *fill*         0xffff0000000111d4        0x4 
 .bss           0xffff0000000111d8      0x230 build/proc_manager/sched_c.o
                0xffff0000000111d8                init_cpu
                0xffff000000011240                init_state
                0xffff000000011248                init_counter
                0xffff000000011250                init_preempt_count
                0xffff000000011258                init_flags
                0xffff000000011260                init_mm
                0xffff0000000113f8                nr_tasks
                0xffff0000000113fc                next
 .bss           0xffff000000011408      0x628 build/proc_manager/pm_deamon_c.o
                0xffff000000011408                ipc_index_pop
 .bss           0xffff000000011a30        0x4 build/proc_manager/timer_c.o
                0xffff000000011a30                curVal
 *fill*         0xffff000000011a34        0x4 
 .bss           0xffff000000011a38    0x7d808 build/memory_manager/mm_c.o
 .bss           0xffff00000008f240        0x0 build/proc_manager/thread/thread_exit_c.o
 .bss           0xffff00000008f240        0x0 build/proc_manager/thread/thread_mutex_lock_c.o
 .bss           0xffff00000008f240        0x0 build/proc_manager/thread/thread_cond_timewait_c.o
 .bss           0xffff00000008f240        0x0 build/proc_manager/thread/thread_yield_c.o
 .bss           0xffff00000008f240        0x0 build/proc_manager/thread/thread_self_c.o
 .bss           0xffff00000008f240        0x0 build/proc_manager/thread/thread_cond_wait_c.o
 .bss           0xffff00000008f240        0x0 build/proc_manager/thread/thread_mutex_unlock_c.o
 .bss           0xffff00000008f240        0x0 build/proc_manager/thread/thread_cond_signal_c.o
 .bss           0xffff00000008f240        0x0 build/proc_manager/thread/thread_mutex_trylock_c.o
 .bss           0xffff00000008f240        0x0 build/proc_manager/thread/thread_create_c.o
 .bss           0xffff00000008f240        0x0 build/proc_manager/thread/thread_join_c.o
 .bss           0xffff00000008f240       0x10 build/kernel/printf_c.o
 .bss           0xffff00000008f250        0x0 build/kernel/kernel_mod_ipc_test_c.o
 .bss           0xffff00000008f250        0x4 build/kernel/sys_c.o
                0xffff00000008f250                ipc_index_push
 .bss           0xffff00000008f254        0x0 build/kernel/kernel_c.o
 *fill*         0xffff00000008f254        0x4 
 .bss           0xffff00000008f258     0x25a0 build/device/SDCard_c.o
                0xffff00000008f258                LOG_ERROR
 .bss           0xffff0000000917f8        0x0 build/device/mini_uart_c.o
 .bss           0xffff0000000917f8        0x0 build/device/delays_c.o
 .bss           0xffff0000000917f8        0x0 build/device/led_blink_c.o
 .bss           0xffff0000000917f8        0x0 build/device/sd_c.o
 .bss           0xffff0000000917f8     0x8008 build/app/fork_c.o
                0xffff0000000917f8                tid
                0xffff000000091800                thread_id_table
 .bss           0xffff000000099800        0x0 build/proc_manager/irq_s.o
 .bss           0xffff000000099800        0x0 build/proc_manager/sched_s.o
 .bss           0xffff000000099800        0x0 build/memory_manager/mm_s.o
 .bss           0xffff000000099800        0x0 build/kernel/entry_s.o
 .bss           0xffff000000099800        0x0 build/kernel/boot_s.o
 .bss           0xffff000000099800        0x0 build/device/utils_s.o
 .bss           0xffff000000099800        0x0 build/app/user_sys_s.o
 COMMON         0xffff000000099800        0x8 build/file_system/fat_32_c.o
                0xffff000000099800                dir
 COMMON         0xffff000000099808      0x200 build/file_system/fs_deamon_c.o
                0xffff000000099808                task
 COMMON         0xffff000000099a08     0x2218 build/file_system/fs_c.o
                0xffff000000099a08                cfile
                0xffff000000099d08                text_function
                0xffff000000099e48                map_array
                0xffff00000009ae48                origin
                0xffff00000009ae50                ksym
                0xffff00000009b850                move_sec
                0xffff00000009b8f8                compt_filename
                0xffff00000009b900                file_dir
 COMMON         0xffff00000009bc20       0x50 build/proc_manager/sched_c.o
                0xffff00000009bc20                prev_childregs
                0xffff00000009bc28                page_prev
                0xffff00000009bc30                prev_real_regs
                0xffff00000009bc38                page_next
                0xffff00000009bc40                next_real_regs
                0xffff00000009bc48                prev_real
                0xffff00000009bc50                next_real
                0xffff00000009bc58                prev
                0xffff00000009bc60                init_page
                0xffff00000009bc68                next_childregs
 COMMON         0xffff00000009bc70      0x600 build/proc_manager/pm_deamon_c.o
                0xffff00000009bc70                user_ipc_mail
 COMMON         0xffff00000009c270       0x10 build/kernel/kernel_c.o
                0xffff00000009c270                fat_addr
                0xffff00000009c278                user_page_start
 COMMON         0xffff00000009c280       0x30 build/device/SDCard_c.o
                0xffff00000009c280                sd_ocr
                0xffff00000009c288                sd_err
                0xffff00000009c290                sd_rca
                0xffff00000009c298                sd_scr
                0xffff00000009c2a8                sd_hv
                0xffff00000009c2b0                bss_end = .
                0xffff00000009d000                . = ALIGN (0x1000)
                0xffff00000009d000                pg_dir = .

.data.pgd       0xffff00000009d000     0x3000
                0xffff0000000a0000                . = (. + 0x3000)
 *fill*         0xffff00000009d000     0x3000 
                0xffff0000000a0000                _end = .
LOAD build/file_system/fat_32_c.o
LOAD build/file_system/fs_deamon_c.o
LOAD build/file_system/fat_16_c.o
LOAD build/file_system/fs_c.o
LOAD build/proc_manager/irq_c.o
LOAD build/proc_manager/sched_c.o
LOAD build/proc_manager/pm_deamon_c.o
LOAD build/proc_manager/timer_c.o
LOAD build/memory_manager/mm_c.o
LOAD build/proc_manager/thread/thread_exit_c.o
LOAD build/proc_manager/thread/thread_mutex_lock_c.o
LOAD build/proc_manager/thread/thread_cond_timewait_c.o
LOAD build/proc_manager/thread/thread_yield_c.o
LOAD build/proc_manager/thread/thread_self_c.o
LOAD build/proc_manager/thread/thread_cond_wait_c.o
LOAD build/proc_manager/thread/thread_mutex_unlock_c.o
LOAD build/proc_manager/thread/thread_cond_signal_c.o
LOAD build/proc_manager/thread/thread_mutex_trylock_c.o
LOAD build/proc_manager/thread/thread_create_c.o
LOAD build/proc_manager/thread/thread_join_c.o
LOAD build/kernel/printf_c.o
LOAD build/kernel/kernel_mod_ipc_test_c.o
LOAD build/kernel/sys_c.o
LOAD build/kernel/kernel_c.o
LOAD build/device/SDCard_c.o
LOAD build/device/mini_uart_c.o
LOAD build/device/delays_c.o
LOAD build/device/led_blink_c.o
LOAD build/device/sd_c.o
LOAD build/app/fork_c.o
LOAD build/user_shell/terminal_c.o
LOAD build/proc_manager/irq_s.o
LOAD build/proc_manager/sched_s.o
LOAD build/memory_manager/mm_s.o
LOAD build/kernel/entry_s.o
LOAD build/kernel/boot_s.o
LOAD build/device/utils_s.o
LOAD build/app/user_sys_s.o
OUTPUT(build/kernel8.elf elf64-littleaarch64)

.comment        0x0000000000000000       0x3b
 .comment       0x0000000000000000       0x3b build/file_system/fat_32_c.o
                                         0x3c (size before relaxing)
 .comment       0x000000000000003b       0x3c build/file_system/fs_deamon_c.o
 .comment       0x000000000000003b       0x3c build/file_system/fat_16_c.o
 .comment       0x000000000000003b       0x3c build/file_system/fs_c.o
 .comment       0x000000000000003b       0x3c build/proc_manager/irq_c.o
 .comment       0x000000000000003b       0x3c build/proc_manager/sched_c.o
 .comment       0x000000000000003b       0x3c build/proc_manager/pm_deamon_c.o
 .comment       0x000000000000003b       0x3c build/proc_manager/timer_c.o
 .comment       0x000000000000003b       0x3c build/memory_manager/mm_c.o
 .comment       0x000000000000003b       0x3c build/proc_manager/thread/thread_exit_c.o
 .comment       0x000000000000003b       0x3c build/proc_manager/thread/thread_mutex_lock_c.o
 .comment       0x000000000000003b       0x3c build/proc_manager/thread/thread_cond_timewait_c.o
 .comment       0x000000000000003b       0x3c build/proc_manager/thread/thread_yield_c.o
 .comment       0x000000000000003b       0x3c build/proc_manager/thread/thread_self_c.o
 .comment       0x000000000000003b       0x3c build/proc_manager/thread/thread_cond_wait_c.o
 .comment       0x000000000000003b       0x3c build/proc_manager/thread/thread_mutex_unlock_c.o
 .comment       0x000000000000003b       0x3c build/proc_manager/thread/thread_cond_signal_c.o
 .comment       0x000000000000003b       0x3c build/proc_manager/thread/thread_mutex_trylock_c.o
 .comment       0x000000000000003b       0x3c build/proc_manager/thread/thread_create_c.o
 .comment       0x000000000000003b       0x3c build/proc_manager/thread/thread_join_c.o
 .comment       0x000000000000003b       0x3c build/kernel/printf_c.o
 .comment       0x000000000000003b       0x3c build/kernel/kernel_mod_ipc_test_c.o
 .comment       0x000000000000003b       0x3c build/kernel/sys_c.o
 .comment       0x000000000000003b       0x3c build/kernel/kernel_c.o
 .comment       0x000000000000003b       0x3c build/device/SDCard_c.o
 .comment       0x000000000000003b       0x3c build/device/mini_uart_c.o
 .comment       0x000000000000003b       0x3c build/device/delays_c.o
 .comment       0x000000000000003b       0x3c build/device/led_blink_c.o
 .comment       0x000000000000003b       0x3c build/device/sd_c.o
 .comment       0x000000000000003b       0x3c build/app/fork_c.o
 .comment       0x000000000000003b       0x3c build/user_shell/terminal_c.o

.note.GNU-stack
                0x0000000000000000        0x0
 .note.GNU-stack
                0x0000000000000000        0x0 build/file_system/fat_32_c.o
 .note.GNU-stack
                0x0000000000000000        0x0 build/file_system/fs_deamon_c.o
 .note.GNU-stack
                0x0000000000000000        0x0 build/file_system/fat_16_c.o
 .note.GNU-stack
                0x0000000000000000        0x0 build/file_system/fs_c.o
 .note.GNU-stack
                0x0000000000000000        0x0 build/proc_manager/irq_c.o
 .note.GNU-stack
                0x0000000000000000        0x0 build/proc_manager/sched_c.o
 .note.GNU-stack
                0x0000000000000000        0x0 build/proc_manager/pm_deamon_c.o
 .note.GNU-stack
                0x0000000000000000        0x0 build/proc_manager/timer_c.o
 .note.GNU-stack
                0x0000000000000000        0x0 build/memory_manager/mm_c.o
 .note.GNU-stack
                0x0000000000000000        0x0 build/proc_manager/thread/thread_exit_c.o
 .note.GNU-stack
                0x0000000000000000        0x0 build/proc_manager/thread/thread_mutex_lock_c.o
 .note.GNU-stack
                0x0000000000000000        0x0 build/proc_manager/thread/thread_cond_timewait_c.o
 .note.GNU-stack
                0x0000000000000000        0x0 build/proc_manager/thread/thread_yield_c.o
 .note.GNU-stack
                0x0000000000000000        0x0 build/proc_manager/thread/thread_self_c.o
 .note.GNU-stack
                0x0000000000000000        0x0 build/proc_manager/thread/thread_cond_wait_c.o
 .note.GNU-stack
                0x0000000000000000        0x0 build/proc_manager/thread/thread_mutex_unlock_c.o
 .note.GNU-stack
                0x0000000000000000        0x0 build/proc_manager/thread/thread_cond_signal_c.o
 .note.GNU-stack
                0x0000000000000000        0x0 build/proc_manager/thread/thread_mutex_trylock_c.o
 .note.GNU-stack
                0x0000000000000000        0x0 build/proc_manager/thread/thread_create_c.o
 .note.GNU-stack
                0x0000000000000000        0x0 build/proc_manager/thread/thread_join_c.o
 .note.GNU-stack
                0x0000000000000000        0x0 build/kernel/printf_c.o
 .note.GNU-stack
                0x0000000000000000        0x0 build/kernel/kernel_mod_ipc_test_c.o
 .note.GNU-stack
                0x0000000000000000        0x0 build/kernel/sys_c.o
 .note.GNU-stack
                0x0000000000000000        0x0 build/kernel/kernel_c.o
 .note.GNU-stack
                0x0000000000000000        0x0 build/device/SDCard_c.o
 .note.GNU-stack
                0x0000000000000000        0x0 build/device/mini_uart_c.o
 .note.GNU-stack
                0x0000000000000000        0x0 build/device/delays_c.o
 .note.GNU-stack
                0x0000000000000000        0x0 build/device/led_blink_c.o
 .note.GNU-stack
                0x0000000000000000        0x0 build/device/sd_c.o
 .note.GNU-stack
                0x0000000000000000        0x0 build/app/fork_c.o
 .note.GNU-stack
                0x0000000000000000        0x0 build/user_shell/terminal_c.o
