
Memory Configuration

Name             Origin             Length             Attributes
*default*        0x0000000000000000 0xffffffffffffffff

Linker script and memory map


.text           0x0000000000000000       0x18
 *(.text)
 .text          0x0000000000000000       0x18 test.o
                0x0000000000000000                try
 .text          0x0000000000000018        0x0 user_sys.o

.iplt           0x0000000000000018        0x0
 .iplt          0x0000000000000018        0x0 test.o

.text.user      0x0000000000000018       0xd8
 .text.user     0x0000000000000018       0xd8 user_sys.o
                0x0000000000000018                user_delay
                0x0000000000000024                call_sys_write
                0x0000000000000030                call_sys_write_int
                0x000000000000003c                call_sys_exit
                0x0000000000000048                call_sys_fork
                0x0000000000000054                call_sys_led
                0x0000000000000060                call_sys_read
                0x000000000000006c                thread_create
                0x0000000000000078                thread_self
                0x0000000000000084                thread_join
                0x0000000000000090                thread_signal
                0x000000000000009c                call_sys_list
                0x00000000000000a8                call_sys_cd
                0x00000000000000b4                call_sys_dump
                0x00000000000000c0                call_sys_root
                0x00000000000000cc                call_sys_mod
                0x00000000000000d8                thread_equal

.rodata         0x00000000000000f0       0x15
 *(.rodata)
 .rodata        0x00000000000000f0       0x15 test.o

.rela.dyn       0x0000000000000108        0x0
 .rela.iplt     0x0000000000000108        0x0 test.o

.data           0x0000000000000105        0x0
 *(.data)
 .data          0x0000000000000105        0x0 test.o
 .data          0x0000000000000105        0x0 user_sys.o

.igot.plt       0x0000000000000108        0x0
 .igot.plt      0x0000000000000108        0x0 test.o

.bss            0x0000000000000108        0xc
 *(.bss*)
 .bss           0x0000000000000108        0xc test.o
                0x0000000000000108                t
                0x000000000000010c                thread
                0x0000000000000110                thread_2
 .bss           0x0000000000000114        0x0 user_sys.o
LOAD test.o
LOAD user_sys.o
OUTPUT(test.elf elf64-littleaarch64)

.comment        0x0000000000000000       0x3b
 .comment       0x0000000000000000       0x3b test.o
                                         0x3c (size before relaxing)

.note.GNU-stack
                0x0000000000000000        0x0
 .note.GNU-stack
                0x0000000000000000        0x0 test.o
