
Memory Configuration

Name             Origin             Length             Attributes
*default*        0x0000000000000000 0xffffffffffffffff

Linker script and memory map


.text.boot      0x0000000000000000       0x30
 *(.text.boot)
 .text.boot     0x0000000000000000       0x30 objects/boot_s.o
                0x0000000000000000                _start

.text           0x0000000000000030      0xbec
 *(.text)
 .text          0x0000000000000030      0x1f4 objects/uart_c.o
                0x0000000000000030                uart_send
                0x0000000000000078                uart_recv
                0x00000000000000b4                uart_send_string
                0x000000000000010c                uart_init
                0x0000000000000200                putc
 .text          0x0000000000000224      0x978 objects/printf_c.o
                0x00000000000005b0                tfp_format
                0x00000000000009f8                init_printf
                0x0000000000000a30                tfp_printf
                0x0000000000000b04                tfp_sprintf
 .text          0x0000000000000b9c       0x48 objects/kernel_c.o
                0x0000000000000b9c                kernel
 .text          0x0000000000000be4       0x28 objects/utils_s.o
                0x0000000000000be4                get_el
                0x0000000000000bf0                put32
                0x0000000000000bf8                get32
                0x0000000000000c00                delay
 .text          0x0000000000000c0c       0x10 objects/mm_s.o
                0x0000000000000c0c                memzero
 .text          0x0000000000000c1c        0x0 objects/boot_s.o

.iplt           0x0000000000000c1c        0x0
 .iplt          0x0000000000000c1c        0x0 objects/uart_c.o

.rodata         0x0000000000000c20       0x17
 *(.rodata)
 .rodata        0x0000000000000c20       0x17 objects/kernel_c.o

.rela.dyn       0x0000000000000c38        0x0
 .rela.iplt     0x0000000000000c38        0x0 objects/uart_c.o

.data           0x0000000000000c37        0x0
 *(.data)
 .data          0x0000000000000c37        0x0 objects/uart_c.o
 .data          0x0000000000000c37        0x0 objects/printf_c.o
 .data          0x0000000000000c37        0x0 objects/kernel_c.o
 .data          0x0000000000000c37        0x0 objects/utils_s.o
 .data          0x0000000000000c37        0x0 objects/mm_s.o
 .data          0x0000000000000c37        0x0 objects/boot_s.o

.igot.plt       0x0000000000000c38        0x0
 .igot.plt      0x0000000000000c38        0x0 objects/uart_c.o
                0x0000000000000c38                . = ALIGN (0x8)
                0x0000000000000c38                bss_begin = .

.bss            0x0000000000000c38       0x10
 *(.bss*)
 .bss           0x0000000000000c38        0x0 objects/uart_c.o
 .bss           0x0000000000000c38       0x10 objects/printf_c.o
 .bss           0x0000000000000c48        0x0 objects/kernel_c.o
 .bss           0x0000000000000c48        0x0 objects/utils_s.o
 .bss           0x0000000000000c48        0x0 objects/mm_s.o
 .bss           0x0000000000000c48        0x0 objects/boot_s.o
                0x0000000000000c48                bss_end = .
LOAD objects/uart_c.o
LOAD objects/printf_c.o
LOAD objects/kernel_c.o
LOAD objects/utils_s.o
LOAD objects/mm_s.o
LOAD objects/boot_s.o
OUTPUT(objects/kernel8.elf elf64-littleaarch64)

.comment        0x0000000000000000       0x3b
 .comment       0x0000000000000000       0x3b objects/uart_c.o
                                         0x3c (size before relaxing)
 .comment       0x000000000000003b       0x3c objects/printf_c.o
 .comment       0x000000000000003b       0x3c objects/kernel_c.o

.note.GNU-stack
                0x0000000000000000        0x0
 .note.GNU-stack
                0x0000000000000000        0x0 objects/uart_c.o
 .note.GNU-stack
                0x0000000000000000        0x0 objects/printf_c.o
 .note.GNU-stack
                0x0000000000000000        0x0 objects/kernel_c.o
