
Memory Configuration

Name             Origin             Length             Attributes
*default*        0x0000000000000000 0xffffffffffffffff

Linker script and memory map


.text           0x0000000000000000       0x20
 *(.text)
 .text          0x0000000000000000       0x20 crt_test.o
                0x0000000000000000                app
 .text          0x0000000000000020        0x0 user_sys.o

.iplt           0x0000000000000020        0x0
 .iplt          0x0000000000000020        0x0 crt_test.o

.text.user      0x0000000000000020      0x138
 .text.user     0x0000000000000020      0x138 user_sys.o
                0x0000000000000020                user_delay
                0x000000000000002c                call_sys_write
                0x0000000000000038                call_sys_exit
                0x0000000000000044                call_sys_fork
                0x0000000000000050                call_sys_led
                0x000000000000005c                call_sys_read
                0x0000000000000068                thread_create
                0x0000000000000074                thread_self
                0x0000000000000080                thread_join
                0x000000000000008c                thread_cond_signal
                0x0000000000000098                call_sys_list
                0x00000000000000a4                call_sys_cd
                0x00000000000000b0                call_sys_dump
                0x00000000000000bc                call_sys_root
                0x00000000000000c8                call_sys_run
                0x00000000000000d4                call_sys_com
                0x00000000000000e0                call_sys_send
                0x00000000000000ec                call_sys_recv
                0x00000000000000f8                thread_mutex_trylock
                0x0000000000000104                thread_mutex_lock
                0x0000000000000110                thread_mutex_unlock
                0x000000000000011c                call_sys_allocate_page
                0x0000000000000128                call_sys_free_page
                0x0000000000000134                call_sys_rmcom
                0x0000000000000140                thread_equal

.rodata         0x0000000000000158       0x24
 *(.rodata)
 .rodata        0x0000000000000158       0x24 crt_test.o

.rela.dyn       0x0000000000000180        0x0
 .rela.iplt     0x0000000000000180        0x0 crt_test.o

.data           0x000000000000017c        0x0
 *(.data)
 .data          0x000000000000017c        0x0 crt_test.o
 .data          0x000000000000017c        0x0 user_sys.o

.igot.plt       0x0000000000000180        0x0
 .igot.plt      0x0000000000000180        0x0 crt_test.o

.bss            0x000000000000017c        0x0
 *(.bss*)
 .bss           0x000000000000017c        0x0 crt_test.o
 .bss           0x000000000000017c        0x0 user_sys.o
LOAD crt_test.o
LOAD user_sys.o
OUTPUT(crt_test.elf elf64-littleaarch64)

.comment        0x0000000000000000       0x3b
 .comment       0x0000000000000000       0x3b crt_test.o
                                         0x3c (size before relaxing)

.note.GNU-stack
                0x0000000000000000        0x0
 .note.GNU-stack
                0x0000000000000000        0x0 crt_test.o
