
Memory Configuration

Name             Origin             Length             Attributes
*default*        0x0000000000000000 0xffffffffffffffff

Linker script and memory map


.text           0x0000000000000000      0x1a0
 *(.text)
 .text          0x0000000000000000       0x24 sys_need.o
                0x0000000000000000                sys_need
 .text          0x0000000000000024      0x17c readfile.o
                0x0000000000000024                application
 .text          0x00000000000001a0        0x0 user_sys.o

.iplt           0x00000000000001a0        0x0
 .iplt          0x00000000000001a0        0x0 sys_need.o

.text.user      0x00000000000001a0      0x194
 .text.user     0x00000000000001a0      0x194 user_sys.o
                0x00000000000001a0                user_delay
                0x00000000000001ac                call_sys_write
                0x00000000000001b8                call_sys_exit
                0x00000000000001c4                call_sys_fork
                0x00000000000001d0                call_sys_led
                0x00000000000001dc                call_sys_read
                0x00000000000001e8                thread_create
                0x00000000000001f4                thread_self
                0x0000000000000200                thread_join
                0x000000000000020c                thread_cond_signal
                0x0000000000000218                call_sys_list
                0x0000000000000224                call_sys_cd
                0x0000000000000230                call_sys_dump
                0x000000000000023c                call_sys_root
                0x0000000000000248                call_sys_run
                0x0000000000000254                call_sys_com
                0x0000000000000260                call_sys_send
                0x000000000000026c                call_sys_recv
                0x0000000000000278                thread_mutex_trylock
                0x0000000000000284                thread_mutex_lock
                0x0000000000000290                thread_mutex_unlock
                0x000000000000029c                call_sys_allocate_page
                0x00000000000002a8                call_sys_free_page
                0x00000000000002b4                call_sys_rmcom
                0x00000000000002c0                call_sys_lsdev
                0x00000000000002cc                call_sys_lscom
                0x00000000000002d8                call_sys_sched
                0x00000000000002e4                call_sys_fopen
                0x00000000000002f0                call_sys_fread
                0x00000000000002fc                call_sys_fwrite
                0x0000000000000308                call_sys_fclose
                0x0000000000000314                thread_equal
                0x000000000000032c                sp_info

.rodata         0x0000000000000338       0xb8
 *(.rodata)
 .rodata        0x0000000000000338       0xb8 readfile.o

.rela.dyn       0x00000000000003f0        0x0
 .rela.iplt     0x00000000000003f0        0x0 sys_need.o

.data           0x00000000000003f0        0x0
 *(.data)
 .data          0x00000000000003f0        0x0 sys_need.o
 .data          0x00000000000003f0        0x0 readfile.o
 .data          0x00000000000003f0        0x0 user_sys.o

.igot.plt       0x00000000000003f0        0x0
 .igot.plt      0x00000000000003f0        0x0 sys_need.o

.bss            0x00000000000003f0        0x0
 *(.bss*)
 .bss           0x00000000000003f0        0x0 sys_need.o
 .bss           0x00000000000003f0        0x0 readfile.o
 .bss           0x00000000000003f0        0x0 user_sys.o
LOAD sys_need.o
LOAD readfile.o
LOAD user_sys.o
OUTPUT(readfile.elf elf64-littleaarch64)

.comment        0x0000000000000000       0x3b
 .comment       0x0000000000000000       0x3b sys_need.o
                                         0x3c (size before relaxing)
 .comment       0x000000000000003b       0x3c readfile.o

.note.GNU-stack
                0x0000000000000000        0x0
 .note.GNU-stack
                0x0000000000000000        0x0 sys_need.o
 .note.GNU-stack
                0x0000000000000000        0x0 readfile.o
