
Memory Configuration

Name             Origin             Length             Attributes
*default*        0x0000000000000000 0xffffffffffffffff

Linker script and memory map


.text           0x0000000000000000      0x13c
 *(.text)
 .text          0x0000000000000000       0x24 sys_need.o
                0x0000000000000000                sys_need
 .text          0x0000000000000024      0x118 readfile.o
                0x0000000000000024                application
 .text          0x000000000000013c        0x0 user_sys.o

.iplt           0x000000000000013c        0x0
 .iplt          0x000000000000013c        0x0 sys_need.o

.text.user      0x000000000000013c      0x194
 .text.user     0x000000000000013c      0x194 user_sys.o
                0x000000000000013c                user_delay
                0x0000000000000148                call_sys_write
                0x0000000000000154                call_sys_exit
                0x0000000000000160                call_sys_fork
                0x000000000000016c                call_sys_led
                0x0000000000000178                call_sys_read
                0x0000000000000184                thread_create
                0x0000000000000190                thread_self
                0x000000000000019c                thread_join
                0x00000000000001a8                thread_cond_signal
                0x00000000000001b4                call_sys_list
                0x00000000000001c0                call_sys_cd
                0x00000000000001cc                call_sys_dump
                0x00000000000001d8                call_sys_root
                0x00000000000001e4                call_sys_run
                0x00000000000001f0                call_sys_com
                0x00000000000001fc                call_sys_send
                0x0000000000000208                call_sys_recv
                0x0000000000000214                thread_mutex_trylock
                0x0000000000000220                thread_mutex_lock
                0x000000000000022c                thread_mutex_unlock
                0x0000000000000238                call_sys_allocate_page
                0x0000000000000244                call_sys_free_page
                0x0000000000000250                call_sys_rmcom
                0x000000000000025c                call_sys_lsdev
                0x0000000000000268                call_sys_lscom
                0x0000000000000274                call_sys_sched
                0x0000000000000280                call_sys_fopen
                0x000000000000028c                call_sys_fread
                0x0000000000000298                call_sys_fwrite
                0x00000000000002a4                call_sys_fclose
                0x00000000000002b0                thread_equal
                0x00000000000002c8                sp_info

.rodata         0x00000000000002d0       0xb8
 *(.rodata)
 .rodata        0x00000000000002d0       0xb8 readfile.o

.rela.dyn       0x0000000000000388        0x0
 .rela.iplt     0x0000000000000388        0x0 sys_need.o

.data           0x0000000000000388        0x0
 *(.data)
 .data          0x0000000000000388        0x0 sys_need.o
 .data          0x0000000000000388        0x0 readfile.o
 .data          0x0000000000000388        0x0 user_sys.o

.igot.plt       0x0000000000000388        0x0
 .igot.plt      0x0000000000000388        0x0 sys_need.o

.bss            0x0000000000000388        0x0
 *(.bss*)
 .bss           0x0000000000000388        0x0 sys_need.o
 .bss           0x0000000000000388        0x0 readfile.o
 .bss           0x0000000000000388        0x0 user_sys.o
LOAD sys_need.o
LOAD readfile.o
LOAD user_sys.o
OUTPUT(readfile.elf elf64-littleaarch64)

.comment        0x0000000000000000       0x3b
 .comment       0x0000000000000000       0x3b sys_need.o
                                         0x3c (size before relaxing)
 .comment       0x000000000000003b       0x3c readfile.o

.note.GNU-stack
                0x0000000000000000        0x0
 .note.GNU-stack
                0x0000000000000000        0x0 sys_need.o
 .note.GNU-stack
                0x0000000000000000        0x0 readfile.o
