
Memory Configuration

Name             Origin             Length             Attributes
*default*        0x0000000000000000 0xffffffffffffffff

Linker script and memory map


.text           0x0000000000000000       0x70
 *(.text)
 .text          0x0000000000000000       0x24 sys_need.o
                0x0000000000000000                sys_need
 .text          0x0000000000000024       0x4c execom.o
                0x0000000000000024                DELAY
                0x0000000000000044                application
 .text          0x0000000000000070        0x0 user_sys.o

.iplt           0x0000000000000070        0x0
 .iplt          0x0000000000000070        0x0 sys_need.o

.text.user      0x0000000000000070      0x1d0
 .text.user     0x0000000000000070      0x1d0 user_sys.o
                0x0000000000000070                user_delay
                0x000000000000007c                call_sys_write
                0x0000000000000088                call_sys_exit
                0x0000000000000094                call_sys_fork
                0x00000000000000a0                call_sys_led
                0x00000000000000ac                call_sys_read
                0x00000000000000b8                thread_create
                0x00000000000000c4                thread_self
                0x00000000000000d0                thread_join
                0x00000000000000dc                thread_cond_signal
                0x00000000000000e8                call_sys_list
                0x00000000000000f4                call_sys_cd
                0x0000000000000100                call_sys_dump
                0x000000000000010c                call_sys_root
                0x0000000000000118                call_sys_run
                0x0000000000000124                call_sys_com
                0x0000000000000130                call_sys_send
                0x000000000000013c                call_sys_recv
                0x0000000000000148                thread_mutex_trylock
                0x0000000000000154                thread_mutex_lock
                0x0000000000000160                thread_mutex_unlock
                0x000000000000016c                call_sys_allocate_page
                0x0000000000000178                call_sys_free_page
                0x0000000000000184                call_sys_rmcom
                0x0000000000000190                call_sys_lsdev
                0x000000000000019c                call_sys_lscom
                0x00000000000001a8                call_sys_fopen
                0x00000000000001b4                call_sys_fread
                0x00000000000001c0                call_sys_fclose
                0x00000000000001cc                call_sys_fwrite
                0x00000000000001d8                call_sys_fflush
                0x00000000000001e4                call_sys_fseek
                0x00000000000001f0                call_sys_ftell
                0x00000000000001fc                call_sys_mount
                0x0000000000000208                call_sys_execom
                0x0000000000000214                call_sys_swap
                0x0000000000000220                thread_equal
                0x0000000000000238                sp_info

.rodata         0x0000000000000240       0x2d
 *(.rodata)
 .rodata        0x0000000000000240       0x2d execom.o

.rela.dyn       0x0000000000000270        0x0
 .rela.iplt     0x0000000000000270        0x0 sys_need.o

.data           0x000000000000026d        0x0
 *(.data)
 .data          0x000000000000026d        0x0 sys_need.o
 .data          0x000000000000026d        0x0 execom.o
 .data          0x000000000000026d        0x0 user_sys.o

.igot.plt       0x0000000000000270        0x0
 .igot.plt      0x0000000000000270        0x0 sys_need.o

.bss            0x0000000000000270        0x4
 *(.bss*)
 .bss           0x0000000000000270        0x0 sys_need.o
 .bss           0x0000000000000270        0x4 execom.o
                0x0000000000000270                drv_config
 .bss           0x0000000000000274        0x0 user_sys.o
LOAD sys_need.o
LOAD execom.o
LOAD user_sys.o
OUTPUT(execom.elf elf64-littleaarch64)

.comment        0x0000000000000000       0x3b
 .comment       0x0000000000000000       0x3b sys_need.o
                                         0x3c (size before relaxing)
 .comment       0x000000000000003b       0x3c execom.o

.note.GNU-stack
                0x0000000000000000        0x0
 .note.GNU-stack
                0x0000000000000000        0x0 sys_need.o
 .note.GNU-stack
                0x0000000000000000        0x0 execom.o
