
Allocating common symbols
Common symbol       size              file

prev_childregs      0x8               build/proc_manager/sched_c.o
map_array           0x1000            build/file_system/fs_c.o
origin              0x8               build/file_system/fs_c.o
page_prev           0x8               build/proc_manager/sched_c.o
fat_addr            0x4               build/kernel/kernel_c.o
user_page_start     0x8               build/kernel/kernel_c.o
prev_real_regs      0x8               build/proc_manager/sched_c.o
page_next           0x8               build/proc_manager/sched_c.o
next_real_regs      0x8               build/proc_manager/sched_c.o
sd_ocr              0x8               build/device/sd_c.o
move_sec            0x60              build/file_system/fs_c.o
sd_err              0x8               build/device/sd_c.o
user_ipc_mail       0x600             build/proc_manager/pm_deamon_c.o
prev_real           0x8               build/proc_manager/sched_c.o
mutex               0x20              build/file_system/fs_c.o
sd_rca              0x8               build/device/sd_c.o
next_real           0x8               build/proc_manager/sched_c.o
sd_scr              0x10              build/device/sd_c.o
task                0x200             build/file_system/fs_c.o
prev                0x8               build/proc_manager/sched_c.o
file_dir            0x320             build/file_system/fs_c.o
dir                 0x8               build/file_system/fat_c.o
init_page           0x8               build/proc_manager/sched_c.o
next_childregs      0x8               build/proc_manager/sched_c.o
sd_hv               0x8               build/device/sd_c.o

Memory Configuration

Name             Origin             Length             Attributes
*default*        0x0000000000000000 0xffffffffffffffff

Linker script and memory map

                0xffff000000000000                . = 0xffff000000000000

.text.boot      0xffff000000000000      0x1d0
 *(.text.boot)
 .text.boot     0xffff000000000000      0x1d0 build/kernel/boot_s.o
                0xffff000000000000                _start
                0xffff000000000018                enable_cache
                0xffff000000001000                . = ALIGN (0x1000)
                0xffff000000001000                user_begin = .

.text.user      0xffff000000001000      0x6a4
 build/user*(.text)
 .text          0xffff000000001000      0x590 build/user_shell/terminal_c.o
                0xffff000000001000                shell_user_process
 .text.user     0xffff000000001590      0x114 build/app/user_sys_s.o
                0xffff000000001590                user_delay
                0xffff00000000159c                call_sys_write
                0xffff0000000015a8                call_sys_write_int
                0xffff0000000015b4                call_sys_exit
                0xffff0000000015c0                call_sys_fork
                0xffff0000000015cc                call_sys_led
                0xffff0000000015d8                call_sys_read
                0xffff0000000015e4                thread_create
                0xffff0000000015f0                thread_self
                0xffff0000000015fc                thread_join
                0xffff000000001608                thread_cond_signal
                0xffff000000001614                call_sys_list
                0xffff000000001620                call_sys_cd
                0xffff00000000162c                call_sys_dump
                0xffff000000001638                call_sys_root
                0xffff000000001644                call_sys_mod
                0xffff000000001650                call_sys_send
                0xffff00000000165c                call_sys_recv
                0xffff000000001668                thread_mutex_trylock
                0xffff000000001674                thread_mutex_lock
                0xffff000000001680                thread_mutex_unlock
                0xffff00000000168c                thread_equal

.rodata.user    0xffff0000000016a8       0xac
 build/user*(.rodata)
 .rodata        0xffff0000000016a8       0xac build/user_shell/terminal_c.o

.data.user      0xffff000000001754        0x0
 build/user*(.data)
 .data          0xffff000000001754        0x0 build/user_shell/terminal_c.o

.bss.user       0xffff000000001754        0x4
 build/user*(.bss)
 .bss           0xffff000000001754        0x4 build/user_shell/terminal_c.o
                0xffff000000001758                user_end = .

.text           0xffff000000001800     0x79f8
 *(.text)
 .text          0xffff000000001800      0x694 build/file_system/fat_c.o
                0xffff000000001800                fat_getpartition
                0xffff0000000019dc                fat_getcluster
                0xffff000000001b6c                fat_readfile
                0xffff000000001db0                fat_listdirectory
 .text          0xffff000000001e94      0xfc8 build/file_system/fs_c.o
                0xffff000000001e94                build_root
                0xffff000000001eb4                search_file
                0xffff000000002064                list
                0xffff0000000022dc                dump
                0xffff0000000025d0                cd
                0xffff00000000264c                cd_root
                0xffff00000000269c                mod_file
                0xffff00000000281c                find_sec_addr
                0xffff00000000296c                check_file_format
                0xffff000000002a98                string_table
                0xffff000000002ad8                get_string
                0xffff000000002d5c                fs_daemon
 .text          0xffff000000002e5c       0xac build/proc_manager/irq_c.o
                0xffff000000002e5c                enable_interrupt_controller
                0xffff000000002e84                show_invalid_entry_message
                0xffff000000002ec8                handle_irq
 .text          0xffff000000002f08      0x554 build/proc_manager/sched_c.o
                0xffff000000002f08                preempt_disable
                0xffff000000002f3c                preempt_enable
                0xffff000000002f70                _schedule
                0xffff0000000031cc                schedule
                0xffff0000000031f8                switch_to
                0xffff000000003370                schedule_tail
                0xffff000000003388                timer_tick
                0xffff000000003414                timer3_tick
                0xffff00000000341c                exit_process
 .text          0xffff00000000345c      0x750 build/proc_manager/pm_deamon_c.o
                0xffff00000000345c                pm_daemon
                0xffff0000000038e4                reply
                0xffff00000000390c                accept_reply
                0xffff000000003950                recieve_msg
                0xffff000000003a48                send_msg
 .text          0xffff000000003bac      0x1cc build/proc_manager/timer_c.o
                0xffff000000003bac                timer_init
                0xffff000000003c24                handle_timer_irq
                0xffff000000003c94                get_system_timer
                0xffff000000003d2c                wait_msec_st
 .text          0xffff000000003d78      0x6f8 build/memory_manager/mm_c.o
                0xffff000000003d78                allocate_kernel_page
                0xffff000000003db0                allocate_pcb_space
                0xffff000000003e74                allocate_user_page
                0xffff000000003ec4                get_free_page
                0xffff000000003f5c                free_page
                0xffff000000003f88                map_table_entry
                0xffff000000003fe4                map_table
                0xffff0000000040a0                map_page
                0xffff0000000042d4                copy_virt_memory
                0xffff0000000043dc                do_mem_abort
 .text          0xffff000000004470       0x14 build/proc_manager/thread/thread_exit_c.o
                0xffff000000004470                pthread_exit
 .text          0xffff000000004484       0xe8 build/proc_manager/thread/thread_mutex_lock_c.o
                0xffff000000004484                _thread_mutex_lock
                0xffff000000004518                thread_enqueue
 .text          0xffff00000000456c       0x2c build/proc_manager/thread/thread_cond_timewait_c.o
                0xffff00000000456c                thread_cond_timewait
 .text          0xffff000000004598       0x18 build/proc_manager/thread/thread_yield_c.o
                0xffff000000004598                thread_yield
 .text          0xffff0000000045b0       0x14 build/proc_manager/thread/thread_self_c.o
                0xffff0000000045b0                thread_id_self
 .text          0xffff0000000045c4       0x94 build/proc_manager/thread/thread_cond_wait_c.o
                0xffff0000000045c4                thread_cond_wait
                0xffff0000000045ec                thread_cond_timedwait_internal
                0xffff000000004628                thread_block
 .text          0xffff000000004658       0xbc build/proc_manager/thread/thread_mutex_unlock_c.o
                0xffff000000004658                _thread_mutex_unlock
                0xffff0000000046a0                thread_dequeue
 .text          0xffff000000004714       0x34 build/proc_manager/thread/thread_cond_signal_c.o
                0xffff000000004714                _thread_cond_signal
 .text          0xffff000000004748       0x28 build/proc_manager/thread/thread_mutex_trylock_c.o
                0xffff000000004748                _thread_mutex_trylock
 .text          0xffff000000004770      0x2e4 build/proc_manager/thread/thread_create_c.o
                0xffff000000004770                thread_end
                0xffff000000004790                error
                0xffff0000000047c0                _thread_create
 .text          0xffff000000004a54       0xa0 build/proc_manager/thread/thread_join_c.o
                0xffff000000004a54                _thread_join
 .text          0xffff000000004af4      0x978 build/kernel/printf_c.o
                0xffff000000004e80                tfp_format
                0xffff0000000052c8                init_printf
                0xffff000000005300                tfp_printf
                0xffff0000000053d4                tfp_sprintf
 .text          0xffff00000000546c       0x38 build/kernel/kernel_mod_ipc_test_c.o
                0xffff00000000546c                ipc_test
 .text          0xffff0000000054a4      0x2b8 build/kernel/kernel_c.o
                0xffff0000000054a4                kernel_process
                0xffff000000005528                mod_process
                0xffff00000000556c                kernel_main
 .text          0xffff00000000575c      0x484 build/device/mini_uart_c.o
                0xffff00000000575c                uart_send
                0xffff0000000057b0                uart_recv
                0xffff0000000057f8                uart_send_string
                0xffff000000005850                uart_init
                0xffff000000005994                set_gpio
                0xffff000000005a10                uart_puts
                0xffff000000005a68                uart_hex
                0xffff000000005ae8                putc
                0xffff000000005b0c                pr_int
                0xffff000000005bc4                pr_T
 .text          0xffff000000005be0       0xb4 build/device/delays_c.o
                0xffff000000005be0                wait_cycles
                0xffff000000005c1c                wait_msec
 .text          0xffff000000005c94       0x64 build/device/led_blink_c.o
                0xffff000000005c94                led_blink
 .text          0xffff000000005cf8     0x1384 build/device/sd_c.o
                0xffff000000005cf8                sd_status
                0xffff000000005db8                sd_int
                0xffff000000005ed4                sd_cmd
                0xffff000000006218                sd_readblock
                0xffff0000000064d4                sd_clk
                0xffff0000000067f8                sd_init
 .text          0xffff00000000707c      0x394 build/app/sys_c.o
                0xffff00000000707c                sys_write
                0xffff00000000709c                sys_write_int
                0xffff0000000070bc                sys_fork
                0xffff0000000070e0                sys_exit
                0xffff0000000070f8                sys_led
                0xffff000000007110                sys_read
                0xffff000000007128                sys_create_thread
                0xffff00000000715c                sys_thread_self
                0xffff000000007170                sys_thread_join
                0xffff000000007198                sys_thread_exit
                0xffff0000000071ac                sys_thread_signal
                0xffff0000000071cc                sys_list_file
                0xffff0000000071e4                sys_cd_folder
                0xffff000000007204                sys_dump_file
                0xffff000000007224                sys_root_file
                0xffff000000007240                sys_mod_file
                0xffff000000007260                sys_mutex_trylock
                0xffff000000007280                sys_mutex_lock
                0xffff0000000072a0                sys_mutex_unlock
                0xffff0000000072c0                sys_send_msg
                0xffff0000000073d8                sys_recieve_msg
 .text          0xffff000000007410       0x30 build/app/user_sys_ipc_c.o
                0xffff000000007410                call_send_msg
 .text          0xffff000000007440      0x474 build/app/fork_c.o
                0xffff000000007440                copy_process
                0xffff0000000077c8                move_to_user_mode
                0xffff000000007894                task_pt_regs
 .text          0xffff0000000078b4       0x1c build/proc_manager/irq_s.o
                0xffff0000000078b4                irq_vector_init
                0xffff0000000078c0                enable_irq
                0xffff0000000078c8                disable_irq
 .text          0xffff0000000078d0       0x50 build/proc_manager/sched_s.o
                0xffff0000000078d0                cpu_switch_to
 .text          0xffff000000007920       0x4c build/memory_manager/mm_s.o
                0xffff000000007920                memcpy
                0xffff000000007934                memcmp
                0xffff00000000795c                memzero
 *fill*         0xffff00000000796c      0x694 
 .text          0xffff000000008000     0x1138 build/kernel/entry_s.o
                0xffff000000008000                vectors
                0xffff0000000090c4                ret_from_fork
                0xffff000000009134                err_hang
 .text          0xffff000000009138        0x0 build/kernel/boot_s.o
 .text          0xffff000000009138       0xc0 build/device/utils_s.o
                0xffff000000009138                get_el
                0xffff000000009144                put32
                0xffff00000000914c                get32
                0xffff000000009154                delay
                0xffff000000009160                set_pgd
                0xffff000000009174                get_pgd
                0xffff000000009198                try_lock
                0xffff0000000091b8                unlock
                0xffff0000000091d4                semaphore_take
                0xffff0000000091f0                error_unlock
 .text          0xffff0000000091f8        0x0 build/app/user_sys_s.o

.iplt           0xffff0000000091f8        0x0
 .iplt          0xffff0000000091f8        0x0 build/file_system/fat_c.o

.rodata         0xffff0000000091f8      0x969
 *(.rodata)
 .rodata        0xffff0000000091f8       0xb6 build/file_system/fat_c.o
 *fill*         0xffff0000000092ae        0x2 
 .rodata        0xffff0000000092b0      0x114 build/file_system/fs_c.o
 *fill*         0xffff0000000093c4        0x4 
 .rodata        0xffff0000000093c8      0x1bb build/proc_manager/irq_c.o
 *fill*         0xffff000000009583        0x5 
 .rodata        0xffff000000009588       0xa6 build/proc_manager/pm_deamon_c.o
 *fill*         0xffff00000000962e        0x2 
 .rodata        0xffff000000009630        0x4 build/proc_manager/timer_c.o
                0xffff000000009630                interval
 *fill*         0xffff000000009634        0x4 
 .rodata        0xffff000000009638       0x5b build/memory_manager/mm_c.o
 *fill*         0xffff000000009693        0x5 
 .rodata        0xffff000000009698       0x51 build/proc_manager/thread/thread_create_c.o
 *fill*         0xffff0000000096e9        0x7 
 .rodata        0xffff0000000096f0        0x5 build/proc_manager/thread/thread_join_c.o
 *fill*         0xffff0000000096f5        0x3 
 .rodata        0xffff0000000096f8       0x51 build/kernel/kernel_mod_ipc_test_c.o
 *fill*         0xffff000000009749        0x7 
 .rodata        0xffff000000009750      0x121 build/kernel/kernel_c.o
 *fill*         0xffff000000009871        0x7 
 .rodata        0xffff000000009878      0x1fc build/device/sd_c.o
 *fill*         0xffff000000009a74        0x4 
 .rodata        0xffff000000009a78       0xa8 build/app/sys_c.o
                0xffff000000009a78                sys_call_table
 .rodata        0xffff000000009b20       0x41 build/app/fork_c.o

.rela.dyn       0xffff000000009b68        0x0
 .rela.iplt     0xffff000000009b68        0x0 build/file_system/fat_c.o

.data           0xffff000000009b68      0x6b4
 *(.data)
 .data          0xffff000000009b68        0x0 build/file_system/fat_c.o
 .data          0xffff000000009b68        0x0 build/file_system/fs_c.o
 .data          0xffff000000009b68       0x90 build/proc_manager/irq_c.o
                0xffff000000009b68                entry_error_messages
 .data          0xffff000000009bf8      0x61c build/proc_manager/sched_c.o
                0xffff000000009bf8                init_priority
                0xffff000000009c00                init_flags
                0xffff000000009c08                init_task_0
                0xffff000000009d78                init_task_1
                0xffff000000009ee8                init_task_2
                0xffff00000000a058                init_task_3
                0xffff00000000a1c8                current
                0xffff00000000a1d0                task_prio_table
                0xffff00000000a1f0                head
                0xffff00000000a210                nr_tasks
 .data          0xffff00000000a214        0x0 build/proc_manager/pm_deamon_c.o
 .data          0xffff00000000a214        0x0 build/proc_manager/timer_c.o
 .data          0xffff00000000a214        0x4 build/memory_manager/mm_c.o
 .data          0xffff00000000a218        0x0 build/proc_manager/thread/thread_exit_c.o
 .data          0xffff00000000a218        0x0 build/proc_manager/thread/thread_mutex_lock_c.o
 .data          0xffff00000000a218        0x0 build/proc_manager/thread/thread_cond_timewait_c.o
 .data          0xffff00000000a218        0x0 build/proc_manager/thread/thread_yield_c.o
 .data          0xffff00000000a218        0x0 build/proc_manager/thread/thread_self_c.o
 .data          0xffff00000000a218        0x0 build/proc_manager/thread/thread_cond_wait_c.o
 .data          0xffff00000000a218        0x0 build/proc_manager/thread/thread_mutex_unlock_c.o
 .data          0xffff00000000a218        0x0 build/proc_manager/thread/thread_cond_signal_c.o
 .data          0xffff00000000a218        0x0 build/proc_manager/thread/thread_mutex_trylock_c.o
 .data          0xffff00000000a218        0x0 build/proc_manager/thread/thread_create_c.o
 .data          0xffff00000000a218        0x0 build/proc_manager/thread/thread_join_c.o
 .data          0xffff00000000a218        0x0 build/kernel/printf_c.o
 .data          0xffff00000000a218        0x0 build/kernel/kernel_mod_ipc_test_c.o
 .data          0xffff00000000a218        0x4 build/kernel/kernel_c.o
                0xffff00000000a218                c
 .data          0xffff00000000a21c        0x0 build/device/mini_uart_c.o
 .data          0xffff00000000a21c        0x0 build/device/delays_c.o
 .data          0xffff00000000a21c        0x0 build/device/led_blink_c.o
 .data          0xffff00000000a21c        0x0 build/device/sd_c.o
 .data          0xffff00000000a21c        0x0 build/app/sys_c.o
 .data          0xffff00000000a21c        0x0 build/app/user_sys_ipc_c.o
 .data          0xffff00000000a21c        0x0 build/app/fork_c.o
 .data          0xffff00000000a21c        0x0 build/proc_manager/irq_s.o
 .data          0xffff00000000a21c        0x0 build/proc_manager/sched_s.o
 .data          0xffff00000000a21c        0x0 build/memory_manager/mm_s.o
 .data          0xffff00000000a21c        0x0 build/kernel/entry_s.o
 .data          0xffff00000000a21c        0x0 build/kernel/boot_s.o
 .data          0xffff00000000a21c        0x0 build/device/utils_s.o
 .data          0xffff00000000a21c        0x0 build/app/user_sys_s.o

.igot.plt       0xffff00000000a220        0x0
 .igot.plt      0xffff00000000a220        0x0 build/file_system/fat_c.o
                0xffff00000000a220                . = ALIGN (0x8)
                0xffff00000000a220                bss_begin = .

.bss            0xffff00000000a220    0x87dd0
 *(.bss*)
 .bss           0xffff00000000a220        0x4 build/file_system/fat_c.o
 *fill*         0xffff00000000a224        0x4 
 .bss           0xffff00000000a228      0x104 build/file_system/fs_c.o
                0xffff00000000a228                fs_mail
 .bss           0xffff00000000a32c        0x0 build/proc_manager/irq_c.o
 *fill*         0xffff00000000a32c        0x4 
 .bss           0xffff00000000a330      0x224 build/proc_manager/sched_c.o
                0xffff00000000a330                init_cpu
                0xffff00000000a398                init_state
                0xffff00000000a3a0                init_counter
                0xffff00000000a3a8                init_preempt_count
                0xffff00000000a3b0                init_mm
                0xffff00000000a548                next
 *fill*         0xffff00000000a554        0x4 
 .bss           0xffff00000000a558      0x628 build/proc_manager/pm_deamon_c.o
                0xffff00000000a558                ipc_index_pop
 .bss           0xffff00000000ab80        0x4 build/proc_manager/timer_c.o
                0xffff00000000ab80                curVal
 *fill*         0xffff00000000ab84        0x4 
 .bss           0xffff00000000ab88    0x7d808 build/memory_manager/mm_c.o
 .bss           0xffff000000088390        0x0 build/proc_manager/thread/thread_exit_c.o
 .bss           0xffff000000088390        0x0 build/proc_manager/thread/thread_mutex_lock_c.o
 .bss           0xffff000000088390        0x0 build/proc_manager/thread/thread_cond_timewait_c.o
 .bss           0xffff000000088390        0x0 build/proc_manager/thread/thread_yield_c.o
 .bss           0xffff000000088390        0x0 build/proc_manager/thread/thread_self_c.o
 .bss           0xffff000000088390        0x0 build/proc_manager/thread/thread_cond_wait_c.o
 .bss           0xffff000000088390        0x0 build/proc_manager/thread/thread_mutex_unlock_c.o
 .bss           0xffff000000088390        0x0 build/proc_manager/thread/thread_cond_signal_c.o
 .bss           0xffff000000088390        0x0 build/proc_manager/thread/thread_mutex_trylock_c.o
 .bss           0xffff000000088390     0x8004 build/proc_manager/thread/thread_create_c.o
                0xffff000000088390                thread_id_table
 .bss           0xffff000000090394        0x0 build/proc_manager/thread/thread_join_c.o
 *fill*         0xffff000000090394        0x4 
 .bss           0xffff000000090398       0x10 build/kernel/printf_c.o
 .bss           0xffff0000000903a8        0x0 build/kernel/kernel_mod_ipc_test_c.o
 .bss           0xffff0000000903a8        0x0 build/kernel/kernel_c.o
 .bss           0xffff0000000903a8        0x0 build/device/mini_uart_c.o
 .bss           0xffff0000000903a8        0x0 build/device/delays_c.o
 .bss           0xffff0000000903a8        0x0 build/device/led_blink_c.o
 .bss           0xffff0000000903a8        0x0 build/device/sd_c.o
 .bss           0xffff0000000903a8        0x4 build/app/sys_c.o
                0xffff0000000903a8                ipc_index_push
 .bss           0xffff0000000903ac        0x0 build/app/user_sys_ipc_c.o
 .bss           0xffff0000000903ac        0x0 build/app/fork_c.o
 .bss           0xffff0000000903ac        0x0 build/proc_manager/irq_s.o
 .bss           0xffff0000000903ac        0x0 build/proc_manager/sched_s.o
 .bss           0xffff0000000903ac        0x0 build/memory_manager/mm_s.o
 .bss           0xffff0000000903ac        0x0 build/kernel/entry_s.o
 .bss           0xffff0000000903ac        0x0 build/kernel/boot_s.o
 .bss           0xffff0000000903ac        0x0 build/device/utils_s.o
 .bss           0xffff0000000903ac        0x0 build/app/user_sys_s.o
 *fill*         0xffff0000000903ac        0x4 
 COMMON         0xffff0000000903b0        0x8 build/file_system/fat_c.o
                0xffff0000000903b0                dir
 COMMON         0xffff0000000903b8     0x15a8 build/file_system/fs_c.o
                0xffff0000000903b8                map_array
                0xffff0000000913b8                origin
                0xffff0000000913c0                move_sec
                0xffff000000091420                mutex
                0xffff000000091440                task
                0xffff000000091640                file_dir
 COMMON         0xffff000000091960       0x50 build/proc_manager/sched_c.o
                0xffff000000091960                prev_childregs
                0xffff000000091968                page_prev
                0xffff000000091970                prev_real_regs
                0xffff000000091978                page_next
                0xffff000000091980                next_real_regs
                0xffff000000091988                prev_real
                0xffff000000091990                next_real
                0xffff000000091998                prev
                0xffff0000000919a0                init_page
                0xffff0000000919a8                next_childregs
 COMMON         0xffff0000000919b0      0x600 build/proc_manager/pm_deamon_c.o
                0xffff0000000919b0                user_ipc_mail
 COMMON         0xffff000000091fb0       0x10 build/kernel/kernel_c.o
                0xffff000000091fb0                fat_addr
                0xffff000000091fb8                user_page_start
 COMMON         0xffff000000091fc0       0x30 build/device/sd_c.o
                0xffff000000091fc0                sd_ocr
                0xffff000000091fc8                sd_err
                0xffff000000091fd0                sd_rca
                0xffff000000091fd8                sd_scr
                0xffff000000091fe8                sd_hv
                0xffff000000091ff0                bss_end = .
                0xffff000000092000                . = ALIGN (0x1000)
                0xffff000000092000                pg_dir = .

.data.pgd       0xffff000000092000     0x3000
                0xffff000000095000                . = (. + 0x3000)
 *fill*         0xffff000000092000     0x3000 
                0xffff000000095000                _end = .
LOAD build/file_system/fat_c.o
LOAD build/file_system/fs_c.o
LOAD build/proc_manager/irq_c.o
LOAD build/proc_manager/sched_c.o
LOAD build/proc_manager/pm_deamon_c.o
LOAD build/proc_manager/timer_c.o
LOAD build/memory_manager/mm_c.o
LOAD build/proc_manager/thread/thread_exit_c.o
LOAD build/proc_manager/thread/thread_mutex_lock_c.o
LOAD build/proc_manager/thread/thread_cond_timewait_c.o
LOAD build/proc_manager/thread/thread_yield_c.o
LOAD build/proc_manager/thread/thread_self_c.o
LOAD build/proc_manager/thread/thread_cond_wait_c.o
LOAD build/proc_manager/thread/thread_mutex_unlock_c.o
LOAD build/proc_manager/thread/thread_cond_signal_c.o
LOAD build/proc_manager/thread/thread_mutex_trylock_c.o
LOAD build/proc_manager/thread/thread_create_c.o
LOAD build/proc_manager/thread/thread_join_c.o
LOAD build/kernel/printf_c.o
LOAD build/kernel/kernel_mod_ipc_test_c.o
LOAD build/kernel/kernel_c.o
LOAD build/device/mini_uart_c.o
LOAD build/device/delays_c.o
LOAD build/device/led_blink_c.o
LOAD build/device/sd_c.o
LOAD build/app/sys_c.o
LOAD build/app/user_sys_ipc_c.o
LOAD build/app/fork_c.o
LOAD build/user_shell/terminal_c.o
LOAD build/proc_manager/irq_s.o
LOAD build/proc_manager/sched_s.o
LOAD build/memory_manager/mm_s.o
LOAD build/kernel/entry_s.o
LOAD build/kernel/boot_s.o
LOAD build/device/utils_s.o
LOAD build/app/user_sys_s.o
OUTPUT(build/kernel8.elf elf64-littleaarch64)

.comment        0x0000000000000000       0x3b
 .comment       0x0000000000000000       0x3b build/file_system/fat_c.o
                                         0x3c (size before relaxing)
 .comment       0x000000000000003b       0x3c build/file_system/fs_c.o
 .comment       0x000000000000003b       0x3c build/proc_manager/irq_c.o
 .comment       0x000000000000003b       0x3c build/proc_manager/sched_c.o
 .comment       0x000000000000003b       0x3c build/proc_manager/pm_deamon_c.o
 .comment       0x000000000000003b       0x3c build/proc_manager/timer_c.o
 .comment       0x000000000000003b       0x3c build/memory_manager/mm_c.o
 .comment       0x000000000000003b       0x3c build/proc_manager/thread/thread_exit_c.o
 .comment       0x000000000000003b       0x3c build/proc_manager/thread/thread_mutex_lock_c.o
 .comment       0x000000000000003b       0x3c build/proc_manager/thread/thread_cond_timewait_c.o
 .comment       0x000000000000003b       0x3c build/proc_manager/thread/thread_yield_c.o
 .comment       0x000000000000003b       0x3c build/proc_manager/thread/thread_self_c.o
 .comment       0x000000000000003b       0x3c build/proc_manager/thread/thread_cond_wait_c.o
 .comment       0x000000000000003b       0x3c build/proc_manager/thread/thread_mutex_unlock_c.o
 .comment       0x000000000000003b       0x3c build/proc_manager/thread/thread_cond_signal_c.o
 .comment       0x000000000000003b       0x3c build/proc_manager/thread/thread_mutex_trylock_c.o
 .comment       0x000000000000003b       0x3c build/proc_manager/thread/thread_create_c.o
 .comment       0x000000000000003b       0x3c build/proc_manager/thread/thread_join_c.o
 .comment       0x000000000000003b       0x3c build/kernel/printf_c.o
 .comment       0x000000000000003b       0x3c build/kernel/kernel_mod_ipc_test_c.o
 .comment       0x000000000000003b       0x3c build/kernel/kernel_c.o
 .comment       0x000000000000003b       0x3c build/device/mini_uart_c.o
 .comment       0x000000000000003b       0x3c build/device/delays_c.o
 .comment       0x000000000000003b       0x3c build/device/led_blink_c.o
 .comment       0x000000000000003b       0x3c build/device/sd_c.o
 .comment       0x000000000000003b       0x3c build/app/sys_c.o
 .comment       0x000000000000003b       0x3c build/app/user_sys_ipc_c.o
 .comment       0x000000000000003b       0x3c build/app/fork_c.o
 .comment       0x000000000000003b       0x3c build/user_shell/terminal_c.o

.note.GNU-stack
                0x0000000000000000        0x0
 .note.GNU-stack
                0x0000000000000000        0x0 build/file_system/fat_c.o
 .note.GNU-stack
                0x0000000000000000        0x0 build/file_system/fs_c.o
 .note.GNU-stack
                0x0000000000000000        0x0 build/proc_manager/irq_c.o
 .note.GNU-stack
                0x0000000000000000        0x0 build/proc_manager/sched_c.o
 .note.GNU-stack
                0x0000000000000000        0x0 build/proc_manager/pm_deamon_c.o
 .note.GNU-stack
                0x0000000000000000        0x0 build/proc_manager/timer_c.o
 .note.GNU-stack
                0x0000000000000000        0x0 build/memory_manager/mm_c.o
 .note.GNU-stack
                0x0000000000000000        0x0 build/proc_manager/thread/thread_exit_c.o
 .note.GNU-stack
                0x0000000000000000        0x0 build/proc_manager/thread/thread_mutex_lock_c.o
 .note.GNU-stack
                0x0000000000000000        0x0 build/proc_manager/thread/thread_cond_timewait_c.o
 .note.GNU-stack
                0x0000000000000000        0x0 build/proc_manager/thread/thread_yield_c.o
 .note.GNU-stack
                0x0000000000000000        0x0 build/proc_manager/thread/thread_self_c.o
 .note.GNU-stack
                0x0000000000000000        0x0 build/proc_manager/thread/thread_cond_wait_c.o
 .note.GNU-stack
                0x0000000000000000        0x0 build/proc_manager/thread/thread_mutex_unlock_c.o
 .note.GNU-stack
                0x0000000000000000        0x0 build/proc_manager/thread/thread_cond_signal_c.o
 .note.GNU-stack
                0x0000000000000000        0x0 build/proc_manager/thread/thread_mutex_trylock_c.o
 .note.GNU-stack
                0x0000000000000000        0x0 build/proc_manager/thread/thread_create_c.o
 .note.GNU-stack
                0x0000000000000000        0x0 build/proc_manager/thread/thread_join_c.o
 .note.GNU-stack
                0x0000000000000000        0x0 build/kernel/printf_c.o
 .note.GNU-stack
                0x0000000000000000        0x0 build/kernel/kernel_mod_ipc_test_c.o
 .note.GNU-stack
                0x0000000000000000        0x0 build/kernel/kernel_c.o
 .note.GNU-stack
                0x0000000000000000        0x0 build/device/mini_uart_c.o
 .note.GNU-stack
                0x0000000000000000        0x0 build/device/delays_c.o
 .note.GNU-stack
                0x0000000000000000        0x0 build/device/led_blink_c.o
 .note.GNU-stack
                0x0000000000000000        0x0 build/device/sd_c.o
 .note.GNU-stack
                0x0000000000000000        0x0 build/app/sys_c.o
 .note.GNU-stack
                0x0000000000000000        0x0 build/app/user_sys_ipc_c.o
 .note.GNU-stack
                0x0000000000000000        0x0 build/app/fork_c.o
 .note.GNU-stack
                0x0000000000000000        0x0 build/user_shell/terminal_c.o
