
Allocating common symbols
Common symbol       size              file

prev_childregs      0x8               build/proc_manager/sched_c.o
map_array           0x1000            build/file_system/fs_c.o
origin              0x8               build/file_system/fs_c.o
page_prev           0x8               build/proc_manager/sched_c.o
fat_addr            0x4               build/kernel/kernel_c.o
user_page_start     0x8               build/kernel/kernel_c.o
prev_real_regs      0x8               build/proc_manager/sched_c.o
page_next           0x8               build/proc_manager/sched_c.o
next_real_regs      0x8               build/proc_manager/sched_c.o
sd_ocr              0x8               build/device/sd_c.o
move_sec            0x60              build/file_system/fs_c.o
sd_err              0x8               build/device/sd_c.o
user_ipc_mail       0x600             build/proc_manager/pm_deamon_c.o
prev_real           0x8               build/proc_manager/sched_c.o
mutex               0x20              build/file_system/fs_c.o
sd_rca              0x8               build/device/sd_c.o
next_real           0x8               build/proc_manager/sched_c.o
sd_scr              0x10              build/device/sd_c.o
task                0x200             build/file_system/fs_c.o
prev                0x8               build/proc_manager/sched_c.o
file_dir            0x320             build/file_system/fs_c.o
dir                 0x8               build/file_system/fat_c.o
init_page           0x8               build/proc_manager/sched_c.o
next_childregs      0x8               build/proc_manager/sched_c.o
sd_hv               0x8               build/device/sd_c.o

Memory Configuration

Name             Origin             Length             Attributes
*default*        0x0000000000000000 0xffffffffffffffff

Linker script and memory map

                0xffff000000000000                . = 0xffff000000000000

.text.boot      0xffff000000000000      0x1d0
 *(.text.boot)
 .text.boot     0xffff000000000000      0x1d0 build/kernel/boot_s.o
                0xffff000000000000                _start
                0xffff000000000018                enable_cache
                0xffff000000001000                . = ALIGN (0x1000)
                0xffff000000001000                user_begin = .

.text.user      0xffff000000001000      0x6a4
 build/user*(.text)
 .text          0xffff000000001000      0x590 build/user_shell/terminal_c.o
                0xffff000000001000                shell_user_process
 .text.user     0xffff000000001590      0x114 build/app/user_sys_s.o
                0xffff000000001590                user_delay
                0xffff00000000159c                call_sys_write
                0xffff0000000015a8                call_sys_write_int
                0xffff0000000015b4                call_sys_exit
                0xffff0000000015c0                call_sys_fork
                0xffff0000000015cc                call_sys_led
                0xffff0000000015d8                call_sys_read
                0xffff0000000015e4                thread_create
                0xffff0000000015f0                thread_self
                0xffff0000000015fc                thread_join
                0xffff000000001608                thread_cond_signal
                0xffff000000001614                call_sys_list
                0xffff000000001620                call_sys_cd
                0xffff00000000162c                call_sys_dump
                0xffff000000001638                call_sys_root
                0xffff000000001644                call_sys_mod
                0xffff000000001650                call_sys_send
                0xffff00000000165c                call_sys_recv
                0xffff000000001668                thread_mutex_trylock
                0xffff000000001674                thread_mutex_lock
                0xffff000000001680                thread_mutex_unlock
                0xffff00000000168c                thread_equal

.rodata.user    0xffff0000000016a8       0xac
 build/user*(.rodata)
 .rodata        0xffff0000000016a8       0xac build/user_shell/terminal_c.o

.data.user      0xffff000000001754        0x0
 build/user*(.data)
 .data          0xffff000000001754        0x0 build/user_shell/terminal_c.o

.bss.user       0xffff000000001754        0x4
 build/user*(.bss)
 .bss           0xffff000000001754        0x4 build/user_shell/terminal_c.o
                0xffff000000001758                user_end = .

.text           0xffff000000001800     0x7a04
 *(.text)
 .text          0xffff000000001800      0x694 build/file_system/fat_c.o
                0xffff000000001800                fat_getpartition
                0xffff0000000019dc                fat_getcluster
                0xffff000000001b6c                fat_readfile
                0xffff000000001db0                fat_listdirectory
 .text          0xffff000000001e94      0xfc8 build/file_system/fs_c.o
                0xffff000000001e94                build_root
                0xffff000000001eb4                search_file
                0xffff000000002064                list
                0xffff0000000022dc                dump
                0xffff0000000025d0                cd
                0xffff00000000264c                cd_root
                0xffff00000000269c                mod_file
                0xffff00000000281c                find_sec_addr
                0xffff00000000296c                check_file_format
                0xffff000000002a98                string_table
                0xffff000000002ad8                get_string
                0xffff000000002d5c                fs_daemon
 .text          0xffff000000002e5c       0xac build/proc_manager/irq_c.o
                0xffff000000002e5c                enable_interrupt_controller
                0xffff000000002e84                show_invalid_entry_message
                0xffff000000002ec8                handle_irq
 .text          0xffff000000002f08      0x554 build/proc_manager/sched_c.o
                0xffff000000002f08                preempt_disable
                0xffff000000002f3c                preempt_enable
                0xffff000000002f70                _schedule
                0xffff0000000031cc                schedule
                0xffff0000000031f8                switch_to
                0xffff000000003370                schedule_tail
                0xffff000000003388                timer_tick
                0xffff000000003414                timer3_tick
                0xffff00000000341c                exit_process
 .text          0xffff00000000345c      0x750 build/proc_manager/pm_deamon_c.o
                0xffff00000000345c                pm_daemon
                0xffff0000000038e4                reply
                0xffff00000000390c                accept_reply
                0xffff000000003950                recieve_msg
                0xffff000000003a48                send_msg
 .text          0xffff000000003bac      0x1cc build/proc_manager/timer_c.o
                0xffff000000003bac                timer_init
                0xffff000000003c24                handle_timer_irq
                0xffff000000003c94                get_system_timer
                0xffff000000003d2c                wait_msec_st
 .text          0xffff000000003d78      0x6f8 build/memory_manager/mm_c.o
                0xffff000000003d78                allocate_kernel_page
                0xffff000000003db0                allocate_pcb_space
                0xffff000000003e74                allocate_user_page
                0xffff000000003ec4                get_free_page
                0xffff000000003f5c                free_page
                0xffff000000003f88                map_table_entry
                0xffff000000003fe4                map_table
                0xffff0000000040a0                map_page
                0xffff0000000042d4                copy_virt_memory
                0xffff0000000043dc                do_mem_abort
 .text          0xffff000000004470       0x14 build/proc_manager/thread/thread_exit_c.o
                0xffff000000004470                pthread_exit
 .text          0xffff000000004484       0xe8 build/proc_manager/thread/thread_mutex_lock_c.o
                0xffff000000004484                _thread_mutex_lock
                0xffff000000004518                thread_enqueue
 .text          0xffff00000000456c       0x2c build/proc_manager/thread/thread_cond_timewait_c.o
                0xffff00000000456c                thread_cond_timewait
 .text          0xffff000000004598       0x18 build/proc_manager/thread/thread_yield_c.o
                0xffff000000004598                thread_yield
 .text          0xffff0000000045b0       0x14 build/proc_manager/thread/thread_self_c.o
                0xffff0000000045b0                thread_id_self
 .text          0xffff0000000045c4       0x94 build/proc_manager/thread/thread_cond_wait_c.o
                0xffff0000000045c4                thread_cond_wait
                0xffff0000000045ec                thread_cond_timedwait_internal
                0xffff000000004628                thread_block
 .text          0xffff000000004658       0xbc build/proc_manager/thread/thread_mutex_unlock_c.o
                0xffff000000004658                _thread_mutex_unlock
                0xffff0000000046a0                thread_dequeue
 .text          0xffff000000004714       0x34 build/proc_manager/thread/thread_cond_signal_c.o
                0xffff000000004714                _thread_cond_signal
 .text          0xffff000000004748       0x28 build/proc_manager/thread/thread_mutex_trylock_c.o
                0xffff000000004748                _thread_mutex_trylock
 .text          0xffff000000004770      0x2e4 build/proc_manager/thread/thread_create_c.o
                0xffff000000004770                thread_end
                0xffff000000004790                error
                0xffff0000000047c0                _thread_create
 .text          0xffff000000004a54       0xa0 build/proc_manager/thread/thread_join_c.o
                0xffff000000004a54                _thread_join
 .text          0xffff000000004af4      0x978 build/kernel/printf_c.o
                0xffff000000004e80                tfp_format
                0xffff0000000052c8                init_printf
                0xffff000000005300                tfp_printf
                0xffff0000000053d4                tfp_sprintf
 .text          0xffff00000000546c       0x38 build/kernel/kernel_mod_ipc_test_c.o
                0xffff00000000546c                ipc_test
 .text          0xffff0000000054a4      0x268 build/kernel/kernel_c.o
                0xffff0000000054a4                kernel_process
                0xffff000000005528                mod_process
                0xffff00000000556c                kernel_main
 .text          0xffff00000000570c      0x484 build/device/mini_uart_c.o
                0xffff00000000570c                uart_send
                0xffff000000005760                uart_recv
                0xffff0000000057a8                uart_send_string
                0xffff000000005800                uart_init
                0xffff000000005944                set_gpio
                0xffff0000000059c0                uart_puts
                0xffff000000005a18                uart_hex
                0xffff000000005a98                putc
                0xffff000000005abc                pr_int
                0xffff000000005b74                pr_T
 .text          0xffff000000005b90       0xb4 build/device/delays_c.o
                0xffff000000005b90                wait_cycles
                0xffff000000005bcc                wait_msec
 .text          0xffff000000005c44       0x64 build/device/led_blink_c.o
                0xffff000000005c44                led_blink
 .text          0xffff000000005ca8     0x13f0 build/device/sd_c.o
                0xffff000000005ca8                sd_status
                0xffff000000005d68                sd_int
                0xffff000000005e84                sd_cmd
                0xffff0000000061c8                sd_readblock
                0xffff000000006484                sd_clk
                0xffff0000000067a8                sd_init
 .text          0xffff000000007098      0x394 build/app/sys_c.o
                0xffff000000007098                sys_write
                0xffff0000000070b8                sys_write_int
                0xffff0000000070d8                sys_fork
                0xffff0000000070fc                sys_exit
                0xffff000000007114                sys_led
                0xffff00000000712c                sys_read
                0xffff000000007144                sys_create_thread
                0xffff000000007178                sys_thread_self
                0xffff00000000718c                sys_thread_join
                0xffff0000000071b4                sys_thread_exit
                0xffff0000000071c8                sys_thread_signal
                0xffff0000000071e8                sys_list_file
                0xffff000000007200                sys_cd_folder
                0xffff000000007220                sys_dump_file
                0xffff000000007240                sys_root_file
                0xffff00000000725c                sys_mod_file
                0xffff00000000727c                sys_mutex_trylock
                0xffff00000000729c                sys_mutex_lock
                0xffff0000000072bc                sys_mutex_unlock
                0xffff0000000072dc                sys_send_msg
                0xffff0000000073f4                sys_recieve_msg
 .text          0xffff00000000742c       0x30 build/app/user_sys_ipc_c.o
                0xffff00000000742c                call_send_msg
 .text          0xffff00000000745c      0x474 build/app/fork_c.o
                0xffff00000000745c                copy_process
                0xffff0000000077e4                move_to_user_mode
                0xffff0000000078b0                task_pt_regs
 .text          0xffff0000000078d0       0x1c build/proc_manager/irq_s.o
                0xffff0000000078d0                irq_vector_init
                0xffff0000000078dc                enable_irq
                0xffff0000000078e4                disable_irq
 .text          0xffff0000000078ec       0x50 build/proc_manager/sched_s.o
                0xffff0000000078ec                cpu_switch_to
 .text          0xffff00000000793c       0x4c build/memory_manager/mm_s.o
                0xffff00000000793c                memcpy
                0xffff000000007950                memcmp
                0xffff000000007978                memzero
 *fill*         0xffff000000007988      0x678 
 .text          0xffff000000008000     0x1138 build/kernel/entry_s.o
                0xffff000000008000                vectors
                0xffff0000000090c4                ret_from_fork
                0xffff000000009134                err_hang
 .text          0xffff000000009138        0x0 build/kernel/boot_s.o
 .text          0xffff000000009138       0xcc build/device/utils_s.o
                0xffff000000009138                get_el
                0xffff000000009144                put32
                0xffff00000000914c                get32
                0xffff000000009154                delay
                0xffff000000009160                set_pgd
                0xffff000000009174                get_pgd
                0xffff000000009194                try_lock
                0xffff0000000091b8                unlock
                0xffff0000000091d0                trytry_lock
                0xffff0000000091dc                semaphore_take
                0xffff0000000091fc                error_unlock
 .text          0xffff000000009204        0x0 build/app/user_sys_s.o

.iplt           0xffff000000009204        0x0
 .iplt          0xffff000000009204        0x0 build/file_system/fat_c.o

.rodata         0xffff000000009208      0x961
 *(.rodata)
 .rodata        0xffff000000009208       0xb6 build/file_system/fat_c.o
 *fill*         0xffff0000000092be        0x2 
 .rodata        0xffff0000000092c0      0x114 build/file_system/fs_c.o
 *fill*         0xffff0000000093d4        0x4 
 .rodata        0xffff0000000093d8      0x1bb build/proc_manager/irq_c.o
 *fill*         0xffff000000009593        0x5 
 .rodata        0xffff000000009598       0xa6 build/proc_manager/pm_deamon_c.o
 *fill*         0xffff00000000963e        0x2 
 .rodata        0xffff000000009640        0x4 build/proc_manager/timer_c.o
                0xffff000000009640                interval
 *fill*         0xffff000000009644        0x4 
 .rodata        0xffff000000009648       0x5b build/memory_manager/mm_c.o
 *fill*         0xffff0000000096a3        0x5 
 .rodata        0xffff0000000096a8       0x51 build/proc_manager/thread/thread_create_c.o
 *fill*         0xffff0000000096f9        0x7 
 .rodata        0xffff000000009700        0x5 build/proc_manager/thread/thread_join_c.o
 *fill*         0xffff000000009705        0x3 
 .rodata        0xffff000000009708       0x51 build/kernel/kernel_mod_ipc_test_c.o
 *fill*         0xffff000000009759        0x7 
 .rodata        0xffff000000009760       0xd1 build/kernel/kernel_c.o
 *fill*         0xffff000000009831        0x7 
 .rodata        0xffff000000009838      0x244 build/device/sd_c.o
 *fill*         0xffff000000009a7c        0x4 
 .rodata        0xffff000000009a80       0xa8 build/app/sys_c.o
                0xffff000000009a80                sys_call_table
 .rodata        0xffff000000009b28       0x41 build/app/fork_c.o

.rela.dyn       0xffff000000009b70        0x0
 .rela.iplt     0xffff000000009b70        0x0 build/file_system/fat_c.o

.data           0xffff000000009b70      0x6b4
 *(.data)
 .data          0xffff000000009b70        0x0 build/file_system/fat_c.o
 .data          0xffff000000009b70        0x0 build/file_system/fs_c.o
 .data          0xffff000000009b70       0x90 build/proc_manager/irq_c.o
                0xffff000000009b70                entry_error_messages
 .data          0xffff000000009c00      0x61c build/proc_manager/sched_c.o
                0xffff000000009c00                init_priority
                0xffff000000009c08                init_flags
                0xffff000000009c10                init_task_0
                0xffff000000009d80                init_task_1
                0xffff000000009ef0                init_task_2
                0xffff00000000a060                init_task_3
                0xffff00000000a1d0                current
                0xffff00000000a1d8                task_prio_table
                0xffff00000000a1f8                head
                0xffff00000000a218                nr_tasks
 .data          0xffff00000000a21c        0x0 build/proc_manager/pm_deamon_c.o
 .data          0xffff00000000a21c        0x0 build/proc_manager/timer_c.o
 .data          0xffff00000000a21c        0x4 build/memory_manager/mm_c.o
 .data          0xffff00000000a220        0x0 build/proc_manager/thread/thread_exit_c.o
 .data          0xffff00000000a220        0x0 build/proc_manager/thread/thread_mutex_lock_c.o
 .data          0xffff00000000a220        0x0 build/proc_manager/thread/thread_cond_timewait_c.o
 .data          0xffff00000000a220        0x0 build/proc_manager/thread/thread_yield_c.o
 .data          0xffff00000000a220        0x0 build/proc_manager/thread/thread_self_c.o
 .data          0xffff00000000a220        0x0 build/proc_manager/thread/thread_cond_wait_c.o
 .data          0xffff00000000a220        0x0 build/proc_manager/thread/thread_mutex_unlock_c.o
 .data          0xffff00000000a220        0x0 build/proc_manager/thread/thread_cond_signal_c.o
 .data          0xffff00000000a220        0x0 build/proc_manager/thread/thread_mutex_trylock_c.o
 .data          0xffff00000000a220        0x0 build/proc_manager/thread/thread_create_c.o
 .data          0xffff00000000a220        0x0 build/proc_manager/thread/thread_join_c.o
 .data          0xffff00000000a220        0x0 build/kernel/printf_c.o
 .data          0xffff00000000a220        0x0 build/kernel/kernel_mod_ipc_test_c.o
 .data          0xffff00000000a220        0x4 build/kernel/kernel_c.o
                0xffff00000000a220                c
 .data          0xffff00000000a224        0x0 build/device/mini_uart_c.o
 .data          0xffff00000000a224        0x0 build/device/delays_c.o
 .data          0xffff00000000a224        0x0 build/device/led_blink_c.o
 .data          0xffff00000000a224        0x0 build/device/sd_c.o
 .data          0xffff00000000a224        0x0 build/app/sys_c.o
 .data          0xffff00000000a224        0x0 build/app/user_sys_ipc_c.o
 .data          0xffff00000000a224        0x0 build/app/fork_c.o
 .data          0xffff00000000a224        0x0 build/proc_manager/irq_s.o
 .data          0xffff00000000a224        0x0 build/proc_manager/sched_s.o
 .data          0xffff00000000a224        0x0 build/memory_manager/mm_s.o
 .data          0xffff00000000a224        0x0 build/kernel/entry_s.o
 .data          0xffff00000000a224        0x0 build/kernel/boot_s.o
 .data          0xffff00000000a224        0x0 build/device/utils_s.o
 .data          0xffff00000000a224        0x0 build/app/user_sys_s.o

.igot.plt       0xffff00000000a228        0x0
 .igot.plt      0xffff00000000a228        0x0 build/file_system/fat_c.o
                0xffff00000000a228                . = ALIGN (0x8)
                0xffff00000000a228                bss_begin = .

.bss            0xffff00000000a228    0x87dd0
 *(.bss*)
 .bss           0xffff00000000a228        0x4 build/file_system/fat_c.o
 *fill*         0xffff00000000a22c        0x4 
 .bss           0xffff00000000a230      0x104 build/file_system/fs_c.o
                0xffff00000000a230                fs_mail
 .bss           0xffff00000000a334        0x0 build/proc_manager/irq_c.o
 *fill*         0xffff00000000a334        0x4 
 .bss           0xffff00000000a338      0x224 build/proc_manager/sched_c.o
                0xffff00000000a338                init_cpu
                0xffff00000000a3a0                init_state
                0xffff00000000a3a8                init_counter
                0xffff00000000a3b0                init_preempt_count
                0xffff00000000a3b8                init_mm
                0xffff00000000a550                next
 *fill*         0xffff00000000a55c        0x4 
 .bss           0xffff00000000a560      0x628 build/proc_manager/pm_deamon_c.o
                0xffff00000000a560                ipc_index_pop
 .bss           0xffff00000000ab88        0x4 build/proc_manager/timer_c.o
                0xffff00000000ab88                curVal
 *fill*         0xffff00000000ab8c        0x4 
 .bss           0xffff00000000ab90    0x7d808 build/memory_manager/mm_c.o
 .bss           0xffff000000088398        0x0 build/proc_manager/thread/thread_exit_c.o
 .bss           0xffff000000088398        0x0 build/proc_manager/thread/thread_mutex_lock_c.o
 .bss           0xffff000000088398        0x0 build/proc_manager/thread/thread_cond_timewait_c.o
 .bss           0xffff000000088398        0x0 build/proc_manager/thread/thread_yield_c.o
 .bss           0xffff000000088398        0x0 build/proc_manager/thread/thread_self_c.o
 .bss           0xffff000000088398        0x0 build/proc_manager/thread/thread_cond_wait_c.o
 .bss           0xffff000000088398        0x0 build/proc_manager/thread/thread_mutex_unlock_c.o
 .bss           0xffff000000088398        0x0 build/proc_manager/thread/thread_cond_signal_c.o
 .bss           0xffff000000088398        0x0 build/proc_manager/thread/thread_mutex_trylock_c.o
 .bss           0xffff000000088398     0x8004 build/proc_manager/thread/thread_create_c.o
                0xffff000000088398                thread_id_table
 .bss           0xffff00000009039c        0x0 build/proc_manager/thread/thread_join_c.o
 *fill*         0xffff00000009039c        0x4 
 .bss           0xffff0000000903a0       0x10 build/kernel/printf_c.o
 .bss           0xffff0000000903b0        0x0 build/kernel/kernel_mod_ipc_test_c.o
 .bss           0xffff0000000903b0        0x0 build/kernel/kernel_c.o
 .bss           0xffff0000000903b0        0x0 build/device/mini_uart_c.o
 .bss           0xffff0000000903b0        0x0 build/device/delays_c.o
 .bss           0xffff0000000903b0        0x0 build/device/led_blink_c.o
 .bss           0xffff0000000903b0        0x0 build/device/sd_c.o
 .bss           0xffff0000000903b0        0x4 build/app/sys_c.o
                0xffff0000000903b0                ipc_index_push
 .bss           0xffff0000000903b4        0x0 build/app/user_sys_ipc_c.o
 .bss           0xffff0000000903b4        0x0 build/app/fork_c.o
 .bss           0xffff0000000903b4        0x0 build/proc_manager/irq_s.o
 .bss           0xffff0000000903b4        0x0 build/proc_manager/sched_s.o
 .bss           0xffff0000000903b4        0x0 build/memory_manager/mm_s.o
 .bss           0xffff0000000903b4        0x0 build/kernel/entry_s.o
 .bss           0xffff0000000903b4        0x0 build/kernel/boot_s.o
 .bss           0xffff0000000903b4        0x0 build/device/utils_s.o
 .bss           0xffff0000000903b4        0x0 build/app/user_sys_s.o
 *fill*         0xffff0000000903b4        0x4 
 COMMON         0xffff0000000903b8        0x8 build/file_system/fat_c.o
                0xffff0000000903b8                dir
 COMMON         0xffff0000000903c0     0x15a8 build/file_system/fs_c.o
                0xffff0000000903c0                map_array
                0xffff0000000913c0                origin
                0xffff0000000913c8                move_sec
                0xffff000000091428                mutex
                0xffff000000091448                task
                0xffff000000091648                file_dir
 COMMON         0xffff000000091968       0x50 build/proc_manager/sched_c.o
                0xffff000000091968                prev_childregs
                0xffff000000091970                page_prev
                0xffff000000091978                prev_real_regs
                0xffff000000091980                page_next
                0xffff000000091988                next_real_regs
                0xffff000000091990                prev_real
                0xffff000000091998                next_real
                0xffff0000000919a0                prev
                0xffff0000000919a8                init_page
                0xffff0000000919b0                next_childregs
 COMMON         0xffff0000000919b8      0x600 build/proc_manager/pm_deamon_c.o
                0xffff0000000919b8                user_ipc_mail
 COMMON         0xffff000000091fb8       0x10 build/kernel/kernel_c.o
                0xffff000000091fb8                fat_addr
                0xffff000000091fc0                user_page_start
 COMMON         0xffff000000091fc8       0x30 build/device/sd_c.o
                0xffff000000091fc8                sd_ocr
                0xffff000000091fd0                sd_err
                0xffff000000091fd8                sd_rca
                0xffff000000091fe0                sd_scr
                0xffff000000091ff0                sd_hv
                0xffff000000091ff8                bss_end = .
                0xffff000000092000                . = ALIGN (0x1000)
                0xffff000000092000                pg_dir = .

.data.pgd       0xffff000000092000     0x3000
                0xffff000000095000                . = (. + 0x3000)
 *fill*         0xffff000000092000     0x3000 
                0xffff000000095000                _end = .
LOAD build/file_system/fat_c.o
LOAD build/file_system/fs_c.o
LOAD build/proc_manager/irq_c.o
LOAD build/proc_manager/sched_c.o
LOAD build/proc_manager/pm_deamon_c.o
LOAD build/proc_manager/timer_c.o
LOAD build/memory_manager/mm_c.o
LOAD build/proc_manager/thread/thread_exit_c.o
LOAD build/proc_manager/thread/thread_mutex_lock_c.o
LOAD build/proc_manager/thread/thread_cond_timewait_c.o
LOAD build/proc_manager/thread/thread_yield_c.o
LOAD build/proc_manager/thread/thread_self_c.o
LOAD build/proc_manager/thread/thread_cond_wait_c.o
LOAD build/proc_manager/thread/thread_mutex_unlock_c.o
LOAD build/proc_manager/thread/thread_cond_signal_c.o
LOAD build/proc_manager/thread/thread_mutex_trylock_c.o
LOAD build/proc_manager/thread/thread_create_c.o
LOAD build/proc_manager/thread/thread_join_c.o
LOAD build/kernel/printf_c.o
LOAD build/kernel/kernel_mod_ipc_test_c.o
LOAD build/kernel/kernel_c.o
LOAD build/device/mini_uart_c.o
LOAD build/device/delays_c.o
LOAD build/device/led_blink_c.o
LOAD build/device/sd_c.o
LOAD build/app/sys_c.o
LOAD build/app/user_sys_ipc_c.o
LOAD build/app/fork_c.o
LOAD build/user_shell/terminal_c.o
LOAD build/proc_manager/irq_s.o
LOAD build/proc_manager/sched_s.o
LOAD build/memory_manager/mm_s.o
LOAD build/kernel/entry_s.o
LOAD build/kernel/boot_s.o
LOAD build/device/utils_s.o
LOAD build/app/user_sys_s.o
OUTPUT(build/kernel8.elf elf64-littleaarch64)

.comment        0x0000000000000000       0x3b
 .comment       0x0000000000000000       0x3b build/file_system/fat_c.o
                                         0x3c (size before relaxing)
 .comment       0x000000000000003b       0x3c build/file_system/fs_c.o
 .comment       0x000000000000003b       0x3c build/proc_manager/irq_c.o
 .comment       0x000000000000003b       0x3c build/proc_manager/sched_c.o
 .comment       0x000000000000003b       0x3c build/proc_manager/pm_deamon_c.o
 .comment       0x000000000000003b       0x3c build/proc_manager/timer_c.o
 .comment       0x000000000000003b       0x3c build/memory_manager/mm_c.o
 .comment       0x000000000000003b       0x3c build/proc_manager/thread/thread_exit_c.o
 .comment       0x000000000000003b       0x3c build/proc_manager/thread/thread_mutex_lock_c.o
 .comment       0x000000000000003b       0x3c build/proc_manager/thread/thread_cond_timewait_c.o
 .comment       0x000000000000003b       0x3c build/proc_manager/thread/thread_yield_c.o
 .comment       0x000000000000003b       0x3c build/proc_manager/thread/thread_self_c.o
 .comment       0x000000000000003b       0x3c build/proc_manager/thread/thread_cond_wait_c.o
 .comment       0x000000000000003b       0x3c build/proc_manager/thread/thread_mutex_unlock_c.o
 .comment       0x000000000000003b       0x3c build/proc_manager/thread/thread_cond_signal_c.o
 .comment       0x000000000000003b       0x3c build/proc_manager/thread/thread_mutex_trylock_c.o
 .comment       0x000000000000003b       0x3c build/proc_manager/thread/thread_create_c.o
 .comment       0x000000000000003b       0x3c build/proc_manager/thread/thread_join_c.o
 .comment       0x000000000000003b       0x3c build/kernel/printf_c.o
 .comment       0x000000000000003b       0x3c build/kernel/kernel_mod_ipc_test_c.o
 .comment       0x000000000000003b       0x3c build/kernel/kernel_c.o
 .comment       0x000000000000003b       0x3c build/device/mini_uart_c.o
 .comment       0x000000000000003b       0x3c build/device/delays_c.o
 .comment       0x000000000000003b       0x3c build/device/led_blink_c.o
 .comment       0x000000000000003b       0x3c build/device/sd_c.o
 .comment       0x000000000000003b       0x3c build/app/sys_c.o
 .comment       0x000000000000003b       0x3c build/app/user_sys_ipc_c.o
 .comment       0x000000000000003b       0x3c build/app/fork_c.o
 .comment       0x000000000000003b       0x3c build/user_shell/terminal_c.o

.note.GNU-stack
                0x0000000000000000        0x0
 .note.GNU-stack
                0x0000000000000000        0x0 build/file_system/fat_c.o
 .note.GNU-stack
                0x0000000000000000        0x0 build/file_system/fs_c.o
 .note.GNU-stack
                0x0000000000000000        0x0 build/proc_manager/irq_c.o
 .note.GNU-stack
                0x0000000000000000        0x0 build/proc_manager/sched_c.o
 .note.GNU-stack
                0x0000000000000000        0x0 build/proc_manager/pm_deamon_c.o
 .note.GNU-stack
                0x0000000000000000        0x0 build/proc_manager/timer_c.o
 .note.GNU-stack
                0x0000000000000000        0x0 build/memory_manager/mm_c.o
 .note.GNU-stack
                0x0000000000000000        0x0 build/proc_manager/thread/thread_exit_c.o
 .note.GNU-stack
                0x0000000000000000        0x0 build/proc_manager/thread/thread_mutex_lock_c.o
 .note.GNU-stack
                0x0000000000000000        0x0 build/proc_manager/thread/thread_cond_timewait_c.o
 .note.GNU-stack
                0x0000000000000000        0x0 build/proc_manager/thread/thread_yield_c.o
 .note.GNU-stack
                0x0000000000000000        0x0 build/proc_manager/thread/thread_self_c.o
 .note.GNU-stack
                0x0000000000000000        0x0 build/proc_manager/thread/thread_cond_wait_c.o
 .note.GNU-stack
                0x0000000000000000        0x0 build/proc_manager/thread/thread_mutex_unlock_c.o
 .note.GNU-stack
                0x0000000000000000        0x0 build/proc_manager/thread/thread_cond_signal_c.o
 .note.GNU-stack
                0x0000000000000000        0x0 build/proc_manager/thread/thread_mutex_trylock_c.o
 .note.GNU-stack
                0x0000000000000000        0x0 build/proc_manager/thread/thread_create_c.o
 .note.GNU-stack
                0x0000000000000000        0x0 build/proc_manager/thread/thread_join_c.o
 .note.GNU-stack
                0x0000000000000000        0x0 build/kernel/printf_c.o
 .note.GNU-stack
                0x0000000000000000        0x0 build/kernel/kernel_mod_ipc_test_c.o
 .note.GNU-stack
                0x0000000000000000        0x0 build/kernel/kernel_c.o
 .note.GNU-stack
                0x0000000000000000        0x0 build/device/mini_uart_c.o
 .note.GNU-stack
                0x0000000000000000        0x0 build/device/delays_c.o
 .note.GNU-stack
                0x0000000000000000        0x0 build/device/led_blink_c.o
 .note.GNU-stack
                0x0000000000000000        0x0 build/device/sd_c.o
 .note.GNU-stack
                0x0000000000000000        0x0 build/app/sys_c.o
 .note.GNU-stack
                0x0000000000000000        0x0 build/app/user_sys_ipc_c.o
 .note.GNU-stack
                0x0000000000000000        0x0 build/app/fork_c.o
 .note.GNU-stack
                0x0000000000000000        0x0 build/user_shell/terminal_c.o
