
Memory Configuration

Name             Origin             Length             Attributes
*default*        0x0000000000000000 0xffffffffffffffff

Linker script and memory map


.text           0x0000000000000000      0x210
 *(.text)
 .text          0x0000000000000000      0x210 user.o
                0x0000000000000000                try
                0x0000000000000018                loop
                0x0000000000000090                add
                0x00000000000000f4                user_process_1
 .text          0x0000000000000210        0x0 user_sys.o

.iplt           0x0000000000000210        0x0
 .iplt          0x0000000000000210        0x0 user.o

.text.user      0x0000000000000210       0xd8
 .text.user     0x0000000000000210       0xd8 user_sys.o
                0x0000000000000210                user_delay
                0x000000000000021c                call_sys_write
                0x0000000000000228                call_sys_write_int
                0x0000000000000234                call_sys_exit
                0x0000000000000240                call_sys_fork
                0x000000000000024c                call_sys_led
                0x0000000000000258                call_sys_read
                0x0000000000000264                thread_create
                0x0000000000000270                thread_self
                0x000000000000027c                thread_join
                0x0000000000000288                thread_signal
                0x0000000000000294                call_sys_list
                0x00000000000002a0                call_sys_cd
                0x00000000000002ac                call_sys_dump
                0x00000000000002b8                call_sys_root
                0x00000000000002c4                call_sys_mod
                0x00000000000002d0                thread_equal

.rodata         0x00000000000002e8       0xc6
 *(.rodata)
 .rodata        0x00000000000002e8       0xc6 user.o

.rela.dyn       0x00000000000003b0        0x0
 .rela.iplt     0x00000000000003b0        0x0 user.o

.data           0x00000000000003ae        0x0
 *(.data)
 .data          0x00000000000003ae        0x0 user.o
 .data          0x00000000000003ae        0x0 user_sys.o

.igot.plt       0x00000000000003b0        0x0
 .igot.plt      0x00000000000003b0        0x0 user.o

.bss            0x00000000000003b0        0xc
 *(.bss*)
 .bss           0x00000000000003b0        0xc user.o
                0x00000000000003b0                t
                0x00000000000003b4                thread
                0x00000000000003b8                thread_2
 .bss           0x00000000000003bc        0x0 user_sys.o
LOAD user.o
LOAD user_sys.o
OUTPUT(test.elf elf64-littleaarch64)

.comment        0x0000000000000000       0x3b
 .comment       0x0000000000000000       0x3b user.o
                                         0x3c (size before relaxing)

.note.GNU-stack
                0x0000000000000000        0x0
 .note.GNU-stack
                0x0000000000000000        0x0 user.o
