
Memory Configuration

Name             Origin             Length             Attributes
*default*        0x0000000000000000 0xffffffffffffffff

Linker script and memory map


.text           0x0000000000000000      0x210
 *(.text)
 .text          0x0000000000000000      0x210 user.o
                0x0000000000000000                user_process_1
                0x000000000000011c                try
                0x0000000000000134                loop
                0x00000000000001ac                add
 .text          0x0000000000000210        0x0 user_sys.o

.iplt           0x0000000000000210        0x0
 .iplt          0x0000000000000210        0x0 user.o

.text.user      0x0000000000000210      0x114
 .text.user     0x0000000000000210      0x114 user_sys.o
                0x0000000000000210                user_delay
                0x000000000000021c                call_sys_write
                0x0000000000000228                call_sys_write_int
                0x0000000000000234                call_sys_exit
                0x0000000000000240                call_sys_fork
                0x000000000000024c                call_sys_led
                0x0000000000000258                call_sys_read
                0x0000000000000264                thread_create
                0x0000000000000270                thread_self
                0x000000000000027c                thread_join
                0x0000000000000288                thread_cond_signal
                0x0000000000000294                call_sys_list
                0x00000000000002a0                call_sys_cd
                0x00000000000002ac                call_sys_dump
                0x00000000000002b8                call_sys_root
                0x00000000000002c4                call_sys_mod
                0x00000000000002d0                call_sys_send
                0x00000000000002dc                call_sys_recv
                0x00000000000002e8                thread_mutex_trylock
                0x00000000000002f4                thread_mutex_lock
                0x0000000000000300                thread_mutex_unlock
                0x000000000000030c                thread_equal

.rodata         0x0000000000000328       0xc3
 *(.rodata)
 .rodata        0x0000000000000328       0xc3 user.o

.rela.dyn       0x00000000000003f0        0x0
 .rela.iplt     0x00000000000003f0        0x0 user.o

.data           0x00000000000003eb        0x0
 *(.data)
 .data          0x00000000000003eb        0x0 user.o
 .data          0x00000000000003eb        0x0 user_sys.o

.igot.plt       0x00000000000003f0        0x0
 .igot.plt      0x00000000000003f0        0x0 user.o

.bss            0x00000000000003ec        0xc
 *(.bss*)
 .bss           0x00000000000003ec        0xc user.o
                0x00000000000003ec                t
                0x00000000000003f0                thread
                0x00000000000003f4                thread_2
 .bss           0x00000000000003f8        0x0 user_sys.o
LOAD user.o
LOAD user_sys.o
OUTPUT(test.elf elf64-littleaarch64)

.comment        0x0000000000000000       0x3b
 .comment       0x0000000000000000       0x3b user.o
                                         0x3c (size before relaxing)

.note.GNU-stack
                0x0000000000000000        0x0
 .note.GNU-stack
                0x0000000000000000        0x0 user.o
