
Allocating common symbols
Common symbol       size              file

mutex               0x20              user.o

Memory Configuration

Name             Origin             Length             Attributes
*default*        0x0000000000000000 0xffffffffffffffff

Linker script and memory map


.text           0x0000000000000000       0x44
 *(.text)
 .text          0x0000000000000000       0x44 user.o
                0x0000000000000000                main
                0x0000000000000020                thread_run
 .text          0x0000000000000044        0x0 user_sys.o

.iplt           0x0000000000000044        0x0
 .iplt          0x0000000000000044        0x0 user.o

.text.user      0x0000000000000044      0x114
 .text.user     0x0000000000000044      0x114 user_sys.o
                0x0000000000000044                user_delay
                0x0000000000000050                call_sys_write
                0x000000000000005c                call_sys_write_int
                0x0000000000000068                call_sys_exit
                0x0000000000000074                call_sys_fork
                0x0000000000000080                call_sys_led
                0x000000000000008c                call_sys_read
                0x0000000000000098                thread_create
                0x00000000000000a4                thread_self
                0x00000000000000b0                thread_join
                0x00000000000000bc                thread_cond_signal
                0x00000000000000c8                call_sys_list
                0x00000000000000d4                call_sys_cd
                0x00000000000000e0                call_sys_dump
                0x00000000000000ec                call_sys_root
                0x00000000000000f8                call_sys_mod
                0x0000000000000104                call_sys_send
                0x0000000000000110                call_sys_recv
                0x000000000000011c                thread_mutex_trylock
                0x0000000000000128                thread_mutex_lock
                0x0000000000000134                thread_mutex_unlock
                0x0000000000000140                thread_equal

.rela.dyn       0x0000000000000158        0x0
 .rela.iplt     0x0000000000000158        0x0 user.o

.rodata
 *(.rodata)

.data           0x0000000000000158        0x0
 *(.data)
 .data          0x0000000000000158        0x0 user.o
 .data          0x0000000000000158        0x0 user_sys.o

.igot.plt       0x0000000000000158        0x0
 .igot.plt      0x0000000000000158        0x0 user.o

.bss            0x0000000000000158       0x28
 *(.bss*)
 .bss           0x0000000000000158        0x4 user.o
                0x0000000000000158                count
 .bss           0x000000000000015c        0x0 user_sys.o
 *fill*         0x000000000000015c        0x4 
 COMMON         0x0000000000000160       0x20 user.o
                0x0000000000000160                mutex
LOAD user.o
LOAD user_sys.o
OUTPUT(test.elf elf64-littleaarch64)

.comment        0x0000000000000000       0x3b
 .comment       0x0000000000000000       0x3b user.o
                                         0x3c (size before relaxing)

.note.GNU-stack
                0x0000000000000000        0x0
 .note.GNU-stack
                0x0000000000000000        0x0 user.o
